Command line invocation:
    /Applications/Xcode.app/Contents/Developer/usr/bin/xcodebuild -project PingMonitor.xcodeproj -scheme PingMonitor -configuration Release build

2026-03-03 08:43:55.087 xcodebuild[35787:1295309] [MT] IDERunDestination: Supported platforms for the buildables in the current scheme is empty.
--- xcodebuild: WARNING: Using the first of multiple matching destinations:
{ platform:macOS, arch:arm64, id:00006040-0014108801F8801C, name:My Mac }
{ platform:macOS, arch:x86_64, id:00006040-0014108801F8801C, name:My Mac }
{ platform:macOS, name:Any Mac }
ComputePackagePrebuildTargetDependencyGraph

Prepare packages

CreateBuildRequest

SendProjectDescription

CreateBuildOperation

ComputeTargetDependencyGraph
note: Building targets in dependency order
note: Target dependency graph (2 targets)
    Target 'PingMonitor' in project 'PingMonitor'
        ➜ Explicit dependency on target 'PingMonitorWidget' in project 'PingMonitor'
    Target 'PingMonitorWidget' in project 'PingMonitor' (no dependencies)

GatherProvisioningInputs

CreateBuildDescription

ExecuteExternalTool /Applications/Xcode.app/Contents/Developer/Toolchains/XcodeDefault.xctoolchain/usr/bin/clang -v -E -dM -isysroot /Applications/Xcode.app/Contents/Developer/Platforms/MacOSX.platform/Developer/SDKs/MacOSX26.2.sdk -x c -c /dev/null

ExecuteExternalTool /Applications/Xcode.app/Contents/Developer/usr/bin/actool --version --output-format xml1

ExecuteExternalTool /Applications/Xcode.app/Contents/Developer/Toolchains/XcodeDefault.xctoolchain/usr/bin/swiftc --version

ExecuteExternalTool /Applications/Xcode.app/Contents/Developer/Toolchains/XcodeDefault.xctoolchain/usr/bin/ld -version_details

Build description signature: 27d7693175c40dff08ef63714ad26349
Build description path: /Users/framed/Library/Developer/Xcode/DerivedData/PingMonitor-bgxrolxkzgyngsgqoednnipwuyhv/Build/Intermediates.noindex/XCBuildData/27d7693175c40dff08ef63714ad26349.xcbuilddata
ClangStatCache /Applications/Xcode.app/Contents/Developer/Toolchains/XcodeDefault.xctoolchain/usr/bin/clang-stat-cache /Applications/Xcode.app/Contents/Developer/Platforms/MacOSX.platform/Developer/SDKs/MacOSX26.2.sdk /Users/framed/Library/Developer/Xcode/DerivedData/SDKStatCaches.noindex/macosx26.2-25C58-00fa09913b459cbbc988d1f6730289ae.sdkstatcache
    cd /Users/framed/Documents/PingMonitor/PingMonitor.xcodeproj
    /Applications/Xcode.app/Contents/Developer/Toolchains/XcodeDefault.xctoolchain/usr/bin/clang-stat-cache /Applications/Xcode.app/Contents/Developer/Platforms/MacOSX.platform/Developer/SDKs/MacOSX26.2.sdk -o /Users/framed/Library/Developer/Xcode/DerivedData/SDKStatCaches.noindex/macosx26.2-25C58-00fa09913b459cbbc988d1f6730289ae.sdkstatcache

CreateBuildDirectory /Users/framed/Library/Developer/Xcode/DerivedData/PingMonitor-bgxrolxkzgyngsgqoednnipwuyhv/Build/Products
    cd /Users/framed/Documents/PingMonitor/PingMonitor.xcodeproj
    builtin-create-build-directory /Users/framed/Library/Developer/Xcode/DerivedData/PingMonitor-bgxrolxkzgyngsgqoednnipwuyhv/Build/Products

CreateBuildDirectory /Users/framed/Library/Developer/Xcode/DerivedData/PingMonitor-bgxrolxkzgyngsgqoednnipwuyhv/Build/Intermediates.noindex
    cd /Users/framed/Documents/PingMonitor/PingMonitor.xcodeproj
    builtin-create-build-directory /Users/framed/Library/Developer/Xcode/DerivedData/PingMonitor-bgxrolxkzgyngsgqoednnipwuyhv/Build/Intermediates.noindex

CreateBuildDirectory /Users/framed/Library/Developer/Xcode/DerivedData/PingMonitor-bgxrolxkzgyngsgqoednnipwuyhv/Build/Intermediates.noindex/SwiftExplicitPrecompiledModules
    cd /Users/framed/Documents/PingMonitor/PingMonitor.xcodeproj
    builtin-create-build-directory /Users/framed/Library/Developer/Xcode/DerivedData/PingMonitor-bgxrolxkzgyngsgqoednnipwuyhv/Build/Intermediates.noindex/SwiftExplicitPrecompiledModules

CreateBuildDirectory /Users/framed/Library/Developer/Xcode/DerivedData/PingMonitor-bgxrolxkzgyngsgqoednnipwuyhv/Build/Intermediates.noindex/ExplicitPrecompiledModules
    cd /Users/framed/Documents/PingMonitor/PingMonitor.xcodeproj
    builtin-create-build-directory /Users/framed/Library/Developer/Xcode/DerivedData/PingMonitor-bgxrolxkzgyngsgqoednnipwuyhv/Build/Intermediates.noindex/ExplicitPrecompiledModules

CreateBuildDirectory /Users/framed/Library/Developer/Xcode/DerivedData/PingMonitor-bgxrolxkzgyngsgqoednnipwuyhv/Build/Intermediates.noindex/EagerLinkingTBDs/Release
    cd /Users/framed/Documents/PingMonitor/PingMonitor.xcodeproj
    builtin-create-build-directory /Users/framed/Library/Developer/Xcode/DerivedData/PingMonitor-bgxrolxkzgyngsgqoednnipwuyhv/Build/Intermediates.noindex/EagerLinkingTBDs/Release

WriteAuxiliaryFile /Users/framed/Library/Developer/Xcode/DerivedData/PingMonitor-bgxrolxkzgyngsgqoednnipwuyhv/Build/Intermediates.noindex/PingMonitor.build/Release/PingMonitor-6dcb29086109941aa4582865c22ea331-VFS/all-product-headers.yaml
    cd /Users/framed/Documents/PingMonitor/PingMonitor.xcodeproj
    write-file /Users/framed/Library/Developer/Xcode/DerivedData/PingMonitor-bgxrolxkzgyngsgqoednnipwuyhv/Build/Intermediates.noindex/PingMonitor.build/Release/PingMonitor-6dcb29086109941aa4582865c22ea331-VFS/all-product-headers.yaml

CreateBuildDirectory /Users/framed/Library/Developer/Xcode/DerivedData/PingMonitor-bgxrolxkzgyngsgqoednnipwuyhv/Build/Products/Release
    cd /Users/framed/Documents/PingMonitor/PingMonitor.xcodeproj
    builtin-create-build-directory /Users/framed/Library/Developer/Xcode/DerivedData/PingMonitor-bgxrolxkzgyngsgqoednnipwuyhv/Build/Products/Release

WriteAuxiliaryFile /Users/framed/Library/Developer/Xcode/DerivedData/PingMonitor-bgxrolxkzgyngsgqoednnipwuyhv/Build/Intermediates.noindex/PingMonitor.build/Release/PingMonitorWidget.build/PingMonitorWidget.DependencyStaticMetadataFileList (in target 'PingMonitorWidget' from project 'PingMonitor')
    cd /Users/framed/Documents/PingMonitor
    write-file /Users/framed/Library/Developer/Xcode/DerivedData/PingMonitor-bgxrolxkzgyngsgqoednnipwuyhv/Build/Intermediates.noindex/PingMonitor.build/Release/PingMonitorWidget.build/PingMonitorWidget.DependencyStaticMetadataFileList

WriteAuxiliaryFile /Users/framed/Library/Developer/Xcode/DerivedData/PingMonitor-bgxrolxkzgyngsgqoednnipwuyhv/Build/Intermediates.noindex/PingMonitor.build/Release/PingMonitorWidget.build/PingMonitorWidget-all-non-framework-target-headers.hmap (in target 'PingMonitorWidget' from project 'PingMonitor')
    cd /Users/framed/Documents/PingMonitor
    write-file /Users/framed/Library/Developer/Xcode/DerivedData/PingMonitor-bgxrolxkzgyngsgqoednnipwuyhv/Build/Intermediates.noindex/PingMonitor.build/Release/PingMonitorWidget.build/PingMonitorWidget-all-non-framework-target-headers.hmap

WriteAuxiliaryFile /Users/framed/Library/Developer/Xcode/DerivedData/PingMonitor-bgxrolxkzgyngsgqoednnipwuyhv/Build/Intermediates.noindex/PingMonitor.build/Release/PingMonitorWidget.build/PingMonitorWidget-project-headers.hmap (in target 'PingMonitorWidget' from project 'PingMonitor')
    cd /Users/framed/Documents/PingMonitor
    write-file /Users/framed/Library/Developer/Xcode/DerivedData/PingMonitor-bgxrolxkzgyngsgqoednnipwuyhv/Build/Intermediates.noindex/PingMonitor.build/Release/PingMonitorWidget.build/PingMonitorWidget-project-headers.hmap

WriteAuxiliaryFile /Users/framed/Library/Developer/Xcode/DerivedData/PingMonitor-bgxrolxkzgyngsgqoednnipwuyhv/Build/Intermediates.noindex/PingMonitor.build/Release/PingMonitorWidget.build/PingMonitorWidget.hmap (in target 'PingMonitorWidget' from project 'PingMonitor')
    cd /Users/framed/Documents/PingMonitor
    write-file /Users/framed/Library/Developer/Xcode/DerivedData/PingMonitor-bgxrolxkzgyngsgqoednnipwuyhv/Build/Intermediates.noindex/PingMonitor.build/Release/PingMonitorWidget.build/PingMonitorWidget.hmap

WriteAuxiliaryFile /Users/framed/Library/Developer/Xcode/DerivedData/PingMonitor-bgxrolxkzgyngsgqoednnipwuyhv/Build/Intermediates.noindex/PingMonitor.build/Release/PingMonitorWidget.build/PingMonitorWidget-all-target-headers.hmap (in target 'PingMonitorWidget' from project 'PingMonitor')
    cd /Users/framed/Documents/PingMonitor
    write-file /Users/framed/Library/Developer/Xcode/DerivedData/PingMonitor-bgxrolxkzgyngsgqoednnipwuyhv/Build/Intermediates.noindex/PingMonitor.build/Release/PingMonitorWidget.build/PingMonitorWidget-all-target-headers.hmap

WriteAuxiliaryFile /Users/framed/Library/Developer/Xcode/DerivedData/PingMonitor-bgxrolxkzgyngsgqoednnipwuyhv/Build/Intermediates.noindex/PingMonitor.build/Release/PingMonitorWidget.build/PingMonitorWidget.DependencyMetadataFileList (in target 'PingMonitorWidget' from project 'PingMonitor')
    cd /Users/framed/Documents/PingMonitor
    write-file /Users/framed/Library/Developer/Xcode/DerivedData/PingMonitor-bgxrolxkzgyngsgqoednnipwuyhv/Build/Intermediates.noindex/PingMonitor.build/Release/PingMonitorWidget.build/PingMonitorWidget.DependencyMetadataFileList

WriteAuxiliaryFile /Users/framed/Library/Developer/Xcode/DerivedData/PingMonitor-bgxrolxkzgyngsgqoednnipwuyhv/Build/Intermediates.noindex/PingMonitor.build/Release/PingMonitorWidget.build/PingMonitorWidget-own-target-headers.hmap (in target 'PingMonitorWidget' from project 'PingMonitor')
    cd /Users/framed/Documents/PingMonitor
    write-file /Users/framed/Library/Developer/Xcode/DerivedData/PingMonitor-bgxrolxkzgyngsgqoednnipwuyhv/Build/Intermediates.noindex/PingMonitor.build/Release/PingMonitorWidget.build/PingMonitorWidget-own-target-headers.hmap

WriteAuxiliaryFile /Users/framed/Library/Developer/Xcode/DerivedData/PingMonitor-bgxrolxkzgyngsgqoednnipwuyhv/Build/Intermediates.noindex/PingMonitor.build/Release/PingMonitorWidget.build/PingMonitorWidget-generated-files.hmap (in target 'PingMonitorWidget' from project 'PingMonitor')
    cd /Users/framed/Documents/PingMonitor
    write-file /Users/framed/Library/Developer/Xcode/DerivedData/PingMonitor-bgxrolxkzgyngsgqoednnipwuyhv/Build/Intermediates.noindex/PingMonitor.build/Release/PingMonitorWidget.build/PingMonitorWidget-generated-files.hmap

WriteAuxiliaryFile /Users/framed/Library/Developer/Xcode/DerivedData/PingMonitor-bgxrolxkzgyngsgqoednnipwuyhv/Build/Intermediates.noindex/PingMonitor.build/Release/PingMonitorWidget.build/DerivedSources/Entitlements.plist (in target 'PingMonitorWidget' from project 'PingMonitor')
    cd /Users/framed/Documents/PingMonitor
    write-file /Users/framed/Library/Developer/Xcode/DerivedData/PingMonitor-bgxrolxkzgyngsgqoednnipwuyhv/Build/Intermediates.noindex/PingMonitor.build/Release/PingMonitorWidget.build/DerivedSources/Entitlements.plist

WriteAuxiliaryFile /Users/framed/Library/Developer/Xcode/DerivedData/PingMonitor-bgxrolxkzgyngsgqoednnipwuyhv/Build/Intermediates.noindex/PingMonitor.build/Release/PingMonitorWidget.build/Objects-normal/arm64/PingMonitorWidget_const_extract_protocols.json (in target 'PingMonitorWidget' from project 'PingMonitor')
    cd /Users/framed/Documents/PingMonitor
    write-file /Users/framed/Library/Developer/Xcode/DerivedData/PingMonitor-bgxrolxkzgyngsgqoednnipwuyhv/Build/Intermediates.noindex/PingMonitor.build/Release/PingMonitorWidget.build/Objects-normal/arm64/PingMonitorWidget_const_extract_protocols.json

WriteAuxiliaryFile /Users/framed/Library/Developer/Xcode/DerivedData/PingMonitor-bgxrolxkzgyngsgqoednnipwuyhv/Build/Intermediates.noindex/PingMonitor.build/Release/PingMonitorWidget.build/Objects-normal/arm64/PingMonitorWidget.SwiftFileList (in target 'PingMonitorWidget' from project 'PingMonitor')
    cd /Users/framed/Documents/PingMonitor
    write-file /Users/framed/Library/Developer/Xcode/DerivedData/PingMonitor-bgxrolxkzgyngsgqoednnipwuyhv/Build/Intermediates.noindex/PingMonitor.build/Release/PingMonitorWidget.build/Objects-normal/arm64/PingMonitorWidget.SwiftFileList

WriteAuxiliaryFile /Users/framed/Library/Developer/Xcode/DerivedData/PingMonitor-bgxrolxkzgyngsgqoednnipwuyhv/Build/Intermediates.noindex/PingMonitor.build/Release/PingMonitorWidget.build/Objects-normal/arm64/PingMonitorWidget.SwiftConstValuesFileList (in target 'PingMonitorWidget' from project 'PingMonitor')
    cd /Users/framed/Documents/PingMonitor
    write-file /Users/framed/Library/Developer/Xcode/DerivedData/PingMonitor-bgxrolxkzgyngsgqoednnipwuyhv/Build/Intermediates.noindex/PingMonitor.build/Release/PingMonitorWidget.build/Objects-normal/arm64/PingMonitorWidget.SwiftConstValuesFileList

MkDir /Users/framed/Library/Developer/Xcode/DerivedData/PingMonitor-bgxrolxkzgyngsgqoednnipwuyhv/Build/Products/Release/PingMonitorWidget.appex/Contents/Resources (in target 'PingMonitorWidget' from project 'PingMonitor')
    cd /Users/framed/Documents/PingMonitor
    /bin/mkdir -p /Users/framed/Library/Developer/Xcode/DerivedData/PingMonitor-bgxrolxkzgyngsgqoednnipwuyhv/Build/Products/Release/PingMonitorWidget.appex/Contents/Resources

WriteAuxiliaryFile /Users/framed/Library/Developer/Xcode/DerivedData/PingMonitor-bgxrolxkzgyngsgqoednnipwuyhv/Build/Intermediates.noindex/PingMonitor.build/Release/PingMonitorWidget.build/Objects-normal/arm64/PingMonitorWidget.LinkFileList (in target 'PingMonitorWidget' from project 'PingMonitor')
    cd /Users/framed/Documents/PingMonitor
    write-file /Users/framed/Library/Developer/Xcode/DerivedData/PingMonitor-bgxrolxkzgyngsgqoednnipwuyhv/Build/Intermediates.noindex/PingMonitor.build/Release/PingMonitorWidget.build/Objects-normal/arm64/PingMonitorWidget.LinkFileList

WriteAuxiliaryFile /Users/framed/Library/Developer/Xcode/DerivedData/PingMonitor-bgxrolxkzgyngsgqoednnipwuyhv/Build/Intermediates.noindex/PingMonitor.build/Release/PingMonitorWidget.build/Objects-normal/arm64/PingMonitorWidget-OutputFileMap.json (in target 'PingMonitorWidget' from project 'PingMonitor')
    cd /Users/framed/Documents/PingMonitor
    write-file /Users/framed/Library/Developer/Xcode/DerivedData/PingMonitor-bgxrolxkzgyngsgqoednnipwuyhv/Build/Intermediates.noindex/PingMonitor.build/Release/PingMonitorWidget.build/Objects-normal/arm64/PingMonitorWidget-OutputFileMap.json

WriteAuxiliaryFile /Users/framed/Library/Developer/Xcode/DerivedData/PingMonitor-bgxrolxkzgyngsgqoednnipwuyhv/Build/Intermediates.noindex/PingMonitor.build/Release/PingMonitor.build/PingMonitor.DependencyStaticMetadataFileList (in target 'PingMonitor' from project 'PingMonitor')
    cd /Users/framed/Documents/PingMonitor
    write-file /Users/framed/Library/Developer/Xcode/DerivedData/PingMonitor-bgxrolxkzgyngsgqoednnipwuyhv/Build/Intermediates.noindex/PingMonitor.build/Release/PingMonitor.build/PingMonitor.DependencyStaticMetadataFileList

WriteAuxiliaryFile /Users/framed/Library/Developer/Xcode/DerivedData/PingMonitor-bgxrolxkzgyngsgqoednnipwuyhv/Build/Intermediates.noindex/PingMonitor.build/Release/PingMonitor.build/PingMonitor-generated-files.hmap (in target 'PingMonitor' from project 'PingMonitor')
    cd /Users/framed/Documents/PingMonitor
    write-file /Users/framed/Library/Developer/Xcode/DerivedData/PingMonitor-bgxrolxkzgyngsgqoednnipwuyhv/Build/Intermediates.noindex/PingMonitor.build/Release/PingMonitor.build/PingMonitor-generated-files.hmap

WriteAuxiliaryFile /Users/framed/Library/Developer/Xcode/DerivedData/PingMonitor-bgxrolxkzgyngsgqoednnipwuyhv/Build/Intermediates.noindex/PingMonitor.build/Release/PingMonitor.build/PingMonitor-all-target-headers.hmap (in target 'PingMonitor' from project 'PingMonitor')
    cd /Users/framed/Documents/PingMonitor
    write-file /Users/framed/Library/Developer/Xcode/DerivedData/PingMonitor-bgxrolxkzgyngsgqoednnipwuyhv/Build/Intermediates.noindex/PingMonitor.build/Release/PingMonitor.build/PingMonitor-all-target-headers.hmap

WriteAuxiliaryFile /Users/framed/Library/Developer/Xcode/DerivedData/PingMonitor-bgxrolxkzgyngsgqoednnipwuyhv/Build/Intermediates.noindex/PingMonitor.build/Release/PingMonitor.build/PingMonitor.DependencyMetadataFileList (in target 'PingMonitor' from project 'PingMonitor')
    cd /Users/framed/Documents/PingMonitor
    write-file /Users/framed/Library/Developer/Xcode/DerivedData/PingMonitor-bgxrolxkzgyngsgqoednnipwuyhv/Build/Intermediates.noindex/PingMonitor.build/Release/PingMonitor.build/PingMonitor.DependencyMetadataFileList

WriteAuxiliaryFile /Users/framed/Library/Developer/Xcode/DerivedData/PingMonitor-bgxrolxkzgyngsgqoednnipwuyhv/Build/Intermediates.noindex/PingMonitor.build/Release/PingMonitor.build/PingMonitor.hmap (in target 'PingMonitor' from project 'PingMonitor')
    cd /Users/framed/Documents/PingMonitor
    write-file /Users/framed/Library/Developer/Xcode/DerivedData/PingMonitor-bgxrolxkzgyngsgqoednnipwuyhv/Build/Intermediates.noindex/PingMonitor.build/Release/PingMonitor.build/PingMonitor.hmap

WriteAuxiliaryFile /Users/framed/Library/Developer/Xcode/DerivedData/PingMonitor-bgxrolxkzgyngsgqoednnipwuyhv/Build/Intermediates.noindex/PingMonitor.build/Release/PingMonitor.build/PingMonitor-own-target-headers.hmap (in target 'PingMonitor' from project 'PingMonitor')
    cd /Users/framed/Documents/PingMonitor
    write-file /Users/framed/Library/Developer/Xcode/DerivedData/PingMonitor-bgxrolxkzgyngsgqoednnipwuyhv/Build/Intermediates.noindex/PingMonitor.build/Release/PingMonitor.build/PingMonitor-own-target-headers.hmap

WriteAuxiliaryFile /Users/framed/Library/Developer/Xcode/DerivedData/PingMonitor-bgxrolxkzgyngsgqoednnipwuyhv/Build/Intermediates.noindex/PingMonitor.build/Release/PingMonitor.build/PingMonitor-project-headers.hmap (in target 'PingMonitor' from project 'PingMonitor')
    cd /Users/framed/Documents/PingMonitor
    write-file /Users/framed/Library/Developer/Xcode/DerivedData/PingMonitor-bgxrolxkzgyngsgqoednnipwuyhv/Build/Intermediates.noindex/PingMonitor.build/Release/PingMonitor.build/PingMonitor-project-headers.hmap

WriteAuxiliaryFile /Users/framed/Library/Developer/Xcode/DerivedData/PingMonitor-bgxrolxkzgyngsgqoednnipwuyhv/Build/Intermediates.noindex/PingMonitor.build/Release/PingMonitor.build/PingMonitor-all-non-framework-target-headers.hmap (in target 'PingMonitor' from project 'PingMonitor')
    cd /Users/framed/Documents/PingMonitor
    write-file /Users/framed/Library/Developer/Xcode/DerivedData/PingMonitor-bgxrolxkzgyngsgqoednnipwuyhv/Build/Intermediates.noindex/PingMonitor.build/Release/PingMonitor.build/PingMonitor-all-non-framework-target-headers.hmap

WriteAuxiliaryFile /Users/framed/Library/Developer/Xcode/DerivedData/PingMonitor-bgxrolxkzgyngsgqoednnipwuyhv/Build/Intermediates.noindex/PingMonitor.build/Release/PingMonitor.build/Objects-normal/arm64/PingMonitor.SwiftFileList (in target 'PingMonitor' from project 'PingMonitor')
    cd /Users/framed/Documents/PingMonitor
    write-file /Users/framed/Library/Developer/Xcode/DerivedData/PingMonitor-bgxrolxkzgyngsgqoednnipwuyhv/Build/Intermediates.noindex/PingMonitor.build/Release/PingMonitor.build/Objects-normal/arm64/PingMonitor.SwiftFileList

WriteAuxiliaryFile /Users/framed/Library/Developer/Xcode/DerivedData/PingMonitor-bgxrolxkzgyngsgqoednnipwuyhv/Build/Intermediates.noindex/PingMonitor.build/Release/PingMonitor.build/Objects-normal/arm64/PingMonitor_const_extract_protocols.json (in target 'PingMonitor' from project 'PingMonitor')
    cd /Users/framed/Documents/PingMonitor
    write-file /Users/framed/Library/Developer/Xcode/DerivedData/PingMonitor-bgxrolxkzgyngsgqoednnipwuyhv/Build/Intermediates.noindex/PingMonitor.build/Release/PingMonitor.build/Objects-normal/arm64/PingMonitor_const_extract_protocols.json

WriteAuxiliaryFile /Users/framed/Library/Developer/Xcode/DerivedData/PingMonitor-bgxrolxkzgyngsgqoednnipwuyhv/Build/Intermediates.noindex/PingMonitor.build/Release/PingMonitor.build/Objects-normal/arm64/PingMonitor.SwiftConstValuesFileList (in target 'PingMonitor' from project 'PingMonitor')
    cd /Users/framed/Documents/PingMonitor
    write-file /Users/framed/Library/Developer/Xcode/DerivedData/PingMonitor-bgxrolxkzgyngsgqoednnipwuyhv/Build/Intermediates.noindex/PingMonitor.build/Release/PingMonitor.build/Objects-normal/arm64/PingMonitor.SwiftConstValuesFileList

WriteAuxiliaryFile /Users/framed/Library/Developer/Xcode/DerivedData/PingMonitor-bgxrolxkzgyngsgqoednnipwuyhv/Build/Intermediates.noindex/PingMonitor.build/Release/PingMonitor.build/Objects-normal/arm64/PingMonitor.LinkFileList (in target 'PingMonitor' from project 'PingMonitor')
    cd /Users/framed/Documents/PingMonitor
    write-file /Users/framed/Library/Developer/Xcode/DerivedData/PingMonitor-bgxrolxkzgyngsgqoednnipwuyhv/Build/Intermediates.noindex/PingMonitor.build/Release/PingMonitor.build/Objects-normal/arm64/PingMonitor.LinkFileList

WriteAuxiliaryFile /Users/framed/Library/Developer/Xcode/DerivedData/PingMonitor-bgxrolxkzgyngsgqoednnipwuyhv/Build/Intermediates.noindex/PingMonitor.build/Release/PingMonitor.build/Objects-normal/arm64/PingMonitor-OutputFileMap.json (in target 'PingMonitor' from project 'PingMonitor')
    cd /Users/framed/Documents/PingMonitor
    write-file /Users/framed/Library/Developer/Xcode/DerivedData/PingMonitor-bgxrolxkzgyngsgqoednnipwuyhv/Build/Intermediates.noindex/PingMonitor.build/Release/PingMonitor.build/Objects-normal/arm64/PingMonitor-OutputFileMap.json

MkDir /Users/framed/Library/Developer/Xcode/DerivedData/PingMonitor-bgxrolxkzgyngsgqoednnipwuyhv/Build/Products/Release/PingMonitorWidget.appex/Contents/MacOS (in target 'PingMonitorWidget' from project 'PingMonitor')
    cd /Users/framed/Documents/PingMonitor
    /bin/mkdir -p /Users/framed/Library/Developer/Xcode/DerivedData/PingMonitor-bgxrolxkzgyngsgqoednnipwuyhv/Build/Products/Release/PingMonitorWidget.appex/Contents/MacOS

MkDir /Users/framed/Library/Developer/Xcode/DerivedData/PingMonitor-bgxrolxkzgyngsgqoednnipwuyhv/Build/Products/Release/PingMonitorWidget.appex/Contents (in target 'PingMonitorWidget' from project 'PingMonitor')
    cd /Users/framed/Documents/PingMonitor
    /bin/mkdir -p /Users/framed/Library/Developer/Xcode/DerivedData/PingMonitor-bgxrolxkzgyngsgqoednnipwuyhv/Build/Products/Release/PingMonitorWidget.appex/Contents

MkDir /Users/framed/Library/Developer/Xcode/DerivedData/PingMonitor-bgxrolxkzgyngsgqoednnipwuyhv/Build/Products/Release/PingMonitorWidget.appex (in target 'PingMonitorWidget' from project 'PingMonitor')
    cd /Users/framed/Documents/PingMonitor
    /bin/mkdir -p /Users/framed/Library/Developer/Xcode/DerivedData/PingMonitor-bgxrolxkzgyngsgqoednnipwuyhv/Build/Products/Release/PingMonitorWidget.appex

WriteAuxiliaryFile /Users/framed/Library/Developer/Xcode/DerivedData/PingMonitor-bgxrolxkzgyngsgqoednnipwuyhv/Build/Intermediates.noindex/PingMonitor.build/Release/PingMonitor.build/DerivedSources/Entitlements.plist (in target 'PingMonitor' from project 'PingMonitor')
    cd /Users/framed/Documents/PingMonitor
    write-file /Users/framed/Library/Developer/Xcode/DerivedData/PingMonitor-bgxrolxkzgyngsgqoednnipwuyhv/Build/Intermediates.noindex/PingMonitor.build/Release/PingMonitor.build/DerivedSources/Entitlements.plist

MkDir /Users/framed/Library/Developer/Xcode/DerivedData/PingMonitor-bgxrolxkzgyngsgqoednnipwuyhv/Build/Products/Release/PingMonitor.app/Contents/Resources (in target 'PingMonitor' from project 'PingMonitor')
    cd /Users/framed/Documents/PingMonitor
    /bin/mkdir -p /Users/framed/Library/Developer/Xcode/DerivedData/PingMonitor-bgxrolxkzgyngsgqoednnipwuyhv/Build/Products/Release/PingMonitor.app/Contents/Resources

MkDir /Users/framed/Library/Developer/Xcode/DerivedData/PingMonitor-bgxrolxkzgyngsgqoednnipwuyhv/Build/Products/Release/PingMonitor.app/Contents/PlugIns (in target 'PingMonitor' from project 'PingMonitor')
    cd /Users/framed/Documents/PingMonitor
    /bin/mkdir -p /Users/framed/Library/Developer/Xcode/DerivedData/PingMonitor-bgxrolxkzgyngsgqoednnipwuyhv/Build/Products/Release/PingMonitor.app/Contents/PlugIns

MkDir /Users/framed/Library/Developer/Xcode/DerivedData/PingMonitor-bgxrolxkzgyngsgqoednnipwuyhv/Build/Products/Release/PingMonitor.app/Contents/MacOS (in target 'PingMonitor' from project 'PingMonitor')
    cd /Users/framed/Documents/PingMonitor
    /bin/mkdir -p /Users/framed/Library/Developer/Xcode/DerivedData/PingMonitor-bgxrolxkzgyngsgqoednnipwuyhv/Build/Products/Release/PingMonitor.app/Contents/MacOS

MkDir /Users/framed/Library/Developer/Xcode/DerivedData/PingMonitor-bgxrolxkzgyngsgqoednnipwuyhv/Build/Products/Release/PingMonitor.app/Contents (in target 'PingMonitor' from project 'PingMonitor')
    cd /Users/framed/Documents/PingMonitor
    /bin/mkdir -p /Users/framed/Library/Developer/Xcode/DerivedData/PingMonitor-bgxrolxkzgyngsgqoednnipwuyhv/Build/Products/Release/PingMonitor.app/Contents

MkDir /Users/framed/Library/Developer/Xcode/DerivedData/PingMonitor-bgxrolxkzgyngsgqoednnipwuyhv/Build/Products/Release/PingMonitor.app (in target 'PingMonitor' from project 'PingMonitor')
    cd /Users/framed/Documents/PingMonitor
    /bin/mkdir -p /Users/framed/Library/Developer/Xcode/DerivedData/PingMonitor-bgxrolxkzgyngsgqoednnipwuyhv/Build/Products/Release/PingMonitor.app

ProcessProductPackaging /Users/framed/Documents/PingMonitor/PingMonitorWidget/PingMonitorWidget.entitlements /Users/framed/Library/Developer/Xcode/DerivedData/PingMonitor-bgxrolxkzgyngsgqoednnipwuyhv/Build/Intermediates.noindex/PingMonitor.build/Release/PingMonitorWidget.build/PingMonitorWidget.appex.xcent (in target 'PingMonitorWidget' from project 'PingMonitor')
    cd /Users/framed/Documents/PingMonitor
    
    Entitlements:
    
    {
    "com.apple.security.app-sandbox" = 0;
    "com.apple.security.get-task-allow" = 1;
}
    
    builtin-productPackagingUtility /Users/framed/Documents/PingMonitor/PingMonitorWidget/PingMonitorWidget.entitlements -entitlements -format xml -o /Users/framed/Library/Developer/Xcode/DerivedData/PingMonitor-bgxrolxkzgyngsgqoednnipwuyhv/Build/Intermediates.noindex/PingMonitor.build/Release/PingMonitorWidget.build/PingMonitorWidget.appex.xcent

ProcessProductPackagingDER /Users/framed/Library/Developer/Xcode/DerivedData/PingMonitor-bgxrolxkzgyngsgqoednnipwuyhv/Build/Intermediates.noindex/PingMonitor.build/Release/PingMonitorWidget.build/PingMonitorWidget.appex.xcent /Users/framed/Library/Developer/Xcode/DerivedData/PingMonitor-bgxrolxkzgyngsgqoednnipwuyhv/Build/Intermediates.noindex/PingMonitor.build/Release/PingMonitorWidget.build/PingMonitorWidget.appex.xcent.der (in target 'PingMonitorWidget' from project 'PingMonitor')
    cd /Users/framed/Documents/PingMonitor
    /usr/bin/derq query -f xml -i /Users/framed/Library/Developer/Xcode/DerivedData/PingMonitor-bgxrolxkzgyngsgqoednnipwuyhv/Build/Intermediates.noindex/PingMonitor.build/Release/PingMonitorWidget.build/PingMonitorWidget.appex.xcent -o /Users/framed/Library/Developer/Xcode/DerivedData/PingMonitor-bgxrolxkzgyngsgqoednnipwuyhv/Build/Intermediates.noindex/PingMonitor.build/Release/PingMonitorWidget.build/PingMonitorWidget.appex.xcent.der --raw

GenerateAssetSymbols /Users/framed/Documents/PingMonitor/PingMonitorWidget/Assets.xcassets (in target 'PingMonitorWidget' from project 'PingMonitor')
    cd /Users/framed/Documents/PingMonitor
    /Applications/Xcode.app/Contents/Developer/usr/bin/actool /Users/framed/Documents/PingMonitor/PingMonitorWidget/Assets.xcassets --compile /Users/framed/Library/Developer/Xcode/DerivedData/PingMonitor-bgxrolxkzgyngsgqoednnipwuyhv/Build/Products/Release/PingMonitorWidget.appex/Contents/Resources --output-format human-readable-text --notices --warnings --export-dependency-info /Users/framed/Library/Developer/Xcode/DerivedData/PingMonitor-bgxrolxkzgyngsgqoednnipwuyhv/Build/Intermediates.noindex/PingMonitor.build/Release/PingMonitorWidget.build/assetcatalog_dependencies --output-partial-info-plist /Users/framed/Library/Developer/Xcode/DerivedData/PingMonitor-bgxrolxkzgyngsgqoednnipwuyhv/Build/Intermediates.noindex/PingMonitor.build/Release/PingMonitorWidget.build/assetcatalog_generated_info.plist --accent-color AccentColor --widget-background-color WidgetBackground --enable-on-demand-resources NO --standalone-icon-behavior all --development-region en --target-device mac --minimum-deployment-target 14.0 --platform macosx --bundle-identifier com.pingmonitor.app.widget --generate-swift-asset-symbol-extensions NO --generate-swift-asset-symbols /Users/framed/Library/Developer/Xcode/DerivedData/PingMonitor-bgxrolxkzgyngsgqoednnipwuyhv/Build/Intermediates.noindex/PingMonitor.build/Release/PingMonitorWidget.build/DerivedSources/GeneratedAssetSymbols.swift --generate-objc-asset-symbols /Users/framed/Library/Developer/Xcode/DerivedData/PingMonitor-bgxrolxkzgyngsgqoednnipwuyhv/Build/Intermediates.noindex/PingMonitor.build/Release/PingMonitorWidget.build/DerivedSources/GeneratedAssetSymbols.h --generate-asset-symbol-index /Users/framed/Library/Developer/Xcode/DerivedData/PingMonitor-bgxrolxkzgyngsgqoednnipwuyhv/Build/Intermediates.noindex/PingMonitor.build/Release/PingMonitorWidget.build/DerivedSources/GeneratedAssetSymbols-Index.plist
/* com.apple.actool.compilation-results */
/Users/framed/Library/Developer/Xcode/DerivedData/PingMonitor-bgxrolxkzgyngsgqoednnipwuyhv/Build/Intermediates.noindex/PingMonitor.build/Release/PingMonitorWidget.build/DerivedSources/GeneratedAssetSymbols-Index.plist
/Users/framed/Library/Developer/Xcode/DerivedData/PingMonitor-bgxrolxkzgyngsgqoednnipwuyhv/Build/Intermediates.noindex/PingMonitor.build/Release/PingMonitorWidget.build/DerivedSources/GeneratedAssetSymbols.h
/Users/framed/Library/Developer/Xcode/DerivedData/PingMonitor-bgxrolxkzgyngsgqoednnipwuyhv/Build/Intermediates.noindex/PingMonitor.build/Release/PingMonitorWidget.build/DerivedSources/GeneratedAssetSymbols.swift


MkDir /Users/framed/Library/Developer/Xcode/DerivedData/PingMonitor-bgxrolxkzgyngsgqoednnipwuyhv/Build/Intermediates.noindex/PingMonitor.build/Release/PingMonitorWidget.build/assetcatalog_output/unthinned (in target 'PingMonitorWidget' from project 'PingMonitor')
    cd /Users/framed/Documents/PingMonitor
    /bin/mkdir -p /Users/framed/Library/Developer/Xcode/DerivedData/PingMonitor-bgxrolxkzgyngsgqoednnipwuyhv/Build/Intermediates.noindex/PingMonitor.build/Release/PingMonitorWidget.build/assetcatalog_output/unthinned

MkDir /Users/framed/Library/Developer/Xcode/DerivedData/PingMonitor-bgxrolxkzgyngsgqoednnipwuyhv/Build/Intermediates.noindex/PingMonitor.build/Release/PingMonitorWidget.build/assetcatalog_output/thinned (in target 'PingMonitorWidget' from project 'PingMonitor')
    cd /Users/framed/Documents/PingMonitor
    /bin/mkdir -p /Users/framed/Library/Developer/Xcode/DerivedData/PingMonitor-bgxrolxkzgyngsgqoednnipwuyhv/Build/Intermediates.noindex/PingMonitor.build/Release/PingMonitorWidget.build/assetcatalog_output/thinned

CompileAssetCatalogVariant thinned /Users/framed/Library/Developer/Xcode/DerivedData/PingMonitor-bgxrolxkzgyngsgqoednnipwuyhv/Build/Products/Release/PingMonitorWidget.appex/Contents/Resources /Users/framed/Documents/PingMonitor/PingMonitorWidget/Assets.xcassets (in target 'PingMonitorWidget' from project 'PingMonitor')
    cd /Users/framed/Documents/PingMonitor
    /Applications/Xcode.app/Contents/Developer/usr/bin/actool /Users/framed/Documents/PingMonitor/PingMonitorWidget/Assets.xcassets --compile /Users/framed/Library/Developer/Xcode/DerivedData/PingMonitor-bgxrolxkzgyngsgqoednnipwuyhv/Build/Intermediates.noindex/PingMonitor.build/Release/PingMonitorWidget.build/assetcatalog_output/thinned --output-format human-readable-text --notices --warnings --export-dependency-info /Users/framed/Library/Developer/Xcode/DerivedData/PingMonitor-bgxrolxkzgyngsgqoednnipwuyhv/Build/Intermediates.noindex/PingMonitor.build/Release/PingMonitorWidget.build/assetcatalog_dependencies_thinned --output-partial-info-plist /Users/framed/Library/Developer/Xcode/DerivedData/PingMonitor-bgxrolxkzgyngsgqoednnipwuyhv/Build/Intermediates.noindex/PingMonitor.build/Release/PingMonitorWidget.build/assetcatalog_generated_info.plist_thinned --accent-color AccentColor --widget-background-color WidgetBackground --enable-on-demand-resources NO --standalone-icon-behavior all --development-region en --target-device mac --minimum-deployment-target 14.0 --platform macosx
/* com.apple.actool.compilation-results */
/Users/framed/Library/Developer/Xcode/DerivedData/PingMonitor-bgxrolxkzgyngsgqoednnipwuyhv/Build/Intermediates.noindex/PingMonitor.build/Release/PingMonitorWidget.build/assetcatalog_generated_info.plist_thinned
/Users/framed/Library/Developer/Xcode/DerivedData/PingMonitor-bgxrolxkzgyngsgqoednnipwuyhv/Build/Intermediates.noindex/PingMonitor.build/Release/PingMonitorWidget.build/assetcatalog_output/thinned/Assets.car


LinkAssetCatalog /Users/framed/Documents/PingMonitor/PingMonitorWidget/Assets.xcassets (in target 'PingMonitorWidget' from project 'PingMonitor')
    cd /Users/framed/Documents/PingMonitor
    builtin-linkAssetCatalog --thinned /Users/framed/Library/Developer/Xcode/DerivedData/PingMonitor-bgxrolxkzgyngsgqoednnipwuyhv/Build/Intermediates.noindex/PingMonitor.build/Release/PingMonitorWidget.build/assetcatalog_output/thinned --thinned-dependencies /Users/framed/Library/Developer/Xcode/DerivedData/PingMonitor-bgxrolxkzgyngsgqoednnipwuyhv/Build/Intermediates.noindex/PingMonitor.build/Release/PingMonitorWidget.build/assetcatalog_dependencies_thinned --thinned-info-plist-content /Users/framed/Library/Developer/Xcode/DerivedData/PingMonitor-bgxrolxkzgyngsgqoednnipwuyhv/Build/Intermediates.noindex/PingMonitor.build/Release/PingMonitorWidget.build/assetcatalog_generated_info.plist_thinned --unthinned /Users/framed/Library/Developer/Xcode/DerivedData/PingMonitor-bgxrolxkzgyngsgqoednnipwuyhv/Build/Intermediates.noindex/PingMonitor.build/Release/PingMonitorWidget.build/assetcatalog_output/unthinned --unthinned-dependencies /Users/framed/Library/Developer/Xcode/DerivedData/PingMonitor-bgxrolxkzgyngsgqoednnipwuyhv/Build/Intermediates.noindex/PingMonitor.build/Release/PingMonitorWidget.build/assetcatalog_dependencies_unthinned --unthinned-info-plist-content /Users/framed/Library/Developer/Xcode/DerivedData/PingMonitor-bgxrolxkzgyngsgqoednnipwuyhv/Build/Intermediates.noindex/PingMonitor.build/Release/PingMonitorWidget.build/assetcatalog_generated_info.plist_unthinned --output /Users/framed/Library/Developer/Xcode/DerivedData/PingMonitor-bgxrolxkzgyngsgqoednnipwuyhv/Build/Products/Release/PingMonitorWidget.appex/Contents/Resources --plist-output /Users/framed/Library/Developer/Xcode/DerivedData/PingMonitor-bgxrolxkzgyngsgqoednnipwuyhv/Build/Intermediates.noindex/PingMonitor.build/Release/PingMonitorWidget.build/assetcatalog_generated_info.plist
note: Emplaced /Users/framed/Library/Developer/Xcode/DerivedData/PingMonitor-bgxrolxkzgyngsgqoednnipwuyhv/Build/Products/Release/PingMonitorWidget.appex/Contents/Resources/Assets.car (in target 'PingMonitorWidget' from project 'PingMonitor')

ProcessInfoPlistFile /Users/framed/Library/Developer/Xcode/DerivedData/PingMonitor-bgxrolxkzgyngsgqoednnipwuyhv/Build/Products/Release/PingMonitorWidget.appex/Contents/Info.plist /Users/framed/Documents/PingMonitor/PingMonitorWidget/Info.plist (in target 'PingMonitorWidget' from project 'PingMonitor')
    cd /Users/framed/Documents/PingMonitor
    builtin-infoPlistUtility /Users/framed/Documents/PingMonitor/PingMonitorWidget/Info.plist -producttype com.apple.product-type.app-extension -expandbuildsettings -platform macosx -additionalcontentfile /Users/framed/Library/Developer/Xcode/DerivedData/PingMonitor-bgxrolxkzgyngsgqoednnipwuyhv/Build/Intermediates.noindex/PingMonitor.build/Release/PingMonitorWidget.build/assetcatalog_generated_info.plist -o /Users/framed/Library/Developer/Xcode/DerivedData/PingMonitor-bgxrolxkzgyngsgqoednnipwuyhv/Build/Products/Release/PingMonitorWidget.appex/Contents/Info.plist

SwiftDriver PingMonitorWidget normal arm64 com.apple.xcode.tools.swift.compiler (in target 'PingMonitorWidget' from project 'PingMonitor')
    cd /Users/framed/Documents/PingMonitor
    builtin-SwiftDriver -- /Applications/Xcode.app/Contents/Developer/Toolchains/XcodeDefault.xctoolchain/usr/bin/swiftc -module-name PingMonitorWidget -O -whole-module-optimization -enforce-exclusivity\=checked @/Users/framed/Library/Developer/Xcode/DerivedData/PingMonitor-bgxrolxkzgyngsgqoednnipwuyhv/Build/Intermediates.noindex/PingMonitor.build/Release/PingMonitorWidget.build/Objects-normal/arm64/PingMonitorWidget.SwiftFileList -enable-experimental-feature DebugDescriptionMacro -sdk /Applications/Xcode.app/Contents/Developer/Platforms/MacOSX.platform/Developer/SDKs/MacOSX26.2.sdk -target arm64-apple-macos14.0 -g -module-cache-path /Users/framed/Library/Developer/Xcode/DerivedData/ModuleCache.noindex -Xfrontend -serialize-debugging-options -application-extension -swift-version 6 -I /Users/framed/Library/Developer/Xcode/DerivedData/PingMonitor-bgxrolxkzgyngsgqoednnipwuyhv/Build/Products/Release -F /Users/framed/Library/Developer/Xcode/DerivedData/PingMonitor-bgxrolxkzgyngsgqoednnipwuyhv/Build/Products/Release -c -num-threads 14 -Xcc -ivfsstatcache -Xcc /Users/framed/Library/Developer/Xcode/DerivedData/SDKStatCaches.noindex/macosx26.2-25C58-00fa09913b459cbbc988d1f6730289ae.sdkstatcache -output-file-map /Users/framed/Library/Developer/Xcode/DerivedData/PingMonitor-bgxrolxkzgyngsgqoednnipwuyhv/Build/Intermediates.noindex/PingMonitor.build/Release/PingMonitorWidget.build/Objects-normal/arm64/PingMonitorWidget-OutputFileMap.json -use-frontend-parseable-output -save-temps -no-color-diagnostics -explicit-module-build -module-cache-path /Users/framed/Library/Developer/Xcode/DerivedData/PingMonitor-bgxrolxkzgyngsgqoednnipwuyhv/Build/Intermediates.noindex/SwiftExplicitPrecompiledModules -clang-scanner-module-cache-path /Users/framed/Library/Developer/Xcode/DerivedData/ModuleCache.noindex -sdk-module-cache-path /Users/framed/Library/Developer/Xcode/DerivedData/ModuleCache.noindex -serialize-diagnostics -emit-dependencies -emit-module -emit-module-path /Users/framed/Library/Developer/Xcode/DerivedData/PingMonitor-bgxrolxkzgyngsgqoednnipwuyhv/Build/Intermediates.noindex/PingMonitor.build/Release/PingMonitorWidget.build/Objects-normal/arm64/PingMonitorWidget.swiftmodule -validate-clang-modules-once -clang-build-session-file /Users/framed/Library/Developer/Xcode/DerivedData/ModuleCache.noindex/Session.modulevalidation -Xcc -I/Users/framed/Library/Developer/Xcode/DerivedData/PingMonitor-bgxrolxkzgyngsgqoednnipwuyhv/Build/Intermediates.noindex/PingMonitor.build/Release/PingMonitorWidget.build/swift-overrides.hmap -emit-const-values -Xfrontend -const-gather-protocols-file -Xfrontend /Users/framed/Library/Developer/Xcode/DerivedData/PingMonitor-bgxrolxkzgyngsgqoednnipwuyhv/Build/Intermediates.noindex/PingMonitor.build/Release/PingMonitorWidget.build/Objects-normal/arm64/PingMonitorWidget_const_extract_protocols.json -Xcc -iquote -Xcc /Users/framed/Library/Developer/Xcode/DerivedData/PingMonitor-bgxrolxkzgyngsgqoednnipwuyhv/Build/Intermediates.noindex/PingMonitor.build/Release/PingMonitorWidget.build/PingMonitorWidget-generated-files.hmap -Xcc -I/Users/framed/Library/Developer/Xcode/DerivedData/PingMonitor-bgxrolxkzgyngsgqoednnipwuyhv/Build/Intermediates.noindex/PingMonitor.build/Release/PingMonitorWidget.build/PingMonitorWidget-own-target-headers.hmap -Xcc -I/Users/framed/Library/Developer/Xcode/DerivedData/PingMonitor-bgxrolxkzgyngsgqoednnipwuyhv/Build/Intermediates.noindex/PingMonitor.build/Release/PingMonitorWidget.build/PingMonitorWidget-all-target-headers.hmap -Xcc -iquote -Xcc /Users/framed/Library/Developer/Xcode/DerivedData/PingMonitor-bgxrolxkzgyngsgqoednnipwuyhv/Build/Intermediates.noindex/PingMonitor.build/Release/PingMonitorWidget.build/PingMonitorWidget-project-headers.hmap -Xcc -I/Users/framed/Library/Developer/Xcode/DerivedData/PingMonitor-bgxrolxkzgyngsgqoednnipwuyhv/Build/Products/Release/include -Xcc -I/Users/framed/Library/Developer/Xcode/DerivedData/PingMonitor-bgxrolxkzgyngsgqoednnipwuyhv/Build/Intermediates.noindex/PingMonitor.build/Release/PingMonitorWidget.build/DerivedSources-normal/arm64 -Xcc -I/Users/framed/Library/Developer/Xcode/DerivedData/PingMonitor-bgxrolxkzgyngsgqoednnipwuyhv/Build/Intermediates.noindex/PingMonitor.build/Release/PingMonitorWidget.build/DerivedSources/arm64 -Xcc -I/Users/framed/Library/Developer/Xcode/DerivedData/PingMonitor-bgxrolxkzgyngsgqoednnipwuyhv/Build/Intermediates.noindex/PingMonitor.build/Release/PingMonitorWidget.build/DerivedSources -emit-objc-header -emit-objc-header-path /Users/framed/Library/Developer/Xcode/DerivedData/PingMonitor-bgxrolxkzgyngsgqoednnipwuyhv/Build/Intermediates.noindex/PingMonitor.build/Release/PingMonitorWidget.build/Objects-normal/arm64/PingMonitorWidget-Swift.h -working-directory /Users/framed/Documents/PingMonitor -no-emit-module-separately-wmo

SwiftDriver\ Compilation PingMonitorWidget normal arm64 com.apple.xcode.tools.swift.compiler (in target 'PingMonitorWidget' from project 'PingMonitor')
    cd /Users/framed/Documents/PingMonitor
    builtin-Swift-Compilation -- /Applications/Xcode.app/Contents/Developer/Toolchains/XcodeDefault.xctoolchain/usr/bin/swiftc -module-name PingMonitorWidget -O -whole-module-optimization -enforce-exclusivity\=checked @/Users/framed/Library/Developer/Xcode/DerivedData/PingMonitor-bgxrolxkzgyngsgqoednnipwuyhv/Build/Intermediates.noindex/PingMonitor.build/Release/PingMonitorWidget.build/Objects-normal/arm64/PingMonitorWidget.SwiftFileList -enable-experimental-feature DebugDescriptionMacro -sdk /Applications/Xcode.app/Contents/Developer/Platforms/MacOSX.platform/Developer/SDKs/MacOSX26.2.sdk -target arm64-apple-macos14.0 -g -module-cache-path /Users/framed/Library/Developer/Xcode/DerivedData/ModuleCache.noindex -Xfrontend -serialize-debugging-options -application-extension -swift-version 6 -I /Users/framed/Library/Developer/Xcode/DerivedData/PingMonitor-bgxrolxkzgyngsgqoednnipwuyhv/Build/Products/Release -F /Users/framed/Library/Developer/Xcode/DerivedData/PingMonitor-bgxrolxkzgyngsgqoednnipwuyhv/Build/Products/Release -c -num-threads 14 -Xcc -ivfsstatcache -Xcc /Users/framed/Library/Developer/Xcode/DerivedData/SDKStatCaches.noindex/macosx26.2-25C58-00fa09913b459cbbc988d1f6730289ae.sdkstatcache -output-file-map /Users/framed/Library/Developer/Xcode/DerivedData/PingMonitor-bgxrolxkzgyngsgqoednnipwuyhv/Build/Intermediates.noindex/PingMonitor.build/Release/PingMonitorWidget.build/Objects-normal/arm64/PingMonitorWidget-OutputFileMap.json -use-frontend-parseable-output -save-temps -no-color-diagnostics -explicit-module-build -module-cache-path /Users/framed/Library/Developer/Xcode/DerivedData/PingMonitor-bgxrolxkzgyngsgqoednnipwuyhv/Build/Intermediates.noindex/SwiftExplicitPrecompiledModules -clang-scanner-module-cache-path /Users/framed/Library/Developer/Xcode/DerivedData/ModuleCache.noindex -sdk-module-cache-path /Users/framed/Library/Developer/Xcode/DerivedData/ModuleCache.noindex -serialize-diagnostics -emit-dependencies -emit-module -emit-module-path /Users/framed/Library/Developer/Xcode/DerivedData/PingMonitor-bgxrolxkzgyngsgqoednnipwuyhv/Build/Intermediates.noindex/PingMonitor.build/Release/PingMonitorWidget.build/Objects-normal/arm64/PingMonitorWidget.swiftmodule -validate-clang-modules-once -clang-build-session-file /Users/framed/Library/Developer/Xcode/DerivedData/ModuleCache.noindex/Session.modulevalidation -Xcc -I/Users/framed/Library/Developer/Xcode/DerivedData/PingMonitor-bgxrolxkzgyngsgqoednnipwuyhv/Build/Intermediates.noindex/PingMonitor.build/Release/PingMonitorWidget.build/swift-overrides.hmap -emit-const-values -Xfrontend -const-gather-protocols-file -Xfrontend /Users/framed/Library/Developer/Xcode/DerivedData/PingMonitor-bgxrolxkzgyngsgqoednnipwuyhv/Build/Intermediates.noindex/PingMonitor.build/Release/PingMonitorWidget.build/Objects-normal/arm64/PingMonitorWidget_const_extract_protocols.json -Xcc -iquote -Xcc /Users/framed/Library/Developer/Xcode/DerivedData/PingMonitor-bgxrolxkzgyngsgqoednnipwuyhv/Build/Intermediates.noindex/PingMonitor.build/Release/PingMonitorWidget.build/PingMonitorWidget-generated-files.hmap -Xcc -I/Users/framed/Library/Developer/Xcode/DerivedData/PingMonitor-bgxrolxkzgyngsgqoednnipwuyhv/Build/Intermediates.noindex/PingMonitor.build/Release/PingMonitorWidget.build/PingMonitorWidget-own-target-headers.hmap -Xcc -I/Users/framed/Library/Developer/Xcode/DerivedData/PingMonitor-bgxrolxkzgyngsgqoednnipwuyhv/Build/Intermediates.noindex/PingMonitor.build/Release/PingMonitorWidget.build/PingMonitorWidget-all-target-headers.hmap -Xcc -iquote -Xcc /Users/framed/Library/Developer/Xcode/DerivedData/PingMonitor-bgxrolxkzgyngsgqoednnipwuyhv/Build/Intermediates.noindex/PingMonitor.build/Release/PingMonitorWidget.build/PingMonitorWidget-project-headers.hmap -Xcc -I/Users/framed/Library/Developer/Xcode/DerivedData/PingMonitor-bgxrolxkzgyngsgqoednnipwuyhv/Build/Products/Release/include -Xcc -I/Users/framed/Library/Developer/Xcode/DerivedData/PingMonitor-bgxrolxkzgyngsgqoednnipwuyhv/Build/Intermediates.noindex/PingMonitor.build/Release/PingMonitorWidget.build/DerivedSources-normal/arm64 -Xcc -I/Users/framed/Library/Developer/Xcode/DerivedData/PingMonitor-bgxrolxkzgyngsgqoednnipwuyhv/Build/Intermediates.noindex/PingMonitor.build/Release/PingMonitorWidget.build/DerivedSources/arm64 -Xcc -I/Users/framed/Library/Developer/Xcode/DerivedData/PingMonitor-bgxrolxkzgyngsgqoednnipwuyhv/Build/Intermediates.noindex/PingMonitor.build/Release/PingMonitorWidget.build/DerivedSources -emit-objc-header -emit-objc-header-path /Users/framed/Library/Developer/Xcode/DerivedData/PingMonitor-bgxrolxkzgyngsgqoednnipwuyhv/Build/Intermediates.noindex/PingMonitor.build/Release/PingMonitorWidget.build/Objects-normal/arm64/PingMonitorWidget-Swift.h -working-directory /Users/framed/Documents/PingMonitor -no-emit-module-separately-wmo

SwiftCompile normal arm64 Compiling\ PingMonitorWidget.swift,\ WidgetDataManager.swift,\ GeneratedAssetSymbols.swift /Users/framed/Documents/PingMonitor/PingMonitorWidget/PingMonitorWidget.swift /Users/framed/Documents/PingMonitor/PingMonitor/WidgetDataManager.swift /Users/framed/Library/Developer/Xcode/DerivedData/PingMonitor-bgxrolxkzgyngsgqoednnipwuyhv/Build/Intermediates.noindex/PingMonitor.build/Release/PingMonitorWidget.build/DerivedSources/GeneratedAssetSymbols.swift /Applications/Xcode.app/Contents/Developer/Toolchains/XcodeDefault.xctoolchain/usr/lib/swift/macosx/prebuilt-modules/26.2/simd.swiftmodule/arm64e-apple-macos.swiftmodule /Applications/Xcode.app/Contents/Developer/Toolchains/XcodeDefault.xctoolchain/usr/lib/swift/macosx/prebuilt-modules/26.2/CoreData.swiftmodule/arm64e-apple-macos.swiftmodule /Applications/Xcode.app/Contents/Developer/Toolchains/XcodeDefault.xctoolchain/usr/lib/swift/macosx/prebuilt-modules/26.2/Intents.swiftmodule/arm64e-apple-macos.swiftmodule /Applications/Xcode.app/Contents/Developer/Toolchains/XcodeDefault.xctoolchain/usr/lib/swift/macosx/prebuilt-modules/26.2/QuartzCore.swiftmodule/arm64e-apple-macos.swiftmodule /Applications/Xcode.app/Contents/Developer/Toolchains/XcodeDefault.xctoolchain/usr/lib/swift/macosx/prebuilt-modules/26.2/ExtensionFoundation.swiftmodule/arm64e-apple-macos.swiftmodule /Applications/Xcode.app/Contents/Developer/Toolchains/XcodeDefault.xctoolchain/usr/lib/swift/macosx/prebuilt-modules/26.2/OSLog.swiftmodule/arm64e-apple-macos.swiftmodule /Applications/Xcode.app/Contents/Developer/Toolchains/XcodeDefault.xctoolchain/usr/lib/swift/macosx/prebuilt-modules/26.2/_DarwinFoundation3.swiftmodule/arm64e-apple-macos.swiftmodule /Applications/Xcode.app/Contents/Developer/Toolchains/XcodeDefault.xctoolchain/usr/lib/swift/macosx/prebuilt-modules/26.2/CoreSpotlight.swiftmodule/arm64e-apple-macos.swiftmodule /Applications/Xcode.app/Contents/Developer/Toolchains/XcodeDefault.xctoolchain/usr/lib/swift/macosx/prebuilt-modules/26.2/_DarwinFoundation1.swiftmodule/arm64e-apple-macos.swiftmodule /Applications/Xcode.app/Contents/Developer/Toolchains/XcodeDefault.xctoolchain/usr/lib/swift/macosx/prebuilt-modules/26.2/RelevanceKit.swiftmodule/arm64e-apple-macos.swiftmodule /Applications/Xcode.app/Contents/Developer/Toolchains/XcodeDefault.xctoolchain/usr/lib/swift/macosx/prebuilt-modules/26.2/CoreLocation.swiftmodule/arm64e-apple-macos.swiftmodule /Applications/Xcode.app/Contents/Developer/Toolchains/XcodeDefault.xctoolchain/usr/lib/swift/macosx/prebuilt-modules/26.2/AppKit.swiftmodule/arm64e-apple-macos.swiftmodule /Applications/Xcode.app/Contents/Developer/Toolchains/XcodeDefault.xctoolchain/usr/lib/swift/macosx/prebuilt-modules/26.2/_Concurrency.swiftmodule/arm64e-apple-macos.swiftmodule /Applications/Xcode.app/Contents/Developer/Toolchains/XcodeDefault.xctoolchain/usr/lib/swift/macosx/prebuilt-modules/26.2/ActivityKit.swiftmodule/arm64e-apple-macos.swiftmodule /Applications/Xcode.app/Contents/Developer/Toolchains/XcodeDefault.xctoolchain/usr/lib/swift/macosx/prebuilt-modules/26.2/Swift.swiftmodule/arm64e-apple-macos.swiftmodule /Applications/Xcode.app/Contents/Developer/Toolchains/XcodeDefault.xctoolchain/usr/lib/swift/macosx/prebuilt-modules/26.2/_AppIntents_SwiftUI.swiftmodule/arm64e-apple-macos.swiftmodule /Applications/Xcode.app/Contents/Developer/Toolchains/XcodeDefault.xctoolchain/usr/lib/swift/macosx/prebuilt-modules/26.2/Symbols.swiftmodule/arm64e-apple-macos.swiftmodule /Applications/Xcode.app/Contents/Developer/Toolchains/XcodeDefault.xctoolchain/usr/lib/swift/macosx/prebuilt-modules/26.2/os.swiftmodule/arm64e-apple-macos.swiftmodule /Applications/Xcode.app/Contents/Developer/Toolchains/XcodeDefault.xctoolchain/usr/lib/swift/macosx/prebuilt-modules/26.2/CoreTransferable.swiftmodule/arm64e-apple-macos.swiftmodule /Applications/Xcode.app/Contents/Developer/Toolchains/XcodeDefault.xctoolchain/usr/lib/swift/macosx/prebuilt-modules/26.2/Accessibility.swiftmodule/arm64e-apple-macos.swiftmodule /Applications/Xcode.app/Contents/Developer/Toolchains/XcodeDefault.xctoolchain/usr/lib/swift/macosx/prebuilt-modules/26.2/AppIntents.swiftmodule/arm64e-apple-macos.swiftmodule /Applications/Xcode.app/Contents/Developer/Toolchains/XcodeDefault.xctoolchain/usr/lib/swift/macosx/prebuilt-modules/26.2/Foundation.swiftmodule/arm64e-apple-macos.swiftmodule /Applications/Xcode.app/Contents/Developer/Toolchains/XcodeDefault.xctoolchain/usr/lib/swift/macosx/prebuilt-modules/26.2/Network.swiftmodule/arm64e-apple-macos.swiftmodule /Applications/Xcode.app/Contents/Developer/Toolchains/XcodeDefault.xctoolchain/usr/lib/swift/macosx/prebuilt-modules/26.2/ObjectiveC.swiftmodule/arm64e-apple-macos.swiftmodule /Applications/Xcode.app/Contents/Developer/Toolchains/XcodeDefault.xctoolchain/usr/lib/swift/macosx/prebuilt-modules/26.2/Combine.swiftmodule/arm64e-apple-macos.swiftmodule /Applications/Xcode.app/Contents/Developer/Toolchains/XcodeDefault.xctoolchain/usr/lib/swift/macosx/prebuilt-modules/26.2/CoreVideo.swiftmodule/arm64e-apple-macos.swiftmodule /Applications/Xcode.app/Contents/Developer/Toolchains/XcodeDefault.xctoolchain/usr/lib/swift/macosx/prebuilt-modules/26.2/CoreImage.swiftmodule/arm64e-apple-macos.swiftmodule /Applications/Xcode.app/Contents/Developer/Toolchains/XcodeDefault.xctoolchain/usr/lib/swift/macosx/prebuilt-modules/26.2/Dispatch.swiftmodule/arm64e-apple-macos.swiftmodule /Applications/Xcode.app/Contents/Developer/Toolchains/XcodeDefault.xctoolchain/usr/lib/swift/macosx/prebuilt-modules/26.2/UniformTypeIdentifiers.swiftmodule/arm64e-apple-macos.swiftmodule /Applications/Xcode.app/Contents/Developer/Toolchains/XcodeDefault.xctoolchain/usr/lib/swift/macosx/prebuilt-modules/26.2/System.swiftmodule/arm64e-apple-macos.swiftmodule /Applications/Xcode.app/Contents/Developer/Toolchains/XcodeDefault.xctoolchain/usr/lib/swift/macosx/prebuilt-modules/26.2/CoreText.swiftmodule/arm64e-apple-macos.swiftmodule /Applications/Xcode.app/Contents/Developer/Toolchains/XcodeDefault.xctoolchain/usr/lib/swift/macosx/prebuilt-modules/26.2/SwiftUI.swiftmodule/arm64e-apple-macos.swiftmodule /Applications/Xcode.app/Contents/Developer/Toolchains/XcodeDefault.xctoolchain/usr/lib/swift/macosx/prebuilt-modules/26.2/Spatial.swiftmodule/arm64e-apple-macos.swiftmodule /Applications/Xcode.app/Contents/Developer/Toolchains/XcodeDefault.xctoolchain/usr/lib/swift/macosx/prebuilt-modules/26.2/XPC.swiftmodule/arm64e-apple-macos.swiftmodule /Applications/Xcode.app/Contents/Developer/Toolchains/XcodeDefault.xctoolchain/usr/lib/swift/macosx/prebuilt-modules/26.2/CoreGraphics.swiftmodule/arm64e-apple-macos.swiftmodule /Applications/Xcode.app/Contents/Developer/Toolchains/XcodeDefault.xctoolchain/usr/lib/swift/macosx/prebuilt-modules/26.2/WidgetKit.swiftmodule/arm64e-apple-macos.swiftmodule /Applications/Xcode.app/Contents/Developer/Toolchains/XcodeDefault.xctoolchain/usr/lib/swift/macosx/prebuilt-modules/26.2/Darwin.swiftmodule/arm64e-apple-macos.swiftmodule /Applications/Xcode.app/Contents/Developer/Toolchains/XcodeDefault.xctoolchain/usr/lib/swift/macosx/prebuilt-modules/26.2/CoreFoundation.swiftmodule/arm64e-apple-macos.swiftmodule /Applications/Xcode.app/Contents/Developer/Toolchains/XcodeDefault.xctoolchain/usr/lib/swift/macosx/prebuilt-modules/26.2/_DarwinFoundation2.swiftmodule/arm64e-apple-macos.swiftmodule /Applications/Xcode.app/Contents/Developer/Toolchains/XcodeDefault.xctoolchain/usr/lib/swift/macosx/prebuilt-modules/26.2/Metal.swiftmodule/arm64e-apple-macos.swiftmodule /Applications/Xcode.app/Contents/Developer/Toolchains/XcodeDefault.xctoolchain/usr/lib/swift/macosx/prebuilt-modules/26.2/Distributed.swiftmodule/arm64e-apple-macos.swiftmodule /Applications/Xcode.app/Contents/Developer/Toolchains/XcodeDefault.xctoolchain/usr/lib/swift/macosx/prebuilt-modules/26.2/_Builtin_float.swiftmodule/arm64e-apple-macos.swiftmodule /Applications/Xcode.app/Contents/Developer/Toolchains/XcodeDefault.xctoolchain/usr/lib/swift/macosx/prebuilt-modules/26.2/SwiftUICore.swiftmodule/arm64e-apple-macos.swiftmodule /Applications/Xcode.app/Contents/Developer/Toolchains/XcodeDefault.xctoolchain/usr/lib/swift/macosx/prebuilt-modules/26.2/IOKit.swiftmodule/arm64e-apple-macos.swiftmodule /Applications/Xcode.app/Contents/Developer/Toolchains/XcodeDefault.xctoolchain/usr/lib/swift/macosx/prebuilt-modules/26.2/_StringProcessing.swiftmodule/arm64e-apple-macos.swiftmodule /Applications/Xcode.app/Contents/Developer/Toolchains/XcodeDefault.xctoolchain/usr/lib/swift/macosx/prebuilt-modules/26.2/Observation.swiftmodule/arm64e-apple-macos.swiftmodule /Applications/Xcode.app/Contents/Developer/Toolchains/XcodeDefault.xctoolchain/usr/lib/swift/macosx/prebuilt-modules/26.2/DeveloperToolsSupport.swiftmodule/arm64e-apple-macos.swiftmodule /Applications/Xcode.app/Contents/Developer/Toolchains/XcodeDefault.xctoolchain/usr/lib/swift/macosx/prebuilt-modules/26.2/DataDetection.swiftmodule/arm64e-apple-macos.swiftmodule /Users/framed/Library/Developer/Xcode/DerivedData/ModuleCache.noindex/ObjectiveC-BVC77CEKEQSV6YOPIQXEXJCCQ.pcm /Users/framed/Library/Developer/Xcode/DerivedData/ModuleCache.noindex/SwiftShims-DSX5G2DPH1R8WIBNN4Q74QF4.pcm /Users/framed/Library/Developer/Xcode/DerivedData/ModuleCache.noindex/ApplicationServices-2Y2KNZ32KRBPIDMRQGLBXNI6X.pcm /Users/framed/Library/Developer/Xcode/DerivedData/ModuleCache.noindex/CoreLocation-ACMY3C0NPQOR1U6CDVTGAX5DW.pcm /Users/framed/Library/Developer/Xcode/DerivedData/ModuleCache.noindex/DataDetection-BEUJNZAPA5OP4M513VVHRZQED.pcm /Users/framed/Library/Developer/Xcode/DerivedData/ModuleCache.noindex/Intents-4BPN0EOWQKBKOPY2EDKZQS4FP.pcm /Users/framed/Library/Developer/Xcode/DerivedData/ModuleCache.noindex/XPC-7TYJTB48LO59G7880GO384FEJ.pcm /Users/framed/Library/Developer/Xcode/DerivedData/ModuleCache.noindex/CUPS-C3U2548APKE5AEANOU7UT6JWV.pcm /Users/framed/Library/Developer/Xcode/DerivedData/ModuleCache.noindex/Security-7OP3TUJ7KMMZXZI3ONWSNS8JL.pcm /Users/framed/Library/Developer/Xcode/DerivedData/ModuleCache.noindex/Foundation-CTJCKM6SJTB7YKXTQKXERZFAO.pcm /Users/framed/Library/Developer/Xcode/DerivedData/ModuleCache.noindex/_Builtin_limits-EVCK1MSRDN3HCOCGGNNE08QBV.pcm /Users/framed/Library/Developer/Xcode/DerivedData/ModuleCache.noindex/QuartzCore-EQJHSL3J031CWZ6AYXR80LMJW.pcm /Users/framed/Library/Developer/Xcode/DerivedData/ModuleCache.noindex/os_workgroup-AZ07W05TQTGBCU9WVVYH19VFQ.pcm /Users/framed/Library/Developer/Xcode/DerivedData/ModuleCache.noindex/UserNotifications-J7H9YGGFNXF7SXR6PKA9C6CO.pcm /Users/framed/Library/Developer/Xcode/DerivedData/ModuleCache.noindex/SwiftUI-218EBP4I4F16MMYHQHAFDPX3Z.pcm /Users/framed/Library/Developer/Xcode/DerivedData/ModuleCache.noindex/_Builtin_inttypes-7IKL99BI42SV0QDLIXGW7L73A.pcm /Users/framed/Library/Developer/Xcode/DerivedData/ModuleCache.noindex/Accessibility-7407UVKT26DVDUHY888PULEA.pcm /Users/framed/Library/Developer/Xcode/DerivedData/ModuleCache.noindex/CoreVideo-2YFMUTCQB62YA59J3LV3G4I7.pcm /Users/framed/Library/Developer/Xcode/DerivedData/ModuleCache.noindex/SwiftUICore-34YOYIFJ3Q8EELCQR2VFFOV0D.pcm /Users/framed/Library/Developer/Xcode/DerivedData/ModuleCache.noindex/Darwin-B98TA35J11P3MA9S1P744LJV0.pcm /Users/framed/Library/Developer/Xcode/DerivedData/ModuleCache.noindex/ptrcheck-BKZAFUSIVB7R7QU8OZ6XIXS6N.pcm /Users/framed/Library/Developer/Xcode/DerivedData/ModuleCache.noindex/Spatial-S9NP89Z3FDVY16OVAPI3IL3.pcm /Users/framed/Library/Developer/Xcode/DerivedData/ModuleCache.noindex/libkern-26X0IRYGDYGT4P8AVKGMRU44B.pcm /Users/framed/Library/Developer/Xcode/DerivedData/ModuleCache.noindex/Network-75AFPPFM3PH53OXPD8IMJ3QC9.pcm /Users/framed/Library/Developer/Xcode/DerivedData/ModuleCache.noindex/os-R5Q8IRLO8LGXCFSS1207PNZJ.pcm /Users/framed/Library/Developer/Xcode/DerivedData/ModuleCache.noindex/MachO-G22BDBBEWLFNH9UOZ22YUG0A.pcm /Users/framed/Library/Developer/Xcode/DerivedData/ModuleCache.noindex/_AvailabilityInternal-A2XOHC42Y5JIJLFLAZ564DHQ5.pcm /Users/framed/Library/Developer/Xcode/DerivedData/ModuleCache.noindex/CoreServices-6G023Q04E7FIOD47SV04SB345.pcm /Users/framed/Library/Developer/Xcode/DerivedData/ModuleCache.noindex/ColorSync-10ASRGDQ3PRECLXW8CJZLLDLY.pcm /Users/framed/Library/Developer/Xcode/DerivedData/ModuleCache.noindex/_Builtin_stdint-2MEDC5SSG18LNQ009GWX4DGGD.pcm /Users/framed/Library/Developer/Xcode/DerivedData/ModuleCache.noindex/ExtensionFoundation-85B1VEPUXSE7J772PRPOJXMB8.pcm /Users/framed/Library/Developer/Xcode/DerivedData/ModuleCache.noindex/CoreTransferable-D1XUOLCV9AIQ9SY5CMP1QQNVC.pcm /Users/framed/Library/Developer/Xcode/DerivedData/ModuleCache.noindex/CoreText-3GD5SAWOV5CNY4H5OHE8VGRQH.pcm /Users/framed/Library/Developer/Xcode/DerivedData/ModuleCache.noindex/CoreFoundation-1IBAEHI5RGMLVF5MU9MR0R5KU.pcm /Users/framed/Library/Developer/Xcode/DerivedData/ModuleCache.noindex/UniformTypeIdentifiers-6DSC9I31GBSEY71NL0GZSLQ15.pcm /Users/framed/Library/Developer/Xcode/DerivedData/ModuleCache.noindex/DiskArbitration-4R3A6R719X129W2YRHAAC1EYG.pcm /Users/framed/Library/Developer/Xcode/DerivedData/ModuleCache.noindex/ActivityKit-7CGAZ7977CN5FKZGSI4L7VZ97.pcm /Users/framed/Library/Developer/Xcode/DerivedData/ModuleCache.noindex/Metal-8K8WCTBWI6W0BHU5UNA96WOT.pcm /Users/framed/Library/Developer/Xcode/DerivedData/ModuleCache.noindex/OSLog-B45T75T4ECU2VM674ASLUASJF.pcm /Users/framed/Library/Developer/Xcode/DerivedData/ModuleCache.noindex/CoreSpotlight-CYITN0UFBNWWCHX6SFWAGR8B4.pcm /Users/framed/Library/Developer/Xcode/DerivedData/ModuleCache.noindex/Dispatch-AN9QXTWSIXN433KLZTDEIRGK7.pcm /Users/framed/Library/Developer/Xcode/DerivedData/ModuleCache.noindex/OpenGL-5OZ9KWJHGYM76YASRE1XWBZN0.pcm /Users/framed/Library/Developer/Xcode/DerivedData/ModuleCache.noindex/CoreData-2B3BL07ZJH7924VN74Y1TC610.pcm /Users/framed/Library/Developer/Xcode/DerivedData/ModuleCache.noindex/launch-EHY9JBGCJ1MV1R4T6W93ECQSN.pcm /Users/framed/Library/Developer/Xcode/DerivedData/ModuleCache.noindex/simd-MBMBOR3XMK3LBL1QF4UE4ZG2.pcm /Users/framed/Library/Developer/Xcode/DerivedData/ModuleCache.noindex/_Builtin_intrinsics-BQ616G711FV5Z1VS5I46G3VDW.pcm /Users/framed/Library/Developer/Xcode/DerivedData/ModuleCache.noindex/IOSurface-DPYIVD8KZNLC19245V669NJK9.pcm /Users/framed/Library/Developer/Xcode/DerivedData/ModuleCache.noindex/ptrauth-1MCNXL4ONRIWEB7VWPSAM3WHJ.pcm /Users/framed/Library/Developer/Xcode/DerivedData/ModuleCache.noindex/libDER-CZ6YT1GT63WXPCPXEFJ0N39OI.pcm /Users/framed/Library/Developer/Xcode/DerivedData/ModuleCache.noindex/Symbols-E5U7B2DLYST2RP6NZYAMEZXDN.pcm /Users/framed/Library/Developer/Xcode/DerivedData/ModuleCache.noindex/CFNetwork-2X2PPVZFBQ38EZE8UUJHGZY2.pcm /Users/framed/Library/Developer/Xcode/DerivedData/ModuleCache.noindex/_DarwinFoundation1-E1KND1Z92UXNFO53B2NDJYV1U.pcm /Users/framed/Library/Developer/Xcode/DerivedData/ModuleCache.noindex/ImageIO-9VMGGYWOP22OLQPLQNATDTI75.pcm /Users/framed/Library/Developer/Xcode/DerivedData/ModuleCache.noindex/sys_types-C2N6OB2QWUVTY6Z05NXEVA8R5.pcm /Users/framed/Library/Developer/Xcode/DerivedData/ModuleCache.noindex/AppKit-TXDFYS6HM97L1E9EB0AK9JRK.pcm /Users/framed/Library/Developer/Xcode/DerivedData/ModuleCache.noindex/_Builtin_stdatomic-CKA7KT3A4ZTPZ37Z1N8O6YH8K.pcm /Users/framed/Library/Developer/Xcode/DerivedData/ModuleCache.noindex/_Builtin_stdbool-AXJT87QGC8CJY3H8PL9B8SIC7.pcm /Users/framed/Library/Developer/Xcode/DerivedData/ModuleCache.noindex/_SwiftConcurrencyShims-EFLOYAMJOAD1T2WGM6USR5L.pcm /Users/framed/Library/Developer/Xcode/DerivedData/ModuleCache.noindex/os_object-1HBBLFDDM48SUIXV4JFJ55172.pcm /Users/framed/Library/Developer/Xcode/DerivedData/ModuleCache.noindex/_DarwinFoundation3-A2UX4AW7QOLBPX82ZEMZXWDVR.pcm /Users/framed/Library/Developer/Xcode/DerivedData/ModuleCache.noindex/_Builtin_stddef-10X40QZ3Q3LFS9SRSMYEMH1S2.pcm /Users/framed/Library/Developer/Xcode/DerivedData/ModuleCache.noindex/WidgetKit-BJYCZ5Y5Q9SFMLDE02RRKXSCT.pcm /Users/framed/Library/Developer/Xcode/DerivedData/ModuleCache.noindex/CoreGraphics-32YYO4V28COG5X8O8M8S22Q5Y.pcm /Users/framed/Library/Developer/Xcode/DerivedData/ModuleCache.noindex/DeveloperToolsSupport-8KHOP2F3WANYF8PEGM5BK4FVT.pcm /Users/framed/Library/Developer/Xcode/DerivedData/ModuleCache.noindex/IOKit-6DLYOAAVO46UJNX5AVTQ4SW4S.pcm /Users/framed/Library/Developer/Xcode/DerivedData/ModuleCache.noindex/_LocationEssentials-DSTKK8T1PDET96XZQGUBUU9GQ.pcm /Users/framed/Library/Developer/Xcode/DerivedData/ModuleCache.noindex/_Builtin_float-AD2F56U1FLUE5UUZ4RA0VVHZ0.pcm /Users/framed/Library/Developer/Xcode/DerivedData/ModuleCache.noindex/_DarwinFoundation2-565MTMJAEZI4F547L5OU5W1Z3.pcm /Users/framed/Library/Developer/Xcode/DerivedData/ModuleCache.noindex/dnssd-2YH7XJOYG63DTT5IJD1ZI8XXF.pcm /Users/framed/Library/Developer/Xcode/DerivedData/ModuleCache.noindex/_Builtin_stdarg-2VJC9YHTXPKX3XC4XCLELXP6S.pcm /Users/framed/Library/Developer/Xcode/DerivedData/ModuleCache.noindex/RelevanceKit-3C0B2V843051OP8LY67SE2WKH.pcm /Users/framed/Library/Developer/Xcode/DerivedData/ModuleCache.noindex/AppIntents-1UWUFG0RBL0FM1RVTZQYGTOZB.pcm /Users/framed/Library/Developer/Xcode/DerivedData/ModuleCache.noindex/CoreImage-DGJUJ0099VLYMW5J2J7ZVD8M5.pcm /Users/framed/Library/Developer/Xcode/DerivedData/ModuleCache.noindex/_Builtin_tgmath-5BKNSOGGKHKJGQ53Q0OAQ38WE.pcm /Users/framed/Library/Developer/Xcode/DerivedData/PingMonitor-bgxrolxkzgyngsgqoednnipwuyhv/Build/Intermediates.noindex/PingMonitor.build/Release/PingMonitorWidget.build/Objects-normal/arm64/PingMonitorWidget-dependencies-1.json (in target 'PingMonitorWidget' from project 'PingMonitor')

CompileSwift normal arm64 (in target 'PingMonitorWidget' from project 'PingMonitor')
    cd /Users/framed/Documents/PingMonitor
    

SwiftDriverJobDiscovery normal arm64 Compiling PingMonitorWidget.swift, WidgetDataManager.swift, GeneratedAssetSymbols.swift (in target 'PingMonitorWidget' from project 'PingMonitor')

SwiftDriver\ Compilation\ Requirements PingMonitorWidget normal arm64 com.apple.xcode.tools.swift.compiler (in target 'PingMonitorWidget' from project 'PingMonitor')
    cd /Users/framed/Documents/PingMonitor
    builtin-Swift-Compilation-Requirements -- /Applications/Xcode.app/Contents/Developer/Toolchains/XcodeDefault.xctoolchain/usr/bin/swiftc -module-name PingMonitorWidget -O -whole-module-optimization -enforce-exclusivity\=checked @/Users/framed/Library/Developer/Xcode/DerivedData/PingMonitor-bgxrolxkzgyngsgqoednnipwuyhv/Build/Intermediates.noindex/PingMonitor.build/Release/PingMonitorWidget.build/Objects-normal/arm64/PingMonitorWidget.SwiftFileList -enable-experimental-feature DebugDescriptionMacro -sdk /Applications/Xcode.app/Contents/Developer/Platforms/MacOSX.platform/Developer/SDKs/MacOSX26.2.sdk -target arm64-apple-macos14.0 -g -module-cache-path /Users/framed/Library/Developer/Xcode/DerivedData/ModuleCache.noindex -Xfrontend -serialize-debugging-options -application-extension -swift-version 6 -I /Users/framed/Library/Developer/Xcode/DerivedData/PingMonitor-bgxrolxkzgyngsgqoednnipwuyhv/Build/Products/Release -F /Users/framed/Library/Developer/Xcode/DerivedData/PingMonitor-bgxrolxkzgyngsgqoednnipwuyhv/Build/Products/Release -c -num-threads 14 -Xcc -ivfsstatcache -Xcc /Users/framed/Library/Developer/Xcode/DerivedData/SDKStatCaches.noindex/macosx26.2-25C58-00fa09913b459cbbc988d1f6730289ae.sdkstatcache -output-file-map /Users/framed/Library/Developer/Xcode/DerivedData/PingMonitor-bgxrolxkzgyngsgqoednnipwuyhv/Build/Intermediates.noindex/PingMonitor.build/Release/PingMonitorWidget.build/Objects-normal/arm64/PingMonitorWidget-OutputFileMap.json -use-frontend-parseable-output -save-temps -no-color-diagnostics -explicit-module-build -module-cache-path /Users/framed/Library/Developer/Xcode/DerivedData/PingMonitor-bgxrolxkzgyngsgqoednnipwuyhv/Build/Intermediates.noindex/SwiftExplicitPrecompiledModules -clang-scanner-module-cache-path /Users/framed/Library/Developer/Xcode/DerivedData/ModuleCache.noindex -sdk-module-cache-path /Users/framed/Library/Developer/Xcode/DerivedData/ModuleCache.noindex -serialize-diagnostics -emit-dependencies -emit-module -emit-module-path /Users/framed/Library/Developer/Xcode/DerivedData/PingMonitor-bgxrolxkzgyngsgqoednnipwuyhv/Build/Intermediates.noindex/PingMonitor.build/Release/PingMonitorWidget.build/Objects-normal/arm64/PingMonitorWidget.swiftmodule -validate-clang-modules-once -clang-build-session-file /Users/framed/Library/Developer/Xcode/DerivedData/ModuleCache.noindex/Session.modulevalidation -Xcc -I/Users/framed/Library/Developer/Xcode/DerivedData/PingMonitor-bgxrolxkzgyngsgqoednnipwuyhv/Build/Intermediates.noindex/PingMonitor.build/Release/PingMonitorWidget.build/swift-overrides.hmap -emit-const-values -Xfrontend -const-gather-protocols-file -Xfrontend /Users/framed/Library/Developer/Xcode/DerivedData/PingMonitor-bgxrolxkzgyngsgqoednnipwuyhv/Build/Intermediates.noindex/PingMonitor.build/Release/PingMonitorWidget.build/Objects-normal/arm64/PingMonitorWidget_const_extract_protocols.json -Xcc -iquote -Xcc /Users/framed/Library/Developer/Xcode/DerivedData/PingMonitor-bgxrolxkzgyngsgqoednnipwuyhv/Build/Intermediates.noindex/PingMonitor.build/Release/PingMonitorWidget.build/PingMonitorWidget-generated-files.hmap -Xcc -I/Users/framed/Library/Developer/Xcode/DerivedData/PingMonitor-bgxrolxkzgyngsgqoednnipwuyhv/Build/Intermediates.noindex/PingMonitor.build/Release/PingMonitorWidget.build/PingMonitorWidget-own-target-headers.hmap -Xcc -I/Users/framed/Library/Developer/Xcode/DerivedData/PingMonitor-bgxrolxkzgyngsgqoednnipwuyhv/Build/Intermediates.noindex/PingMonitor.build/Release/PingMonitorWidget.build/PingMonitorWidget-all-target-headers.hmap -Xcc -iquote -Xcc /Users/framed/Library/Developer/Xcode/DerivedData/PingMonitor-bgxrolxkzgyngsgqoednnipwuyhv/Build/Intermediates.noindex/PingMonitor.build/Release/PingMonitorWidget.build/PingMonitorWidget-project-headers.hmap -Xcc -I/Users/framed/Library/Developer/Xcode/DerivedData/PingMonitor-bgxrolxkzgyngsgqoednnipwuyhv/Build/Products/Release/include -Xcc -I/Users/framed/Library/Developer/Xcode/DerivedData/PingMonitor-bgxrolxkzgyngsgqoednnipwuyhv/Build/Intermediates.noindex/PingMonitor.build/Release/PingMonitorWidget.build/DerivedSources-normal/arm64 -Xcc -I/Users/framed/Library/Developer/Xcode/DerivedData/PingMonitor-bgxrolxkzgyngsgqoednnipwuyhv/Build/Intermediates.noindex/PingMonitor.build/Release/PingMonitorWidget.build/DerivedSources/arm64 -Xcc -I/Users/framed/Library/Developer/Xcode/DerivedData/PingMonitor-bgxrolxkzgyngsgqoednnipwuyhv/Build/Intermediates.noindex/PingMonitor.build/Release/PingMonitorWidget.build/DerivedSources -emit-objc-header -emit-objc-header-path /Users/framed/Library/Developer/Xcode/DerivedData/PingMonitor-bgxrolxkzgyngsgqoednnipwuyhv/Build/Intermediates.noindex/PingMonitor.build/Release/PingMonitorWidget.build/Objects-normal/arm64/PingMonitorWidget-Swift.h -working-directory /Users/framed/Documents/PingMonitor -no-emit-module-separately-wmo

SwiftMergeGeneratedHeaders /Users/framed/Library/Developer/Xcode/DerivedData/PingMonitor-bgxrolxkzgyngsgqoednnipwuyhv/Build/Intermediates.noindex/PingMonitor.build/Release/PingMonitorWidget.build/DerivedSources/PingMonitorWidget-Swift.h /Users/framed/Library/Developer/Xcode/DerivedData/PingMonitor-bgxrolxkzgyngsgqoednnipwuyhv/Build/Intermediates.noindex/PingMonitor.build/Release/PingMonitorWidget.build/Objects-normal/arm64/PingMonitorWidget-Swift.h (in target 'PingMonitorWidget' from project 'PingMonitor')
    cd /Users/framed/Documents/PingMonitor
    builtin-swiftHeaderTool -arch arm64 /Users/framed/Library/Developer/Xcode/DerivedData/PingMonitor-bgxrolxkzgyngsgqoednnipwuyhv/Build/Intermediates.noindex/PingMonitor.build/Release/PingMonitorWidget.build/Objects-normal/arm64/PingMonitorWidget-Swift.h -o /Users/framed/Library/Developer/Xcode/DerivedData/PingMonitor-bgxrolxkzgyngsgqoednnipwuyhv/Build/Intermediates.noindex/PingMonitor.build/Release/PingMonitorWidget.build/DerivedSources/PingMonitorWidget-Swift.h

Copy /Users/framed/Library/Developer/Xcode/DerivedData/PingMonitor-bgxrolxkzgyngsgqoednnipwuyhv/Build/Products/Release/PingMonitorWidget.swiftmodule/arm64-apple-macos.swiftmodule /Users/framed/Library/Developer/Xcode/DerivedData/PingMonitor-bgxrolxkzgyngsgqoednnipwuyhv/Build/Intermediates.noindex/PingMonitor.build/Release/PingMonitorWidget.build/Objects-normal/arm64/PingMonitorWidget.swiftmodule (in target 'PingMonitorWidget' from project 'PingMonitor')
    cd /Users/framed/Documents/PingMonitor
    builtin-copy -exclude .DS_Store -exclude CVS -exclude .svn -exclude .git -exclude .hg -resolve-src-symlinks -rename /Users/framed/Library/Developer/Xcode/DerivedData/PingMonitor-bgxrolxkzgyngsgqoednnipwuyhv/Build/Intermediates.noindex/PingMonitor.build/Release/PingMonitorWidget.build/Objects-normal/arm64/PingMonitorWidget.swiftmodule /Users/framed/Library/Developer/Xcode/DerivedData/PingMonitor-bgxrolxkzgyngsgqoednnipwuyhv/Build/Products/Release/PingMonitorWidget.swiftmodule/arm64-apple-macos.swiftmodule

Copy /Users/framed/Library/Developer/Xcode/DerivedData/PingMonitor-bgxrolxkzgyngsgqoednnipwuyhv/Build/Products/Release/PingMonitorWidget.swiftmodule/arm64-apple-macos.abi.json /Users/framed/Library/Developer/Xcode/DerivedData/PingMonitor-bgxrolxkzgyngsgqoednnipwuyhv/Build/Intermediates.noindex/PingMonitor.build/Release/PingMonitorWidget.build/Objects-normal/arm64/PingMonitorWidget.abi.json (in target 'PingMonitorWidget' from project 'PingMonitor')
    cd /Users/framed/Documents/PingMonitor
    builtin-copy -exclude .DS_Store -exclude CVS -exclude .svn -exclude .git -exclude .hg -resolve-src-symlinks -rename /Users/framed/Library/Developer/Xcode/DerivedData/PingMonitor-bgxrolxkzgyngsgqoednnipwuyhv/Build/Intermediates.noindex/PingMonitor.build/Release/PingMonitorWidget.build/Objects-normal/arm64/PingMonitorWidget.abi.json /Users/framed/Library/Developer/Xcode/DerivedData/PingMonitor-bgxrolxkzgyngsgqoednnipwuyhv/Build/Products/Release/PingMonitorWidget.swiftmodule/arm64-apple-macos.abi.json

Copy /Users/framed/Library/Developer/Xcode/DerivedData/PingMonitor-bgxrolxkzgyngsgqoednnipwuyhv/Build/Products/Release/PingMonitorWidget.swiftmodule/arm64-apple-macos.swiftdoc /Users/framed/Library/Developer/Xcode/DerivedData/PingMonitor-bgxrolxkzgyngsgqoednnipwuyhv/Build/Intermediates.noindex/PingMonitor.build/Release/PingMonitorWidget.build/Objects-normal/arm64/PingMonitorWidget.swiftdoc (in target 'PingMonitorWidget' from project 'PingMonitor')
    cd /Users/framed/Documents/PingMonitor
    builtin-copy -exclude .DS_Store -exclude CVS -exclude .svn -exclude .git -exclude .hg -resolve-src-symlinks -rename /Users/framed/Library/Developer/Xcode/DerivedData/PingMonitor-bgxrolxkzgyngsgqoednnipwuyhv/Build/Intermediates.noindex/PingMonitor.build/Release/PingMonitorWidget.build/Objects-normal/arm64/PingMonitorWidget.swiftdoc /Users/framed/Library/Developer/Xcode/DerivedData/PingMonitor-bgxrolxkzgyngsgqoednnipwuyhv/Build/Products/Release/PingMonitorWidget.swiftmodule/arm64-apple-macos.swiftdoc

Copy /Users/framed/Library/Developer/Xcode/DerivedData/PingMonitor-bgxrolxkzgyngsgqoednnipwuyhv/Build/Products/Release/PingMonitorWidget.swiftmodule/Project/arm64-apple-macos.swiftsourceinfo /Users/framed/Library/Developer/Xcode/DerivedData/PingMonitor-bgxrolxkzgyngsgqoednnipwuyhv/Build/Intermediates.noindex/PingMonitor.build/Release/PingMonitorWidget.build/Objects-normal/arm64/PingMonitorWidget.swiftsourceinfo (in target 'PingMonitorWidget' from project 'PingMonitor')
    cd /Users/framed/Documents/PingMonitor
    builtin-copy -exclude .DS_Store -exclude CVS -exclude .svn -exclude .git -exclude .hg -resolve-src-symlinks -rename /Users/framed/Library/Developer/Xcode/DerivedData/PingMonitor-bgxrolxkzgyngsgqoednnipwuyhv/Build/Intermediates.noindex/PingMonitor.build/Release/PingMonitorWidget.build/Objects-normal/arm64/PingMonitorWidget.swiftsourceinfo /Users/framed/Library/Developer/Xcode/DerivedData/PingMonitor-bgxrolxkzgyngsgqoednnipwuyhv/Build/Products/Release/PingMonitorWidget.swiftmodule/Project/arm64-apple-macos.swiftsourceinfo

Ld /Users/framed/Library/Developer/Xcode/DerivedData/PingMonitor-bgxrolxkzgyngsgqoednnipwuyhv/Build/Products/Release/PingMonitorWidget.appex/Contents/MacOS/PingMonitorWidget normal (in target 'PingMonitorWidget' from project 'PingMonitor')
    cd /Users/framed/Documents/PingMonitor
    /Applications/Xcode.app/Contents/Developer/Toolchains/XcodeDefault.xctoolchain/usr/bin/clang -Xlinker -reproducible -target arm64-apple-macos14.0 -isysroot /Applications/Xcode.app/Contents/Developer/Platforms/MacOSX.platform/Developer/SDKs/MacOSX26.2.sdk -Os -L/Users/framed/Library/Developer/Xcode/DerivedData/PingMonitor-bgxrolxkzgyngsgqoednnipwuyhv/Build/Intermediates.noindex/EagerLinkingTBDs/Release -L/Users/framed/Library/Developer/Xcode/DerivedData/PingMonitor-bgxrolxkzgyngsgqoednnipwuyhv/Build/Products/Release -F/Users/framed/Library/Developer/Xcode/DerivedData/PingMonitor-bgxrolxkzgyngsgqoednnipwuyhv/Build/Intermediates.noindex/EagerLinkingTBDs/Release -F/Users/framed/Library/Developer/Xcode/DerivedData/PingMonitor-bgxrolxkzgyngsgqoednnipwuyhv/Build/Products/Release -filelist /Users/framed/Library/Developer/Xcode/DerivedData/PingMonitor-bgxrolxkzgyngsgqoednnipwuyhv/Build/Intermediates.noindex/PingMonitor.build/Release/PingMonitorWidget.build/Objects-normal/arm64/PingMonitorWidget.LinkFileList -Xlinker -rpath -Xlinker /usr/lib/swift -Xlinker -rpath -Xlinker @executable_path/../Frameworks -Xlinker -rpath -Xlinker @executable_path/../../../../Frameworks -Xlinker -object_path_lto -Xlinker /Users/framed/Library/Developer/Xcode/DerivedData/PingMonitor-bgxrolxkzgyngsgqoednnipwuyhv/Build/Intermediates.noindex/PingMonitor.build/Release/PingMonitorWidget.build/Objects-normal/arm64/PingMonitorWidget_lto.o -Xlinker -dependency_info -Xlinker /Users/framed/Library/Developer/Xcode/DerivedData/PingMonitor-bgxrolxkzgyngsgqoednnipwuyhv/Build/Intermediates.noindex/PingMonitor.build/Release/PingMonitorWidget.build/Objects-normal/arm64/PingMonitorWidget_dependency_info.dat -e _NSExtensionMain -fapplication-extension -fobjc-link-runtime -L/Applications/Xcode.app/Contents/Developer/Toolchains/XcodeDefault.xctoolchain/usr/lib/swift/macosx -L/usr/lib/swift -Xlinker -add_ast_path -Xlinker /Users/framed/Library/Developer/Xcode/DerivedData/PingMonitor-bgxrolxkzgyngsgqoednnipwuyhv/Build/Intermediates.noindex/PingMonitor.build/Release/PingMonitorWidget.build/Objects-normal/arm64/PingMonitorWidget.swiftmodule @/Users/framed/Library/Developer/Xcode/DerivedData/PingMonitor-bgxrolxkzgyngsgqoednnipwuyhv/Build/Intermediates.noindex/PingMonitor.build/Release/PingMonitorWidget.build/Objects-normal/arm64/PingMonitorWidget-linker-args.resp -Xlinker -no_adhoc_codesign -o /Users/framed/Library/Developer/Xcode/DerivedData/PingMonitor-bgxrolxkzgyngsgqoednnipwuyhv/Build/Products/Release/PingMonitorWidget.appex/Contents/MacOS/PingMonitorWidget

ProcessProductPackaging /Users/framed/Documents/PingMonitor/PingMonitor/PingMonitor.entitlements /Users/framed/Library/Developer/Xcode/DerivedData/PingMonitor-bgxrolxkzgyngsgqoednnipwuyhv/Build/Intermediates.noindex/PingMonitor.build/Release/PingMonitor.build/PingMonitor.app.xcent (in target 'PingMonitor' from project 'PingMonitor')
    cd /Users/framed/Documents/PingMonitor
    
    Entitlements:
    
    {
    "com.apple.security.get-task-allow" = 1;
}
    
    builtin-productPackagingUtility /Users/framed/Documents/PingMonitor/PingMonitor/PingMonitor.entitlements -entitlements -format xml -o /Users/framed/Library/Developer/Xcode/DerivedData/PingMonitor-bgxrolxkzgyngsgqoednnipwuyhv/Build/Intermediates.noindex/PingMonitor.build/Release/PingMonitor.build/PingMonitor.app.xcent

ProcessProductPackagingDER /Users/framed/Library/Developer/Xcode/DerivedData/PingMonitor-bgxrolxkzgyngsgqoednnipwuyhv/Build/Intermediates.noindex/PingMonitor.build/Release/PingMonitor.build/PingMonitor.app.xcent /Users/framed/Library/Developer/Xcode/DerivedData/PingMonitor-bgxrolxkzgyngsgqoednnipwuyhv/Build/Intermediates.noindex/PingMonitor.build/Release/PingMonitor.build/PingMonitor.app.xcent.der (in target 'PingMonitor' from project 'PingMonitor')
    cd /Users/framed/Documents/PingMonitor
    /usr/bin/derq query -f xml -i /Users/framed/Library/Developer/Xcode/DerivedData/PingMonitor-bgxrolxkzgyngsgqoednnipwuyhv/Build/Intermediates.noindex/PingMonitor.build/Release/PingMonitor.build/PingMonitor.app.xcent -o /Users/framed/Library/Developer/Xcode/DerivedData/PingMonitor-bgxrolxkzgyngsgqoednnipwuyhv/Build/Intermediates.noindex/PingMonitor.build/Release/PingMonitor.build/PingMonitor.app.xcent.der --raw

GenerateAssetSymbols /Users/framed/Documents/PingMonitor/PingMonitor/Assets.xcassets (in target 'PingMonitor' from project 'PingMonitor')
    cd /Users/framed/Documents/PingMonitor
    /Applications/Xcode.app/Contents/Developer/usr/bin/actool /Users/framed/Documents/PingMonitor/PingMonitor/Assets.xcassets --compile /Users/framed/Library/Developer/Xcode/DerivedData/PingMonitor-bgxrolxkzgyngsgqoednnipwuyhv/Build/Products/Release/PingMonitor.app/Contents/Resources --output-format human-readable-text --notices --warnings --export-dependency-info /Users/framed/Library/Developer/Xcode/DerivedData/PingMonitor-bgxrolxkzgyngsgqoednnipwuyhv/Build/Intermediates.noindex/PingMonitor.build/Release/PingMonitor.build/assetcatalog_dependencies --output-partial-info-plist /Users/framed/Library/Developer/Xcode/DerivedData/PingMonitor-bgxrolxkzgyngsgqoednnipwuyhv/Build/Intermediates.noindex/PingMonitor.build/Release/PingMonitor.build/assetcatalog_generated_info.plist --app-icon AppIcon --enable-on-demand-resources NO --development-region en --target-device mac --minimum-deployment-target 14.0 --platform macosx --bundle-identifier com.pingmonitor.app --generate-swift-asset-symbol-extensions NO --generate-swift-asset-symbols /Users/framed/Library/Developer/Xcode/DerivedData/PingMonitor-bgxrolxkzgyngsgqoednnipwuyhv/Build/Intermediates.noindex/PingMonitor.build/Release/PingMonitor.build/DerivedSources/GeneratedAssetSymbols.swift --generate-objc-asset-symbols /Users/framed/Library/Developer/Xcode/DerivedData/PingMonitor-bgxrolxkzgyngsgqoednnipwuyhv/Build/Intermediates.noindex/PingMonitor.build/Release/PingMonitor.build/DerivedSources/GeneratedAssetSymbols.h --generate-asset-symbol-index /Users/framed/Library/Developer/Xcode/DerivedData/PingMonitor-bgxrolxkzgyngsgqoednnipwuyhv/Build/Intermediates.noindex/PingMonitor.build/Release/PingMonitor.build/DerivedSources/GeneratedAssetSymbols-Index.plist
/* com.apple.actool.compilation-results */
/Users/framed/Library/Developer/Xcode/DerivedData/PingMonitor-bgxrolxkzgyngsgqoednnipwuyhv/Build/Intermediates.noindex/PingMonitor.build/Release/PingMonitor.build/DerivedSources/GeneratedAssetSymbols-Index.plist
/Users/framed/Library/Developer/Xcode/DerivedData/PingMonitor-bgxrolxkzgyngsgqoednnipwuyhv/Build/Intermediates.noindex/PingMonitor.build/Release/PingMonitor.build/DerivedSources/GeneratedAssetSymbols.h
/Users/framed/Library/Developer/Xcode/DerivedData/PingMonitor-bgxrolxkzgyngsgqoednnipwuyhv/Build/Intermediates.noindex/PingMonitor.build/Release/PingMonitor.build/DerivedSources/GeneratedAssetSymbols.swift


MkDir /Users/framed/Library/Developer/Xcode/DerivedData/PingMonitor-bgxrolxkzgyngsgqoednnipwuyhv/Build/Intermediates.noindex/PingMonitor.build/Release/PingMonitor.build/assetcatalog_output/thinned (in target 'PingMonitor' from project 'PingMonitor')
    cd /Users/framed/Documents/PingMonitor
    /bin/mkdir -p /Users/framed/Library/Developer/Xcode/DerivedData/PingMonitor-bgxrolxkzgyngsgqoednnipwuyhv/Build/Intermediates.noindex/PingMonitor.build/Release/PingMonitor.build/assetcatalog_output/thinned

MkDir /Users/framed/Library/Developer/Xcode/DerivedData/PingMonitor-bgxrolxkzgyngsgqoednnipwuyhv/Build/Intermediates.noindex/PingMonitor.build/Release/PingMonitor.build/assetcatalog_output/unthinned (in target 'PingMonitor' from project 'PingMonitor')
    cd /Users/framed/Documents/PingMonitor
    /bin/mkdir -p /Users/framed/Library/Developer/Xcode/DerivedData/PingMonitor-bgxrolxkzgyngsgqoednnipwuyhv/Build/Intermediates.noindex/PingMonitor.build/Release/PingMonitor.build/assetcatalog_output/unthinned

CompileAssetCatalogVariant thinned /Users/framed/Library/Developer/Xcode/DerivedData/PingMonitor-bgxrolxkzgyngsgqoednnipwuyhv/Build/Products/Release/PingMonitor.app/Contents/Resources /Users/framed/Documents/PingMonitor/PingMonitor/Assets.xcassets (in target 'PingMonitor' from project 'PingMonitor')
    cd /Users/framed/Documents/PingMonitor
    /Applications/Xcode.app/Contents/Developer/usr/bin/actool /Users/framed/Documents/PingMonitor/PingMonitor/Assets.xcassets --compile /Users/framed/Library/Developer/Xcode/DerivedData/PingMonitor-bgxrolxkzgyngsgqoednnipwuyhv/Build/Intermediates.noindex/PingMonitor.build/Release/PingMonitor.build/assetcatalog_output/thinned --output-format human-readable-text --notices --warnings --export-dependency-info /Users/framed/Library/Developer/Xcode/DerivedData/PingMonitor-bgxrolxkzgyngsgqoednnipwuyhv/Build/Intermediates.noindex/PingMonitor.build/Release/PingMonitor.build/assetcatalog_dependencies_thinned --output-partial-info-plist /Users/framed/Library/Developer/Xcode/DerivedData/PingMonitor-bgxrolxkzgyngsgqoednnipwuyhv/Build/Intermediates.noindex/PingMonitor.build/Release/PingMonitor.build/assetcatalog_generated_info.plist_thinned --app-icon AppIcon --enable-on-demand-resources NO --development-region en --target-device mac --minimum-deployment-target 14.0 --platform macosx
/* com.apple.actool.compilation-results */
/Users/framed/Library/Developer/Xcode/DerivedData/PingMonitor-bgxrolxkzgyngsgqoednnipwuyhv/Build/Intermediates.noindex/PingMonitor.build/Release/PingMonitor.build/assetcatalog_generated_info.plist_thinned
/Users/framed/Library/Developer/Xcode/DerivedData/PingMonitor-bgxrolxkzgyngsgqoednnipwuyhv/Build/Intermediates.noindex/PingMonitor.build/Release/PingMonitor.build/assetcatalog_output/thinned/AppIcon.icns
/Users/framed/Library/Developer/Xcode/DerivedData/PingMonitor-bgxrolxkzgyngsgqoednnipwuyhv/Build/Intermediates.noindex/PingMonitor.build/Release/PingMonitor.build/assetcatalog_output/thinned/Assets.car


SwiftDriver PingMonitor normal arm64 com.apple.xcode.tools.swift.compiler (in target 'PingMonitor' from project 'PingMonitor')
    cd /Users/framed/Documents/PingMonitor
    builtin-SwiftDriver -- /Applications/Xcode.app/Contents/Developer/Toolchains/XcodeDefault.xctoolchain/usr/bin/swiftc -module-name PingMonitor -O -whole-module-optimization -enforce-exclusivity\=checked @/Users/framed/Library/Developer/Xcode/DerivedData/PingMonitor-bgxrolxkzgyngsgqoednnipwuyhv/Build/Intermediates.noindex/PingMonitor.build/Release/PingMonitor.build/Objects-normal/arm64/PingMonitor.SwiftFileList -enable-experimental-feature DebugDescriptionMacro -sdk /Applications/Xcode.app/Contents/Developer/Platforms/MacOSX.platform/Developer/SDKs/MacOSX26.2.sdk -target arm64-apple-macos14.0 -g -module-cache-path /Users/framed/Library/Developer/Xcode/DerivedData/ModuleCache.noindex -Xfrontend -serialize-debugging-options -swift-version 6 -I /Users/framed/Library/Developer/Xcode/DerivedData/PingMonitor-bgxrolxkzgyngsgqoednnipwuyhv/Build/Products/Release -F /Users/framed/Library/Developer/Xcode/DerivedData/PingMonitor-bgxrolxkzgyngsgqoednnipwuyhv/Build/Products/Release -c -num-threads 14 -Xcc -ivfsstatcache -Xcc /Users/framed/Library/Developer/Xcode/DerivedData/SDKStatCaches.noindex/macosx26.2-25C58-00fa09913b459cbbc988d1f6730289ae.sdkstatcache -output-file-map /Users/framed/Library/Developer/Xcode/DerivedData/PingMonitor-bgxrolxkzgyngsgqoednnipwuyhv/Build/Intermediates.noindex/PingMonitor.build/Release/PingMonitor.build/Objects-normal/arm64/PingMonitor-OutputFileMap.json -use-frontend-parseable-output -save-temps -no-color-diagnostics -explicit-module-build -module-cache-path /Users/framed/Library/Developer/Xcode/DerivedData/PingMonitor-bgxrolxkzgyngsgqoednnipwuyhv/Build/Intermediates.noindex/SwiftExplicitPrecompiledModules -clang-scanner-module-cache-path /Users/framed/Library/Developer/Xcode/DerivedData/ModuleCache.noindex -sdk-module-cache-path /Users/framed/Library/Developer/Xcode/DerivedData/ModuleCache.noindex -serialize-diagnostics -emit-dependencies -emit-module -emit-module-path /Users/framed/Library/Developer/Xcode/DerivedData/PingMonitor-bgxrolxkzgyngsgqoednnipwuyhv/Build/Intermediates.noindex/PingMonitor.build/Release/PingMonitor.build/Objects-normal/arm64/PingMonitor.swiftmodule -validate-clang-modules-once -clang-build-session-file /Users/framed/Library/Developer/Xcode/DerivedData/ModuleCache.noindex/Session.modulevalidation -Xcc -I/Users/framed/Library/Developer/Xcode/DerivedData/PingMonitor-bgxrolxkzgyngsgqoednnipwuyhv/Build/Intermediates.noindex/PingMonitor.build/Release/PingMonitor.build/swift-overrides.hmap -emit-const-values -Xfrontend -const-gather-protocols-file -Xfrontend /Users/framed/Library/Developer/Xcode/DerivedData/PingMonitor-bgxrolxkzgyngsgqoednnipwuyhv/Build/Intermediates.noindex/PingMonitor.build/Release/PingMonitor.build/Objects-normal/arm64/PingMonitor_const_extract_protocols.json -Xcc -iquote -Xcc /Users/framed/Library/Developer/Xcode/DerivedData/PingMonitor-bgxrolxkzgyngsgqoednnipwuyhv/Build/Intermediates.noindex/PingMonitor.build/Release/PingMonitor.build/PingMonitor-generated-files.hmap -Xcc -I/Users/framed/Library/Developer/Xcode/DerivedData/PingMonitor-bgxrolxkzgyngsgqoednnipwuyhv/Build/Intermediates.noindex/PingMonitor.build/Release/PingMonitor.build/PingMonitor-own-target-headers.hmap -Xcc -I/Users/framed/Library/Developer/Xcode/DerivedData/PingMonitor-bgxrolxkzgyngsgqoednnipwuyhv/Build/Intermediates.noindex/PingMonitor.build/Release/PingMonitor.build/PingMonitor-all-target-headers.hmap -Xcc -iquote -Xcc /Users/framed/Library/Developer/Xcode/DerivedData/PingMonitor-bgxrolxkzgyngsgqoednnipwuyhv/Build/Intermediates.noindex/PingMonitor.build/Release/PingMonitor.build/PingMonitor-project-headers.hmap -Xcc -I/Users/framed/Library/Developer/Xcode/DerivedData/PingMonitor-bgxrolxkzgyngsgqoednnipwuyhv/Build/Products/Release/include -Xcc -I/Users/framed/Library/Developer/Xcode/DerivedData/PingMonitor-bgxrolxkzgyngsgqoednnipwuyhv/Build/Intermediates.noindex/PingMonitor.build/Release/PingMonitor.build/DerivedSources-normal/arm64 -Xcc -I/Users/framed/Library/Developer/Xcode/DerivedData/PingMonitor-bgxrolxkzgyngsgqoednnipwuyhv/Build/Intermediates.noindex/PingMonitor.build/Release/PingMonitor.build/DerivedSources/arm64 -Xcc -I/Users/framed/Library/Developer/Xcode/DerivedData/PingMonitor-bgxrolxkzgyngsgqoednnipwuyhv/Build/Intermediates.noindex/PingMonitor.build/Release/PingMonitor.build/DerivedSources -emit-objc-header -emit-objc-header-path /Users/framed/Library/Developer/Xcode/DerivedData/PingMonitor-bgxrolxkzgyngsgqoednnipwuyhv/Build/Intermediates.noindex/PingMonitor.build/Release/PingMonitor.build/Objects-normal/arm64/PingMonitor-Swift.h -working-directory /Users/framed/Documents/PingMonitor -no-emit-module-separately-wmo

SwiftCompile normal arm64 Compiling\ Components.swift,\ DashboardView.swift,\ EditableHostCard.swift,\ HostDetailView.swift,\ Localization.swift,\ MainView.swift,\ NetworkSpeedManager.swift,\ NetworkSpeedTab.swift,\ PingMonitorApp.swift,\ ServicesTab.swift,\ SidebarView.swift,\ TailscaleManager.swift,\ TailscaleTab.swift,\ Theme.swift,\ TracerouteManager.swift,\ TracerouteView.swift,\ WidgetDataManager.swift,\ GeneratedAssetSymbols.swift /Users/framed/Documents/PingMonitor/PingMonitor/Components.swift /Users/framed/Documents/PingMonitor/PingMonitor/DashboardView.swift /Users/framed/Documents/PingMonitor/PingMonitor/EditableHostCard.swift /Users/framed/Documents/PingMonitor/PingMonitor/HostDetailView.swift /Users/framed/Documents/PingMonitor/PingMonitor/Localization.swift /Users/framed/Documents/PingMonitor/PingMonitor/MainView.swift /Users/framed/Documents/PingMonitor/PingMonitor/NetworkSpeedManager.swift /Users/framed/Documents/PingMonitor/PingMonitor/NetworkSpeedTab.swift /Users/framed/Documents/PingMonitor/PingMonitor/PingMonitorApp.swift /Users/framed/Documents/PingMonitor/PingMonitor/ServicesTab.swift /Users/framed/Documents/PingMonitor/PingMonitor/SidebarView.swift /Users/framed/Documents/PingMonitor/PingMonitor/TailscaleManager.swift /Users/framed/Documents/PingMonitor/PingMonitor/TailscaleTab.swift /Users/framed/Documents/PingMonitor/PingMonitor/Theme.swift /Users/framed/Documents/PingMonitor/PingMonitor/TracerouteManager.swift /Users/framed/Documents/PingMonitor/PingMonitor/TracerouteView.swift /Users/framed/Documents/PingMonitor/PingMonitor/WidgetDataManager.swift /Users/framed/Library/Developer/Xcode/DerivedData/PingMonitor-bgxrolxkzgyngsgqoednnipwuyhv/Build/Intermediates.noindex/PingMonitor.build/Release/PingMonitor.build/DerivedSources/GeneratedAssetSymbols.swift /Applications/Xcode.app/Contents/Developer/Toolchains/XcodeDefault.xctoolchain/usr/lib/swift/macosx/prebuilt-modules/26.2/GeoToolbox.swiftmodule/arm64e-apple-macos.swiftmodule /Applications/Xcode.app/Contents/Developer/Toolchains/XcodeDefault.xctoolchain/usr/lib/swift/macosx/prebuilt-modules/26.2/CoreLocation.swiftmodule/arm64e-apple-macos.swiftmodule /Applications/Xcode.app/Contents/Developer/Toolchains/XcodeDefault.xctoolchain/usr/lib/swift/macosx/prebuilt-modules/26.2/Accessibility.swiftmodule/arm64e-apple-macos.swiftmodule /Applications/Xcode.app/Contents/Developer/Toolchains/XcodeDefault.xctoolchain/usr/lib/swift/macosx/prebuilt-modules/26.2/Distributed.swiftmodule/arm64e-apple-macos.swiftmodule /Applications/Xcode.app/Contents/Developer/Toolchains/XcodeDefault.xctoolchain/usr/lib/swift/macosx/prebuilt-modules/26.2/AppIntents.swiftmodule/arm64e-apple-macos.swiftmodule /Applications/Xcode.app/Contents/Developer/Toolchains/XcodeDefault.xctoolchain/usr/lib/swift/macosx/prebuilt-modules/26.2/CoreImage.swiftmodule/arm64e-apple-macos.swiftmodule /Applications/Xcode.app/Contents/Developer/Toolchains/XcodeDefault.xctoolchain/usr/lib/swift/macosx/prebuilt-modules/26.2/_Concurrency.swiftmodule/arm64e-apple-macos.swiftmodule /Applications/Xcode.app/Contents/Developer/Toolchains/XcodeDefault.xctoolchain/usr/lib/swift/macosx/prebuilt-modules/26.2/WidgetKit.swiftmodule/arm64e-apple-macos.swiftmodule /Applications/Xcode.app/Contents/Developer/Toolchains/XcodeDefault.xctoolchain/usr/lib/swift/macosx/prebuilt-modules/26.2/CoreFoundation.swiftmodule/arm64e-apple-macos.swiftmodule /Applications/Xcode.app/Contents/Developer/Toolchains/XcodeDefault.xctoolchain/usr/lib/swift/macosx/prebuilt-modules/26.2/XPC.swiftmodule/arm64e-apple-macos.swiftmodule /Applications/Xcode.app/Contents/Developer/Toolchains/XcodeDefault.xctoolchain/usr/lib/swift/macosx/prebuilt-modules/26.2/_Builtin_float.swiftmodule/arm64e-apple-macos.swiftmodule /Applications/Xcode.app/Contents/Developer/Toolchains/XcodeDefault.xctoolchain/usr/lib/swift/macosx/prebuilt-modules/26.2/simd.swiftmodule/arm64e-apple-macos.swiftmodule /Applications/Xcode.app/Contents/Developer/Toolchains/XcodeDefault.xctoolchain/usr/lib/swift/macosx/prebuilt-modules/26.2/_MapKit_SwiftUI.swiftmodule/arm64e-apple-macos.swiftmodule /Applications/Xcode.app/Contents/Developer/Toolchains/XcodeDefault.xctoolchain/usr/lib/swift/macosx/prebuilt-modules/26.2/RelevanceKit.swiftmodule/arm64e-apple-macos.swiftmodule /Applications/Xcode.app/Contents/Developer/Toolchains/XcodeDefault.xctoolchain/usr/lib/swift/macosx/prebuilt-modules/26.2/CoreText.swiftmodule/arm64e-apple-macos.swiftmodule /Applications/Xcode.app/Contents/Developer/Toolchains/XcodeDefault.xctoolchain/usr/lib/swift/macosx/prebuilt-modules/26.2/Intents.swiftmodule/arm64e-apple-macos.swiftmodule /Applications/Xcode.app/Contents/Developer/Toolchains/XcodeDefault.xctoolchain/usr/lib/swift/macosx/prebuilt-modules/26.2/System.swiftmodule/arm64e-apple-macos.swiftmodule /Applications/Xcode.app/Contents/Developer/Toolchains/XcodeDefault.xctoolchain/usr/lib/swift/macosx/prebuilt-modules/26.2/Darwin.swiftmodule/arm64e-apple-macos.swiftmodule /Applications/Xcode.app/Contents/Developer/Toolchains/XcodeDefault.xctoolchain/usr/lib/swift/macosx/prebuilt-modules/26.2/Observation.swiftmodule/arm64e-apple-macos.swiftmodule /Applications/Xcode.app/Contents/Developer/Toolchains/XcodeDefault.xctoolchain/usr/lib/swift/macosx/prebuilt-modules/26.2/IOKit.swiftmodule/arm64e-apple-macos.swiftmodule /Applications/Xcode.app/Contents/Developer/Toolchains/XcodeDefault.xctoolchain/usr/lib/swift/macosx/prebuilt-modules/26.2/CoreGraphics.swiftmodule/arm64e-apple-macos.swiftmodule /Applications/Xcode.app/Contents/Developer/Toolchains/XcodeDefault.xctoolchain/usr/lib/swift/macosx/prebuilt-modules/26.2/Charts.swiftmodule/arm64e-apple-macos.swiftmodule /Applications/Xcode.app/Contents/Developer/Toolchains/XcodeDefault.xctoolchain/usr/lib/swift/macosx/prebuilt-modules/26.2/_DarwinFoundation3.swiftmodule/arm64e-apple-macos.swiftmodule /Applications/Xcode.app/Contents/Developer/Toolchains/XcodeDefault.xctoolchain/usr/lib/swift/macosx/prebuilt-modules/26.2/Dispatch.swiftmodule/arm64e-apple-macos.swiftmodule /Applications/Xcode.app/Contents/Developer/Toolchains/XcodeDefault.xctoolchain/usr/lib/swift/macosx/prebuilt-modules/26.2/Foundation.swiftmodule/arm64e-apple-macos.swiftmodule /Applications/Xcode.app/Contents/Developer/Toolchains/XcodeDefault.xctoolchain/usr/lib/swift/macosx/prebuilt-modules/26.2/Metal.swiftmodule/arm64e-apple-macos.swiftmodule /Applications/Xcode.app/Contents/Developer/Toolchains/XcodeDefault.xctoolchain/usr/lib/swift/macosx/prebuilt-modules/26.2/ActivityKit.swiftmodule/arm64e-apple-macos.swiftmodule /Applications/Xcode.app/Contents/Developer/Toolchains/XcodeDefault.xctoolchain/usr/lib/swift/macosx/prebuilt-modules/26.2/UniformTypeIdentifiers.swiftmodule/arm64e-apple-macos.swiftmodule /Applications/Xcode.app/Contents/Developer/Toolchains/XcodeDefault.xctoolchain/usr/lib/swift/macosx/prebuilt-modules/26.2/_AppIntents_SwiftUI.swiftmodule/arm64e-apple-macos.swiftmodule /Applications/Xcode.app/Contents/Developer/Toolchains/XcodeDefault.xctoolchain/usr/lib/swift/macosx/prebuilt-modules/26.2/CoreData.swiftmodule/arm64e-apple-macos.swiftmodule /Applications/Xcode.app/Contents/Developer/Toolchains/XcodeDefault.xctoolchain/usr/lib/swift/macosx/prebuilt-modules/26.2/ObjectiveC.swiftmodule/arm64e-apple-macos.swiftmodule /Applications/Xcode.app/Contents/Developer/Toolchains/XcodeDefault.xctoolchain/usr/lib/swift/macosx/prebuilt-modules/26.2/CoreVideo.swiftmodule/arm64e-apple-macos.swiftmodule /Applications/Xcode.app/Contents/Developer/Toolchains/XcodeDefault.xctoolchain/usr/lib/swift/macosx/prebuilt-modules/26.2/SwiftUI.swiftmodule/arm64e-apple-macos.swiftmodule /Applications/Xcode.app/Contents/Developer/Toolchains/XcodeDefault.xctoolchain/usr/lib/swift/macosx/prebuilt-modules/26.2/Swift.swiftmodule/arm64e-apple-macos.swiftmodule /Applications/Xcode.app/Contents/Developer/Toolchains/XcodeDefault.xctoolchain/usr/lib/swift/macosx/prebuilt-modules/26.2/CoreSpotlight.swiftmodule/arm64e-apple-macos.swiftmodule /Applications/Xcode.app/Contents/Developer/Toolchains/XcodeDefault.xctoolchain/usr/lib/swift/macosx/prebuilt-modules/26.2/os.swiftmodule/arm64e-apple-macos.swiftmodule /Applications/Xcode.app/Contents/Developer/Toolchains/XcodeDefault.xctoolchain/usr/lib/swift/macosx/prebuilt-modules/26.2/_DarwinFoundation2.swiftmodule/arm64e-apple-macos.swiftmodule /Applications/Xcode.app/Contents/Developer/Toolchains/XcodeDefault.xctoolchain/usr/lib/swift/macosx/prebuilt-modules/26.2/_StringProcessing.swiftmodule/arm64e-apple-macos.swiftmodule /Applications/Xcode.app/Contents/Developer/Toolchains/XcodeDefault.xctoolchain/usr/lib/swift/macosx/prebuilt-modules/26.2/DeveloperToolsSupport.swiftmodule/arm64e-apple-macos.swiftmodule /Applications/Xcode.app/Contents/Developer/Toolchains/XcodeDefault.xctoolchain/usr/lib/swift/macosx/prebuilt-modules/26.2/Combine.swiftmodule/arm64e-apple-macos.swiftmodule /Applications/Xcode.app/Contents/Developer/Toolchains/XcodeDefault.xctoolchain/usr/lib/swift/macosx/prebuilt-modules/26.2/SwiftUICore.swiftmodule/arm64e-apple-macos.swiftmodule /Applications/Xcode.app/Contents/Developer/Toolchains/XcodeDefault.xctoolchain/usr/lib/swift/macosx/prebuilt-modules/26.2/CoreTransferable.swiftmodule/arm64e-apple-macos.swiftmodule /Applications/Xcode.app/Contents/Developer/Toolchains/XcodeDefault.xctoolchain/usr/lib/swift/macosx/prebuilt-modules/26.2/Spatial.swiftmodule/arm64e-apple-macos.swiftmodule /Applications/Xcode.app/Contents/Developer/Toolchains/XcodeDefault.xctoolchain/usr/lib/swift/macosx/prebuilt-modules/26.2/_DarwinFoundation1.swiftmodule/arm64e-apple-macos.swiftmodule /Applications/Xcode.app/Contents/Developer/Toolchains/XcodeDefault.xctoolchain/usr/lib/swift/macosx/prebuilt-modules/26.2/ExtensionFoundation.swiftmodule/arm64e-apple-macos.swiftmodule /Applications/Xcode.app/Contents/Developer/Toolchains/XcodeDefault.xctoolchain/usr/lib/swift/macosx/prebuilt-modules/26.2/MapKit.swiftmodule/arm64e-apple-macos.swiftmodule /Applications/Xcode.app/Contents/Developer/Toolchains/XcodeDefault.xctoolchain/usr/lib/swift/macosx/prebuilt-modules/26.2/DataDetection.swiftmodule/arm64e-apple-macos.swiftmodule /Applications/Xcode.app/Contents/Developer/Toolchains/XcodeDefault.xctoolchain/usr/lib/swift/macosx/prebuilt-modules/26.2/OSLog.swiftmodule/arm64e-apple-macos.swiftmodule /Applications/Xcode.app/Contents/Developer/Toolchains/XcodeDefault.xctoolchain/usr/lib/swift/macosx/prebuilt-modules/26.2/QuartzCore.swiftmodule/arm64e-apple-macos.swiftmodule /Applications/Xcode.app/Contents/Developer/Toolchains/XcodeDefault.xctoolchain/usr/lib/swift/macosx/prebuilt-modules/26.2/Symbols.swiftmodule/arm64e-apple-macos.swiftmodule /Applications/Xcode.app/Contents/Developer/Toolchains/XcodeDefault.xctoolchain/usr/lib/swift/macosx/prebuilt-modules/26.2/Network.swiftmodule/arm64e-apple-macos.swiftmodule /Applications/Xcode.app/Contents/Developer/Toolchains/XcodeDefault.xctoolchain/usr/lib/swift/macosx/prebuilt-modules/26.2/AppKit.swiftmodule/arm64e-apple-macos.swiftmodule /Users/framed/Library/Developer/Xcode/DerivedData/ModuleCache.noindex/MapKit-2QAG0KJ4ZRINV5R1AK4T4R7V8.pcm /Users/framed/Library/Developer/Xcode/DerivedData/ModuleCache.noindex/ExtensionFoundation-7W8MMMJV8LSIFLPF9BEM6SF6I.pcm /Users/framed/Library/Developer/Xcode/DerivedData/ModuleCache.noindex/_DarwinFoundation2-9WQ6TYDRDNVMC13WWJECHJ9OK.pcm /Users/framed/Library/Developer/Xcode/DerivedData/ModuleCache.noindex/sys_types-DK9BBA03543A9CWBBYZLPLHT2.pcm /Users/framed/Library/Developer/Xcode/DerivedData/ModuleCache.noindex/Darwin-AFH6MPLCG48GNQNKEFGI2W8I8.pcm /Users/framed/Library/Developer/Xcode/DerivedData/ModuleCache.noindex/MachO-CUJZPBTIQOEUUPJHXKQ0QLBTG.pcm /Users/framed/Library/Developer/Xcode/DerivedData/ModuleCache.noindex/WidgetKit-15A60QIEWIGIT8TANMPBFLG57.pcm /Users/framed/Library/Developer/Xcode/DerivedData/ModuleCache.noindex/OpenGL-7NEUU3AH401MB2CGU6T15AR32.pcm /Users/framed/Library/Developer/Xcode/DerivedData/ModuleCache.noindex/Foundation-8C868EXOHK2S6CBJ223XY1Y9A.pcm /Users/framed/Library/Developer/Xcode/DerivedData/ModuleCache.noindex/OSLog-AE604BK92SQ43FQL7DYHY64OM.pcm /Users/framed/Library/Developer/Xcode/DerivedData/ModuleCache.noindex/_Builtin_limits-C1L69LCVSH321H1NPNTILRH59.pcm /Users/framed/Library/Developer/Xcode/DerivedData/ModuleCache.noindex/libkern-4N8ALIKPPGBTHYBKEQRLKSKFV.pcm /Users/framed/Library/Developer/Xcode/DerivedData/ModuleCache.noindex/RelevanceKit-54HBNC0NFOOG3TOPFWBFVJ9J0.pcm /Users/framed/Library/Developer/Xcode/DerivedData/ModuleCache.noindex/os-KC1HCC7LDWUW6OH06BWKDHRD.pcm /Users/framed/Library/Developer/Xcode/DerivedData/ModuleCache.noindex/_Builtin_stdint-822GQ7XAZWR6PS3YJTDAFL4LV.pcm /Users/framed/Library/Developer/Xcode/DerivedData/ModuleCache.noindex/_Builtin_intrinsics-50KFDTRXKMKFHF53GKCI67SEA.pcm /Users/framed/Library/Developer/Xcode/DerivedData/ModuleCache.noindex/_SwiftConcurrencyShims-674V0RWZDXAKHPDV8E2TE7BDU.pcm /Users/framed/Library/Developer/Xcode/DerivedData/ModuleCache.noindex/Metal-9DR8OVW81LUXSNLJ4N2UKSP06.pcm /Users/framed/Library/Developer/Xcode/DerivedData/ModuleCache.noindex/CoreFoundation-B7JP7CYNZ81GFTW26BRUBQ2DI.pcm /Users/framed/Library/Developer/Xcode/DerivedData/ModuleCache.noindex/_Builtin_tgmath-47EBBCNEI7RX5SRWNOUZUGTS9.pcm /Users/framed/Library/Developer/Xcode/DerivedData/ModuleCache.noindex/_Builtin_stdatomic-2H4CDPH867UDU888OS2R445MY.pcm /Users/framed/Library/Developer/Xcode/DerivedData/ModuleCache.noindex/ApplicationServices-8AQN2Z33ULHVW9SA564WGP5HQ.pcm /Users/framed/Library/Developer/Xcode/DerivedData/ModuleCache.noindex/_Builtin_stdarg-6ZFO8GIH7MKM5KZQ1QE8TABJ6.pcm /Users/framed/Library/Developer/Xcode/DerivedData/ModuleCache.noindex/IOSurface-D64BQ2K1ZE43KA4I91TWIZ6HZ.pcm /Users/framed/Library/Developer/Xcode/DerivedData/ModuleCache.noindex/Intents-9LQD3FMW5XIGNR1JRYMMHBZ4B.pcm /Users/framed/Library/Developer/Xcode/DerivedData/ModuleCache.noindex/DataDetection-B7H7YCY9Z02943N415FPQET1W.pcm /Users/framed/Library/Developer/Xcode/DerivedData/ModuleCache.noindex/_Builtin_stddef-3QIKV42UWULUOVMB150KQQ6RJ.pcm /Users/framed/Library/Developer/Xcode/DerivedData/ModuleCache.noindex/CoreImage-3I9IQE5NWFT55PSFBRTLLM8ZS.pcm /Users/framed/Library/Developer/Xcode/DerivedData/ModuleCache.noindex/_Builtin_float-9C9QLRVZQKPM2D0V53WM07SCB.pcm /Users/framed/Library/Developer/Xcode/DerivedData/ModuleCache.noindex/Spatial-83JYAQ33HMP4ZM487NWWZHIB9.pcm /Users/framed/Library/Developer/Xcode/DerivedData/ModuleCache.noindex/IOKit-49IN1DQ2MXV9IFD70TSOWQ5Z3.pcm /Users/framed/Library/Developer/Xcode/DerivedData/ModuleCache.noindex/_DarwinFoundation3-8E47KN5ATNFS5RR3Q982HKU9Z.pcm /Users/framed/Library/Developer/Xcode/DerivedData/ModuleCache.noindex/UserNotifications-1CN25MW3VFMQBGJK0ACYBHRMJ.pcm /Users/framed/Library/Developer/Xcode/DerivedData/ModuleCache.noindex/_LocationEssentials-BXY1V6I3WYUM2MUJLOC3TPN4I.pcm /Users/framed/Library/Developer/Xcode/DerivedData/ModuleCache.noindex/os_workgroup-A6F1PFZHGIKWJEY7ESIN6NKXI.pcm /Users/framed/Library/Developer/Xcode/DerivedData/ModuleCache.noindex/ImageIO-D99ULOVWKVQW5BIO68A8A1B5W.pcm /Users/framed/Library/Developer/Xcode/DerivedData/ModuleCache.noindex/CoreLocation-94NL4YUXC3ZRBATECCGVW4ANG.pcm /Users/framed/Library/Developer/Xcode/DerivedData/ModuleCache.noindex/ptrcheck-EIAXYTYMTQADMPEA1UH13R4XD.pcm /Users/framed/Library/Developer/Xcode/DerivedData/ModuleCache.noindex/_AvailabilityInternal-7QHYLVDECRIOGPUKAUO4P3QHV.pcm /Users/framed/Library/Developer/Xcode/DerivedData/ModuleCache.noindex/CoreVideo-XW8WDX32QKCFHL9V5GE3AEOV.pcm /Users/framed/Library/Developer/Xcode/DerivedData/ModuleCache.noindex/DeveloperToolsSupport-7FWGSZDZLZQ6YUCAECJXIASRV.pcm /Users/framed/Library/Developer/Xcode/DerivedData/ModuleCache.noindex/SwiftUICore-BKJMF7IW0R53ZNJ2TJYDSJZRJ.pcm /Users/framed/Library/Developer/Xcode/DerivedData/ModuleCache.noindex/SwiftUI-55V1GLWX1UJ95XEXCCQRV3MQ3.pcm /Users/framed/Library/Developer/Xcode/DerivedData/ModuleCache.noindex/CoreSpotlight-CGNY0VQELSTJRS6J1WYMGBDJZ.pcm /Users/framed/Library/Developer/Xcode/DerivedData/ModuleCache.noindex/Accessibility-836GXMK9VKTI9J1NOEXFRL7S5.pcm /Users/framed/Library/Developer/Xcode/DerivedData/ModuleCache.noindex/CoreData-AWUSZY8672TQLSH28075JIHMZ.pcm /Users/framed/Library/Developer/Xcode/DerivedData/ModuleCache.noindex/launch-5HEL51E00YORD7AGQOGQHWW6H.pcm /Users/framed/Library/Developer/Xcode/DerivedData/ModuleCache.noindex/XPC-5M7CPQ5VNTU36BAUDWNSA1GDV.pcm /Users/framed/Library/Developer/Xcode/DerivedData/ModuleCache.noindex/Network-7SSH9SH7GXK3952BKN8WVMJ52.pcm /Users/framed/Library/Developer/Xcode/DerivedData/ModuleCache.noindex/AppIntents-NI3VSN4OEZNXE2AQ2BOKLE97.pcm /Users/framed/Library/Developer/Xcode/DerivedData/ModuleCache.noindex/dnssd-CNUHXZL7YN5F26EL3HKRBX57Q.pcm /Users/framed/Library/Developer/Xcode/DerivedData/ModuleCache.noindex/ActivityKit-51HHJT7W03WG8HYL3BNJZHOA4.pcm /Users/framed/Library/Developer/Xcode/DerivedData/ModuleCache.noindex/Dispatch-1O13QWF5MPITNIALBDMIRHOHO.pcm /Users/framed/Library/Developer/Xcode/DerivedData/ModuleCache.noindex/Security-E1RPCLISLM8MLKQ4QW1MD3Y5.pcm /Users/framed/Library/Developer/Xcode/DerivedData/ModuleCache.noindex/ServiceManagement-7G0AM8FVPIMGLYP0VEETR84PE.pcm /Users/framed/Library/Developer/Xcode/DerivedData/ModuleCache.noindex/AppKit-C84XQHGULB33SE7LLLUF76N3B.pcm /Users/framed/Library/Developer/Xcode/DerivedData/ModuleCache.noindex/ColorSync-5ELNI0IB44VJRTOX5A2LDWD00.pcm /Users/framed/Library/Developer/Xcode/DerivedData/ModuleCache.noindex/simd-BF9H4T9JYJN4EH1XGU3SKEXP4.pcm /Users/framed/Library/Developer/Xcode/DerivedData/ModuleCache.noindex/CoreGraphics-BNS6N8S7WVIPURYH551N57MVK.pcm /Users/framed/Library/Developer/Xcode/DerivedData/ModuleCache.noindex/ptrauth-E8G13UOQS2G902R0ILH1FKQD.pcm /Users/framed/Library/Developer/Xcode/DerivedData/ModuleCache.noindex/_Builtin_inttypes-A7F3321KDC5EVVKRU758CXA9G.pcm /Users/framed/Library/Developer/Xcode/DerivedData/ModuleCache.noindex/DiskArbitration-2CDCXL3RO1NYZDK7DY47AFBUW.pcm /Users/framed/Library/Developer/Xcode/DerivedData/ModuleCache.noindex/_DarwinFoundation1-DFUFZG7LGZDMVG8QTHNI06NKR.pcm /Users/framed/Library/Developer/Xcode/DerivedData/ModuleCache.noindex/CoreText-6ZQ7VV6U5R13CCG5YPKGWBNHC.pcm /Users/framed/Library/Developer/Xcode/DerivedData/ModuleCache.noindex/QuartzCore-A3NPFVPWDR5G82YFWXGTP8YX6.pcm /Users/framed/Library/Developer/Xcode/DerivedData/ModuleCache.noindex/CoreServices-BLO2C2IEJVKJOU5JNSDERPAJ6.pcm /Users/framed/Library/Developer/Xcode/DerivedData/ModuleCache.noindex/CFNetwork-2MQATJZ11MVH4QE5W4Y5DDIN0.pcm /Users/framed/Library/Developer/Xcode/DerivedData/ModuleCache.noindex/CoreTransferable-4GKAOVCRWS1VBVN722AJDUUFL.pcm /Users/framed/Library/Developer/Xcode/DerivedData/ModuleCache.noindex/os_object-8STZT3LZ9VYBITWQ4XW8WJ3YP.pcm /Users/framed/Library/Developer/Xcode/DerivedData/ModuleCache.noindex/Symbols-CIVERP4DSQNSZ0G0XFFIIVKW5.pcm /Users/framed/Library/Developer/Xcode/DerivedData/ModuleCache.noindex/UniformTypeIdentifiers-9OFRVBU2IV16NFT7S5VYVHHOG.pcm /Users/framed/Library/Developer/Xcode/DerivedData/ModuleCache.noindex/libDER-APBDUA369FXIYN2P4XZM59KQK.pcm /Users/framed/Library/Developer/Xcode/DerivedData/ModuleCache.noindex/ObjectiveC-1DOMW0AW9728IS0KBFZ0LE8WJ.pcm /Users/framed/Library/Developer/Xcode/DerivedData/ModuleCache.noindex/CUPS-DFKQVRD0746JC6NR7F7ZCVPRL.pcm /Users/framed/Library/Developer/Xcode/DerivedData/ModuleCache.noindex/_Builtin_stdbool-2POHL7KL27Z3JCUJ20IUULAIJ.pcm /Users/framed/Library/Developer/Xcode/DerivedData/ModuleCache.noindex/SwiftShims-46CITSGR7QBGEB1AC6WGM1HYW.pcm /Users/framed/Library/Developer/Xcode/DerivedData/PingMonitor-bgxrolxkzgyngsgqoednnipwuyhv/Build/Intermediates.noindex/PingMonitor.build/Release/PingMonitor.build/Objects-normal/arm64/PingMonitor-dependencies-1.json (in target 'PingMonitor' from project 'PingMonitor')
CompileSwift normal arm64 (in target 'PingMonitor' from project 'PingMonitor')
    cd /Users/framed/Documents/PingMonitor
    
/Users/framed/Documents/PingMonitor/PingMonitor/MainView.swift:258:18: warning: immutable value 'hostId' was never used; consider replacing with '_' or removing it
            for (hostId, stats) in viewModel.hostStats {
                 ^~~~~~
                 _
/Users/framed/Documents/PingMonitor/PingMonitor/NetworkSpeedManager.swift:252:17: warning: initialization of variable 'rowOffset' was never used; consider replacing with assignment to '_' or removing it
            var rowOffset = 0
            ~~~~^~~~~~~~~
            _
/Users/framed/Documents/PingMonitor/PingMonitor/PingMonitorApp.swift:103:13: warning: immutable property will not be decoded because it is declared with an initial value which cannot be overwritten
        let id = UUID()
            ^
/Users/framed/Documents/PingMonitor/PingMonitor/PingMonitorApp.swift:103:13: note: set the initial value via the initializer or explicitly define a CodingKeys enum including a 'id' case to silence this warning
        let id = UUID()
            ^
/Users/framed/Documents/PingMonitor/PingMonitor/PingMonitorApp.swift:103:13: note: make the property mutable instead
        let id = UUID()
        ~~~ ^
        var
/Users/framed/Documents/PingMonitor/PingMonitor/PingMonitorApp.swift:968:9: warning: immutable property will not be decoded because it is declared with an initial value which cannot be overwritten
    let id = UUID()
        ^
/Users/framed/Documents/PingMonitor/PingMonitor/PingMonitorApp.swift:968:9: note: set the initial value via the initializer or explicitly define a CodingKeys enum including a 'id' case to silence this warning
    let id = UUID()
        ^
/Users/framed/Documents/PingMonitor/PingMonitor/PingMonitorApp.swift:968:9: note: make the property mutable instead
    let id = UUID()
    ~~~ ^
    var
/Users/framed/Documents/PingMonitor/PingMonitor/PingMonitorApp.swift:993:9: warning: immutable property will not be decoded because it is declared with an initial value which cannot be overwritten
    let id = UUID()
        ^
/Users/framed/Documents/PingMonitor/PingMonitor/PingMonitorApp.swift:993:9: note: set the initial value via the initializer or explicitly define a CodingKeys enum including a 'id' case to silence this warning
    let id = UUID()
        ^
/Users/framed/Documents/PingMonitor/PingMonitor/PingMonitorApp.swift:993:9: note: make the property mutable instead
    let id = UUID()
    ~~~ ^
    var
/Users/framed/Documents/PingMonitor/PingMonitor/PingMonitorApp.swift:1001:9: warning: immutable property will not be decoded because it is declared with an initial value which cannot be overwritten
    let id = UUID()
        ^
/Users/framed/Documents/PingMonitor/PingMonitor/PingMonitorApp.swift:1001:9: note: set the initial value via the initializer or explicitly define a CodingKeys enum including a 'id' case to silence this warning
    let id = UUID()
        ^
/Users/framed/Documents/PingMonitor/PingMonitor/PingMonitorApp.swift:1001:9: note: make the property mutable instead
    let id = UUID()
    ~~~ ^
    var
/Users/framed/Documents/PingMonitor/PingMonitor/TailscaleManager.swift:410:25: error: expression is 'async' but is not marked with 'await'
                        LogManager.shared.info("[Tailscale] \(line)")
                        ^~~~~~~~~~~~~~~~~~~~~~~~~~~~~~~~~~~~~~~~~~~~~
                        await 
/Users/framed/Documents/PingMonitor/PingMonitor/TailscaleManager.swift:410:25: note: calls to instance method 'info(_:host:)' from outside of its actor context are implicitly asynchronous
                        LogManager.shared.info("[Tailscale] \(line)")
                        ^
/Users/framed/Documents/PingMonitor/PingMonitor/TailscaleManager.swift:410:25: note: property access is 'async'
                        LogManager.shared.info("[Tailscale] \(line)")
                        ^
/Users/framed/Documents/PingMonitor/PingMonitor/TailscaleManager.swift:413:25: error: expression is 'async' but is not marked with 'await'
                        LogManager.shared.info("[Tailscale] ... (truncated)")
                        ^~~~~~~~~~~~~~~~~~~~~~~~~~~~~~~~~~~~~~~~~~~~~~~~~~~~~
                        await 
/Users/framed/Documents/PingMonitor/PingMonitor/TailscaleManager.swift:413:25: note: calls to instance method 'info(_:host:)' from outside of its actor context are implicitly asynchronous
                        LogManager.shared.info("[Tailscale] ... (truncated)")
                        ^
/Users/framed/Documents/PingMonitor/PingMonitor/TailscaleManager.swift:413:25: note: property access is 'async'
                        LogManager.shared.info("[Tailscale] ... (truncated)")
                        ^
/Users/framed/Documents/PingMonitor/PingMonitor/TailscaleManager.swift:418:21: error: expression is 'async' but is not marked with 'await'
                    LogManager.shared.info("Command executed successfully")
                    ^~~~~~~~~~~~~~~~~~~~~~~~~~~~~~~~~~~~~~~~~~~~~~~~~~~~~~~
                    await 
/Users/framed/Documents/PingMonitor/PingMonitor/TailscaleManager.swift:418:21: note: calls to instance method 'info(_:host:)' from outside of its actor context are implicitly asynchronous
                    LogManager.shared.info("Command executed successfully")
                    ^
/Users/framed/Documents/PingMonitor/PingMonitor/TailscaleManager.swift:418:21: note: property access is 'async'
                    LogManager.shared.info("Command executed successfully")
                    ^
/Users/framed/Documents/PingMonitor/PingMonitor/TailscaleManager.swift:426:21: error: expression is 'async' but is not marked with 'await'
                    LogManager.shared.error("Command failed with exit code \(process.terminationStatus)")
                    ^~~~~~~~~~~~~~~~~~~~~~~~~~~~~~~~~~~~~~~~~~~~~~~~~~~~~~~~~~~~~~~~~~~~~~~~~~~~~~~~~~~~~
                    await 
/Users/framed/Documents/PingMonitor/PingMonitor/TailscaleManager.swift:426:21: note: calls to instance method 'error(_:host:)' from outside of its actor context are implicitly asynchronous
                    LogManager.shared.error("Command failed with exit code \(process.terminationStatus)")
                    ^
/Users/framed/Documents/PingMonitor/PingMonitor/TailscaleManager.swift:426:21: note: property access is 'async'
                    LogManager.shared.error("Command failed with exit code \(process.terminationStatus)")
                    ^
/Users/framed/Documents/PingMonitor/PingMonitor/TailscaleManager.swift:429:17: error: expression is 'async' but is not marked with 'await'
                LogManager.shared.error("Failed to run command: \(error.localizedDescription)")
                ^~~~~~~~~~~~~~~~~~~~~~~~~~~~~~~~~~~~~~~~~~~~~~~~~~~~~~~~~~~~~~~~~~~~~~~~~~~~~~~
                await 
/Users/framed/Documents/PingMonitor/PingMonitor/TailscaleManager.swift:429:17: note: calls to instance method 'error(_:host:)' from outside of its actor context are implicitly asynchronous
                LogManager.shared.error("Failed to run command: \(error.localizedDescription)")
                ^
/Users/framed/Documents/PingMonitor/PingMonitor/TailscaleManager.swift:429:17: note: property access is 'async'
                LogManager.shared.error("Failed to run command: \(error.localizedDescription)")
                ^
/Users/framed/Documents/PingMonitor/PingMonitor/TracerouteView.swift:712:10: warning: 'onChange(of:perform:)' was deprecated in macOS 14.0: Use `onChange` with a two or zero parameter action closure instead.
        .onChange(of: manager.hops.count) { _ in
         ^

Failed frontend command:
/Applications/Xcode.app/Contents/Developer/Toolchains/XcodeDefault.xctoolchain/usr/bin/swift-frontend -frontend -c /Users/framed/Documents/PingMonitor/PingMonitor/Components.swift /Users/framed/Documents/PingMonitor/PingMonitor/DashboardView.swift /Users/framed/Documents/PingMonitor/PingMonitor/EditableHostCard.swift /Users/framed/Documents/PingMonitor/PingMonitor/HostDetailView.swift /Users/framed/Documents/PingMonitor/PingMonitor/Localization.swift /Users/framed/Documents/PingMonitor/PingMonitor/MainView.swift /Users/framed/Documents/PingMonitor/PingMonitor/NetworkSpeedManager.swift /Users/framed/Documents/PingMonitor/PingMonitor/NetworkSpeedTab.swift /Users/framed/Documents/PingMonitor/PingMonitor/PingMonitorApp.swift /Users/framed/Documents/PingMonitor/PingMonitor/ServicesTab.swift /Users/framed/Documents/PingMonitor/PingMonitor/SidebarView.swift /Users/framed/Documents/PingMonitor/PingMonitor/TailscaleManager.swift /Users/framed/Documents/PingMonitor/PingMonitor/TailscaleTab.swift /Users/framed/Documents/PingMonitor/PingMonitor/Theme.swift /Users/framed/Documents/PingMonitor/PingMonitor/TracerouteManager.swift /Users/framed/Documents/PingMonitor/PingMonitor/TracerouteView.swift /Users/framed/Documents/PingMonitor/PingMonitor/WidgetDataManager.swift /Users/framed/Library/Developer/Xcode/DerivedData/PingMonitor-bgxrolxkzgyngsgqoednnipwuyhv/Build/Intermediates.noindex/PingMonitor.build/Release/PingMonitor.build/DerivedSources/GeneratedAssetSymbols.swift -supplementary-output-file-map /Users/framed/Library/Developer/Xcode/DerivedData/PingMonitor-bgxrolxkzgyngsgqoednnipwuyhv/Build/Intermediates.noindex/PingMonitor.build/Release/PingMonitor.build/Objects-normal/arm64/supplementaryOutputs-2 -target arm64-apple-macos14.0 -module-can-import-version DeveloperToolsSupport 23.0.4 23.0.4 -disable-cross-import-overlay-search -swift-module-cross-import MapKit /Applications/Xcode.app/Contents/Developer/Platforms/MacOSX.platform/Developer/SDKs/MacOSX.sdk/System/Library/Frameworks/MapKit.framework/Modules/MapKit.swiftcrossimport/SwiftUI.swiftoverlay -load-resolved-plugin /Applications/Xcode.app/Contents/Developer/Platforms/MacOSX.platform/Developer/usr/lib/swift/host/plugins/libAppIntentsMacros.dylib\#/Applications/Xcode.app/Contents/Developer/Platforms/MacOSX.platform/Developer/usr/bin/swift-plugin-server\#AppIntentsMacros -load-resolved-plugin /Applications/Xcode.app/Contents/Developer/Platforms/MacOSX.platform/Developer/usr/lib/swift/host/plugins/libFoundationMacros.dylib\#/Applications/Xcode.app/Contents/Developer/Platforms/MacOSX.platform/Developer/usr/bin/swift-plugin-server\#FoundationMacros -load-resolved-plugin /Applications/Xcode.app/Contents/Developer/Platforms/MacOSX.platform/Developer/usr/lib/swift/host/plugins/libObservationMacros.dylib\#/Applications/Xcode.app/Contents/Developer/Platforms/MacOSX.platform/Developer/usr/bin/swift-plugin-server\#ObservationMacros -load-resolved-plugin /Applications/Xcode.app/Contents/Developer/Platforms/MacOSX.platform/Developer/usr/lib/swift/host/plugins/libPreviewsMacros.dylib\#/Applications/Xcode.app/Contents/Developer/Platforms/MacOSX.platform/Developer/usr/bin/swift-plugin-server\#PreviewsMacros -load-resolved-plugin /Applications/Xcode.app/Contents/Developer/Platforms/MacOSX.platform/Developer/usr/lib/swift/host/plugins/libSwiftMacros.dylib\#/Applications/Xcode.app/Contents/Developer/Platforms/MacOSX.platform/Developer/usr/bin/swift-plugin-server\#SwiftMacros -load-resolved-plugin /Applications/Xcode.app/Contents/Developer/Platforms/MacOSX.platform/Developer/usr/lib/swift/host/plugins/libSwiftUIMacros.dylib\#/Applications/Xcode.app/Contents/Developer/Platforms/MacOSX.platform/Developer/usr/bin/swift-plugin-server\#SwiftUIMacros -disable-implicit-swift-modules -Xcc -fno-implicit-modules -Xcc -fno-implicit-module-maps -explicit-swift-module-map-file /Users/framed/Library/Developer/Xcode/DerivedData/PingMonitor-bgxrolxkzgyngsgqoednnipwuyhv/Build/Intermediates.noindex/PingMonitor.build/Release/PingMonitor.build/Objects-normal/arm64/PingMonitor-dependencies-1.json -Xllvm -aarch64-use-tbi -enable-objc-interop -stack-check -sdk /Applications/Xcode.app/Contents/Developer/Platforms/MacOSX.platform/Developer/SDKs/MacOSX26.2.sdk -I /Users/framed/Library/Developer/Xcode/DerivedData/PingMonitor-bgxrolxkzgyngsgqoednnipwuyhv/Build/Products/Release -F /Users/framed/Library/Developer/Xcode/DerivedData/PingMonitor-bgxrolxkzgyngsgqoednnipwuyhv/Build/Products/Release -no-color-diagnostics -Xcc -fno-color-diagnostics -g -debug-info-format\=dwarf -dwarf-version\=4 -module-cache-path /Users/framed/Library/Developer/Xcode/DerivedData/PingMonitor-bgxrolxkzgyngsgqoednnipwuyhv/Build/Intermediates.noindex/SwiftExplicitPrecompiledModules -swift-version 6 -enforce-exclusivity\=checked -O -serialize-debugging-options -const-gather-protocols-file /Users/framed/Library/Developer/Xcode/DerivedData/PingMonitor-bgxrolxkzgyngsgqoednnipwuyhv/Build/Intermediates.noindex/PingMonitor.build/Release/PingMonitor.build/Objects-normal/arm64/PingMonitor_const_extract_protocols.json -enable-experimental-feature DebugDescriptionMacro -empty-abi-descriptor -validate-clang-modules-once -clang-build-session-file /Users/framed/Library/Developer/Xcode/DerivedData/ModuleCache.noindex/Session.modulevalidation -Xcc -working-directory -Xcc /Users/framed/Documents/PingMonitor -file-compilation-dir /Users/framed/Documents/PingMonitor -Xcc -ivfsstatcache -Xcc /Users/framed/Library/Developer/Xcode/DerivedData/SDKStatCaches.noindex/macosx26.2-25C58-00fa09913b459cbbc988d1f6730289ae.sdkstatcache -Xcc -I/Users/framed/Library/Developer/Xcode/DerivedData/PingMonitor-bgxrolxkzgyngsgqoednnipwuyhv/Build/Intermediates.noindex/PingMonitor.build/Release/PingMonitor.build/swift-overrides.hmap -Xcc -iquote -Xcc /Users/framed/Library/Developer/Xcode/DerivedData/PingMonitor-bgxrolxkzgyngsgqoednnipwuyhv/Build/Intermediates.noindex/PingMonitor.build/Release/PingMonitor.build/PingMonitor-generated-files.hmap -Xcc -I/Users/framed/Library/Developer/Xcode/DerivedData/PingMonitor-bgxrolxkzgyngsgqoednnipwuyhv/Build/Intermediates.noindex/PingMonitor.build/Release/PingMonitor.build/PingMonitor-own-target-headers.hmap -Xcc -I/Users/framed/Library/Developer/Xcode/DerivedData/PingMonitor-bgxrolxkzgyngsgqoednnipwuyhv/Build/Intermediates.noindex/PingMonitor.build/Release/PingMonitor.build/PingMonitor-all-target-headers.hmap -Xcc -iquote -Xcc /Users/framed/Library/Developer/Xcode/DerivedData/PingMonitor-bgxrolxkzgyngsgqoednnipwuyhv/Build/Intermediates.noindex/PingMonitor.build/Release/PingMonitor.build/PingMonitor-project-headers.hmap -Xcc -I/Users/framed/Library/Developer/Xcode/DerivedData/PingMonitor-bgxrolxkzgyngsgqoednnipwuyhv/Build/Products/Release/include -Xcc -I/Users/framed/Library/Developer/Xcode/DerivedData/PingMonitor-bgxrolxkzgyngsgqoednnipwuyhv/Build/Intermediates.noindex/PingMonitor.build/Release/PingMonitor.build/DerivedSources-normal/arm64 -Xcc -I/Users/framed/Library/Developer/Xcode/DerivedData/PingMonitor-bgxrolxkzgyngsgqoednnipwuyhv/Build/Intermediates.noindex/PingMonitor.build/Release/PingMonitor.build/DerivedSources/arm64 -Xcc -I/Users/framed/Library/Developer/Xcode/DerivedData/PingMonitor-bgxrolxkzgyngsgqoednnipwuyhv/Build/Intermediates.noindex/PingMonitor.build/Release/PingMonitor.build/DerivedSources -no-auto-bridging-header-chaining -module-name PingMonitor -frontend-parseable-output -disable-clang-spi -target-sdk-version 26.2 -target-sdk-name macosx26.2 -clang-target arm64-apple-macos26.2 -in-process-plugin-server-path /Applications/Xcode.app/Contents/Developer/Toolchains/XcodeDefault.xctoolchain/usr/lib/swift/host/libSwiftInProcPluginServer.dylib -enable-default-cmo -num-threads 14 -o /Users/framed/Library/Developer/Xcode/DerivedData/PingMonitor-bgxrolxkzgyngsgqoednnipwuyhv/Build/Intermediates.noindex/PingMonitor.build/Release/PingMonitor.build/Objects-normal/arm64/Components.o -o /Users/framed/Library/Developer/Xcode/DerivedData/PingMonitor-bgxrolxkzgyngsgqoednnipwuyhv/Build/Intermediates.noindex/PingMonitor.build/Release/PingMonitor.build/Objects-normal/arm64/DashboardView.o -o /Users/framed/Library/Developer/Xcode/DerivedData/PingMonitor-bgxrolxkzgyngsgqoednnipwuyhv/Build/Intermediates.noindex/PingMonitor.build/Release/PingMonitor.build/Objects-normal/arm64/EditableHostCard.o -o /Users/framed/Library/Developer/Xcode/DerivedData/PingMonitor-bgxrolxkzgyngsgqoednnipwuyhv/Build/Intermediates.noindex/PingMonitor.build/Release/PingMonitor.build/Objects-normal/arm64/HostDetailView.o -o /Users/framed/Library/Developer/Xcode/DerivedData/PingMonitor-bgxrolxkzgyngsgqoednnipwuyhv/Build/Intermediates.noindex/PingMonitor.build/Release/PingMonitor.build/Objects-normal/arm64/Localization.o -o /Users/framed/Library/Developer/Xcode/DerivedData/PingMonitor-bgxrolxkzgyngsgqoednnipwuyhv/Build/Intermediates.noindex/PingMonitor.build/Release/PingMonitor.build/Objects-normal/arm64/MainView.o -o /Users/framed/Library/Developer/Xcode/DerivedData/PingMonitor-bgxrolxkzgyngsgqoednnipwuyhv/Build/Intermediates.noindex/PingMonitor.build/Release/PingMonitor.build/Objects-normal/arm64/NetworkSpeedManager.o -o /Users/framed/Library/Developer/Xcode/DerivedData/PingMonitor-bgxrolxkzgyngsgqoednnipwuyhv/Build/Intermediates.noindex/PingMonitor.build/Release/PingMonitor.build/Objects-normal/arm64/NetworkSpeedTab.o -o /Users/framed/Library/Developer/Xcode/DerivedData/PingMonitor-bgxrolxkzgyngsgqoednnipwuyhv/Build/Intermediates.noindex/PingMonitor.build/Release/PingMonitor.build/Objects-normal/arm64/PingMonitorApp.o -o /Users/framed/Library/Developer/Xcode/DerivedData/PingMonitor-bgxrolxkzgyngsgqoednnipwuyhv/Build/Intermediates.noindex/PingMonitor.build/Release/PingMonitor.build/Objects-normal/arm64/ServicesTab.o -o /Users/framed/Library/Developer/Xcode/DerivedData/PingMonitor-bgxrolxkzgyngsgqoednnipwuyhv/Build/Intermediates.noindex/PingMonitor.build/Release/PingMonitor.build/Objects-normal/arm64/SidebarView.o -o /Users/framed/Library/Developer/Xcode/DerivedData/PingMonitor-bgxrolxkzgyngsgqoednnipwuyhv/Build/Intermediates.noindex/PingMonitor.build/Release/PingMonitor.build/Objects-normal/arm64/TailscaleManager.o -o /Users/framed/Library/Developer/Xcode/DerivedData/PingMonitor-bgxrolxkzgyngsgqoednnipwuyhv/Build/Intermediates.noindex/PingMonitor.build/Release/PingMonitor.build/Objects-normal/arm64/TailscaleTab.o -o /Users/framed/Library/Developer/Xcode/DerivedData/PingMonitor-bgxrolxkzgyngsgqoednnipwuyhv/Build/Intermediates.noindex/PingMonitor.build/Release/PingMonitor.build/Objects-normal/arm64/Theme.o -o /Users/framed/Library/Developer/Xcode/DerivedData/PingMonitor-bgxrolxkzgyngsgqoednnipwuyhv/Build/Intermediates.noindex/PingMonitor.build/Release/PingMonitor.build/Objects-normal/arm64/TracerouteManager.o -o /Users/framed/Library/Developer/Xcode/DerivedData/PingMonitor-bgxrolxkzgyngsgqoednnipwuyhv/Build/Intermediates.noindex/PingMonitor.build/Release/PingMonitor.build/Objects-normal/arm64/TracerouteView.o -o /Users/framed/Library/Developer/Xcode/DerivedData/PingMonitor-bgxrolxkzgyngsgqoednnipwuyhv/Build/Intermediates.noindex/PingMonitor.build/Release/PingMonitor.build/Objects-normal/arm64/WidgetDataManager.o -o /Users/framed/Library/Developer/Xcode/DerivedData/PingMonitor-bgxrolxkzgyngsgqoednnipwuyhv/Build/Intermediates.noindex/PingMonitor.build/Release/PingMonitor.build/Objects-normal/arm64/GeneratedAssetSymbols.o -index-unit-output-path /PingMonitor.build/Release/PingMonitor.build/Objects-normal/arm64/Components.o -index-unit-output-path /PingMonitor.build/Release/PingMonitor.build/Objects-normal/arm64/DashboardView.o -index-unit-output-path /PingMonitor.build/Release/PingMonitor.build/Objects-normal/arm64/EditableHostCard.o -index-unit-output-path /PingMonitor.build/Release/PingMonitor.build/Objects-normal/arm64/HostDetailView.o -index-unit-output-path /PingMonitor.build/Release/PingMonitor.build/Objects-normal/arm64/Localization.o -index-unit-output-path /PingMonitor.build/Release/PingMonitor.build/Objects-normal/arm64/MainView.o -index-unit-output-path /PingMonitor.build/Release/PingMonitor.build/Objects-normal/arm64/NetworkSpeedManager.o -index-unit-output-path /PingMonitor.build/Release/PingMonitor.build/Objects-normal/arm64/NetworkSpeedTab.o -index-unit-output-path /PingMonitor.build/Release/PingMonitor.build/Objects-normal/arm64/PingMonitorApp.o -index-unit-output-path /PingMonitor.build/Release/PingMonitor.build/Objects-normal/arm64/ServicesTab.o -index-unit-output-path /PingMonitor.build/Release/PingMonitor.build/Objects-normal/arm64/SidebarView.o -index-unit-output-path /PingMonitor.build/Release/PingMonitor.build/Objects-normal/arm64/TailscaleManager.o -index-unit-output-path /PingMonitor.build/Release/PingMonitor.build/Objects-normal/arm64/TailscaleTab.o -index-unit-output-path /PingMonitor.build/Release/PingMonitor.build/Objects-normal/arm64/Theme.o -index-unit-output-path /PingMonitor.build/Release/PingMonitor.build/Objects-normal/arm64/TracerouteManager.o -index-unit-output-path /PingMonitor.build/Release/PingMonitor.build/Objects-normal/arm64/TracerouteView.o -index-unit-output-path /PingMonitor.build/Release/PingMonitor.build/Objects-normal/arm64/WidgetDataManager.o -index-unit-output-path /PingMonitor.build/Release/PingMonitor.build/Objects-normal/arm64/GeneratedAssetSymbols.o
SwiftDriver\ Compilation PingMonitor normal arm64 com.apple.xcode.tools.swift.compiler (in target 'PingMonitor' from project 'PingMonitor')
    cd /Users/framed/Documents/PingMonitor
    builtin-Swift-Compilation -- /Applications/Xcode.app/Contents/Developer/Toolchains/XcodeDefault.xctoolchain/usr/bin/swiftc -module-name PingMonitor -O -whole-module-optimization -enforce-exclusivity\=checked @/Users/framed/Library/Developer/Xcode/DerivedData/PingMonitor-bgxrolxkzgyngsgqoednnipwuyhv/Build/Intermediates.noindex/PingMonitor.build/Release/PingMonitor.build/Objects-normal/arm64/PingMonitor.SwiftFileList -enable-experimental-feature DebugDescriptionMacro -sdk /Applications/Xcode.app/Contents/Developer/Platforms/MacOSX.platform/Developer/SDKs/MacOSX26.2.sdk -target arm64-apple-macos14.0 -g -module-cache-path /Users/framed/Library/Developer/Xcode/DerivedData/ModuleCache.noindex -Xfrontend -serialize-debugging-options -swift-version 6 -I /Users/framed/Library/Developer/Xcode/DerivedData/PingMonitor-bgxrolxkzgyngsgqoednnipwuyhv/Build/Products/Release -F /Users/framed/Library/Developer/Xcode/DerivedData/PingMonitor-bgxrolxkzgyngsgqoednnipwuyhv/Build/Products/Release -c -num-threads 14 -Xcc -ivfsstatcache -Xcc /Users/framed/Library/Developer/Xcode/DerivedData/SDKStatCaches.noindex/macosx26.2-25C58-00fa09913b459cbbc988d1f6730289ae.sdkstatcache -output-file-map /Users/framed/Library/Developer/Xcode/DerivedData/PingMonitor-bgxrolxkzgyngsgqoednnipwuyhv/Build/Intermediates.noindex/PingMonitor.build/Release/PingMonitor.build/Objects-normal/arm64/PingMonitor-OutputFileMap.json -use-frontend-parseable-output -save-temps -no-color-diagnostics -explicit-module-build -module-cache-path /Users/framed/Library/Developer/Xcode/DerivedData/PingMonitor-bgxrolxkzgyngsgqoednnipwuyhv/Build/Intermediates.noindex/SwiftExplicitPrecompiledModules -clang-scanner-module-cache-path /Users/framed/Library/Developer/Xcode/DerivedData/ModuleCache.noindex -sdk-module-cache-path /Users/framed/Library/Developer/Xcode/DerivedData/ModuleCache.noindex -serialize-diagnostics -emit-dependencies -emit-module -emit-module-path /Users/framed/Library/Developer/Xcode/DerivedData/PingMonitor-bgxrolxkzgyngsgqoednnipwuyhv/Build/Intermediates.noindex/PingMonitor.build/Release/PingMonitor.build/Objects-normal/arm64/PingMonitor.swiftmodule -validate-clang-modules-once -clang-build-session-file /Users/framed/Library/Developer/Xcode/DerivedData/ModuleCache.noindex/Session.modulevalidation -Xcc -I/Users/framed/Library/Developer/Xcode/DerivedData/PingMonitor-bgxrolxkzgyngsgqoednnipwuyhv/Build/Intermediates.noindex/PingMonitor.build/Release/PingMonitor.build/swift-overrides.hmap -emit-const-values -Xfrontend -const-gather-protocols-file -Xfrontend /Users/framed/Library/Developer/Xcode/DerivedData/PingMonitor-bgxrolxkzgyngsgqoednnipwuyhv/Build/Intermediates.noindex/PingMonitor.build/Release/PingMonitor.build/Objects-normal/arm64/PingMonitor_const_extract_protocols.json -Xcc -iquote -Xcc /Users/framed/Library/Developer/Xcode/DerivedData/PingMonitor-bgxrolxkzgyngsgqoednnipwuyhv/Build/Intermediates.noindex/PingMonitor.build/Release/PingMonitor.build/PingMonitor-generated-files.hmap -Xcc -I/Users/framed/Library/Developer/Xcode/DerivedData/PingMonitor-bgxrolxkzgyngsgqoednnipwuyhv/Build/Intermediates.noindex/PingMonitor.build/Release/PingMonitor.build/PingMonitor-own-target-headers.hmap -Xcc -I/Users/framed/Library/Developer/Xcode/DerivedData/PingMonitor-bgxrolxkzgyngsgqoednnipwuyhv/Build/Intermediates.noindex/PingMonitor.build/Release/PingMonitor.build/PingMonitor-all-target-headers.hmap -Xcc -iquote -Xcc /Users/framed/Library/Developer/Xcode/DerivedData/PingMonitor-bgxrolxkzgyngsgqoednnipwuyhv/Build/Intermediates.noindex/PingMonitor.build/Release/PingMonitor.build/PingMonitor-project-headers.hmap -Xcc -I/Users/framed/Library/Developer/Xcode/DerivedData/PingMonitor-bgxrolxkzgyngsgqoednnipwuyhv/Build/Products/Release/include -Xcc -I/Users/framed/Library/Developer/Xcode/DerivedData/PingMonitor-bgxrolxkzgyngsgqoednnipwuyhv/Build/Intermediates.noindex/PingMonitor.build/Release/PingMonitor.build/DerivedSources-normal/arm64 -Xcc -I/Users/framed/Library/Developer/Xcode/DerivedData/PingMonitor-bgxrolxkzgyngsgqoednnipwuyhv/Build/Intermediates.noindex/PingMonitor.build/Release/PingMonitor.build/DerivedSources/arm64 -Xcc -I/Users/framed/Library/Developer/Xcode/DerivedData/PingMonitor-bgxrolxkzgyngsgqoednnipwuyhv/Build/Intermediates.noindex/PingMonitor.build/Release/PingMonitor.build/DerivedSources -emit-objc-header -emit-objc-header-path /Users/framed/Library/Developer/Xcode/DerivedData/PingMonitor-bgxrolxkzgyngsgqoednnipwuyhv/Build/Intermediates.noindex/PingMonitor.build/Release/PingMonitor.build/Objects-normal/arm64/PingMonitor-Swift.h -working-directory /Users/framed/Documents/PingMonitor -no-emit-module-separately-wmo

ExtractAppIntentsMetadata (in target 'PingMonitorWidget' from project 'PingMonitor')
    cd /Users/framed/Documents/PingMonitor
    /Applications/Xcode.app/Contents/Developer/Toolchains/XcodeDefault.xctoolchain/usr/bin/appintentsmetadataprocessor --toolchain-dir /Applications/Xcode.app/Contents/Developer/Toolchains/XcodeDefault.xctoolchain --module-name PingMonitorWidget --sdk-root /Applications/Xcode.app/Contents/Developer/Platforms/MacOSX.platform/Developer/SDKs/MacOSX26.2.sdk --xcode-version 17C529 --platform-family macOS --deployment-target 14.0 --bundle-identifier com.pingmonitor.app.widget --output /Users/framed/Library/Developer/Xcode/DerivedData/PingMonitor-bgxrolxkzgyngsgqoednnipwuyhv/Build/Products/Release/PingMonitorWidget.appex/Contents/Resources --target-triple arm64-apple-macos14.0 --binary-file /Users/framed/Library/Developer/Xcode/DerivedData/PingMonitor-bgxrolxkzgyngsgqoednnipwuyhv/Build/Products/Release/PingMonitorWidget.appex/Contents/MacOS/PingMonitorWidget --dependency-file /Users/framed/Library/Developer/Xcode/DerivedData/PingMonitor-bgxrolxkzgyngsgqoednnipwuyhv/Build/Intermediates.noindex/PingMonitor.build/Release/PingMonitorWidget.build/Objects-normal/arm64/PingMonitorWidget_dependency_info.dat --stringsdata-file /Users/framed/Library/Developer/Xcode/DerivedData/PingMonitor-bgxrolxkzgyngsgqoednnipwuyhv/Build/Intermediates.noindex/PingMonitor.build/Release/PingMonitorWidget.build/Objects-normal/arm64/ExtractedAppShortcutsMetadata.stringsdata --source-file-list /Users/framed/Library/Developer/Xcode/DerivedData/PingMonitor-bgxrolxkzgyngsgqoednnipwuyhv/Build/Intermediates.noindex/PingMonitor.build/Release/PingMonitorWidget.build/Objects-normal/arm64/PingMonitorWidget.SwiftFileList --metadata-file-list /Users/framed/Library/Developer/Xcode/DerivedData/PingMonitor-bgxrolxkzgyngsgqoednnipwuyhv/Build/Intermediates.noindex/PingMonitor.build/Release/PingMonitorWidget.build/PingMonitorWidget.DependencyMetadataFileList --static-metadata-file-list /Users/framed/Library/Developer/Xcode/DerivedData/PingMonitor-bgxrolxkzgyngsgqoednnipwuyhv/Build/Intermediates.noindex/PingMonitor.build/Release/PingMonitorWidget.build/PingMonitorWidget.DependencyStaticMetadataFileList --swift-const-vals-list /Users/framed/Library/Developer/Xcode/DerivedData/PingMonitor-bgxrolxkzgyngsgqoednnipwuyhv/Build/Intermediates.noindex/PingMonitor.build/Release/PingMonitorWidget.build/Objects-normal/arm64/PingMonitorWidget.SwiftConstValuesFileList --compile-time-extraction --deployment-aware-processing --validate-assistant-intents --no-app-shortcuts-localization
2026-03-03 08:43:57.526 appintentsmetadataprocessor[35817:1295656] Starting appintentsmetadataprocessor export
2026-03-03 08:43:57.596 appintentsmetadataprocessor[35817:1295656] Extracted no relevant App Intents symbols, skipping writing output

GenerateDSYMFile /Users/framed/Library/Developer/Xcode/DerivedData/PingMonitor-bgxrolxkzgyngsgqoednnipwuyhv/Build/Products/Release/PingMonitorWidget.appex.dSYM /Users/framed/Library/Developer/Xcode/DerivedData/PingMonitor-bgxrolxkzgyngsgqoednnipwuyhv/Build/Products/Release/PingMonitorWidget.appex/Contents/MacOS/PingMonitorWidget (in target 'PingMonitorWidget' from project 'PingMonitor')
    cd /Users/framed/Documents/PingMonitor
    /Applications/Xcode.app/Contents/Developer/Toolchains/XcodeDefault.xctoolchain/usr/bin/dsymutil /Users/framed/Library/Developer/Xcode/DerivedData/PingMonitor-bgxrolxkzgyngsgqoednnipwuyhv/Build/Products/Release/PingMonitorWidget.appex/Contents/MacOS/PingMonitorWidget -o /Users/framed/Library/Developer/Xcode/DerivedData/PingMonitor-bgxrolxkzgyngsgqoednnipwuyhv/Build/Products/Release/PingMonitorWidget.appex.dSYM

LinkAssetCatalog /Users/framed/Documents/PingMonitor/PingMonitor/Assets.xcassets (in target 'PingMonitor' from project 'PingMonitor')
    cd /Users/framed/Documents/PingMonitor
    builtin-linkAssetCatalog --thinned /Users/framed/Library/Developer/Xcode/DerivedData/PingMonitor-bgxrolxkzgyngsgqoednnipwuyhv/Build/Intermediates.noindex/PingMonitor.build/Release/PingMonitor.build/assetcatalog_output/thinned --thinned-dependencies /Users/framed/Library/Developer/Xcode/DerivedData/PingMonitor-bgxrolxkzgyngsgqoednnipwuyhv/Build/Intermediates.noindex/PingMonitor.build/Release/PingMonitor.build/assetcatalog_dependencies_thinned --thinned-info-plist-content /Users/framed/Library/Developer/Xcode/DerivedData/PingMonitor-bgxrolxkzgyngsgqoednnipwuyhv/Build/Intermediates.noindex/PingMonitor.build/Release/PingMonitor.build/assetcatalog_generated_info.plist_thinned --unthinned /Users/framed/Library/Developer/Xcode/DerivedData/PingMonitor-bgxrolxkzgyngsgqoednnipwuyhv/Build/Intermediates.noindex/PingMonitor.build/Release/PingMonitor.build/assetcatalog_output/unthinned --unthinned-dependencies /Users/framed/Library/Developer/Xcode/DerivedData/PingMonitor-bgxrolxkzgyngsgqoednnipwuyhv/Build/Intermediates.noindex/PingMonitor.build/Release/PingMonitor.build/assetcatalog_dependencies_unthinned --unthinned-info-plist-content /Users/framed/Library/Developer/Xcode/DerivedData/PingMonitor-bgxrolxkzgyngsgqoednnipwuyhv/Build/Intermediates.noindex/PingMonitor.build/Release/PingMonitor.build/assetcatalog_generated_info.plist_unthinned --output /Users/framed/Library/Developer/Xcode/DerivedData/PingMonitor-bgxrolxkzgyngsgqoednnipwuyhv/Build/Products/Release/PingMonitor.app/Contents/Resources --plist-output /Users/framed/Library/Developer/Xcode/DerivedData/PingMonitor-bgxrolxkzgyngsgqoednnipwuyhv/Build/Intermediates.noindex/PingMonitor.build/Release/PingMonitor.build/assetcatalog_generated_info.plist
note: Emplaced /Users/framed/Library/Developer/Xcode/DerivedData/PingMonitor-bgxrolxkzgyngsgqoednnipwuyhv/Build/Products/Release/PingMonitor.app/Contents/Resources/AppIcon.icns (in target 'PingMonitor' from project 'PingMonitor')
note: Emplaced /Users/framed/Library/Developer/Xcode/DerivedData/PingMonitor-bgxrolxkzgyngsgqoednnipwuyhv/Build/Products/Release/PingMonitor.app/Contents/Resources/Assets.car (in target 'PingMonitor' from project 'PingMonitor')

CodeSign /Users/framed/Library/Developer/Xcode/DerivedData/PingMonitor-bgxrolxkzgyngsgqoednnipwuyhv/Build/Products/Release/PingMonitorWidget.appex (in target 'PingMonitorWidget' from project 'PingMonitor')
    cd /Users/framed/Documents/PingMonitor
    
    Signing Identity:     "Sign to Run Locally"
    
    /usr/bin/codesign --force --sign - --entitlements /Users/framed/Library/Developer/Xcode/DerivedData/PingMonitor-bgxrolxkzgyngsgqoednnipwuyhv/Build/Intermediates.noindex/PingMonitor.build/Release/PingMonitorWidget.build/PingMonitorWidget.appex.xcent --timestamp\=none --generate-entitlement-der /Users/framed/Library/Developer/Xcode/DerivedData/PingMonitor-bgxrolxkzgyngsgqoednnipwuyhv/Build/Products/Release/PingMonitorWidget.appex

RegisterExecutionPolicyException /Users/framed/Library/Developer/Xcode/DerivedData/PingMonitor-bgxrolxkzgyngsgqoednnipwuyhv/Build/Products/Release/PingMonitorWidget.appex (in target 'PingMonitorWidget' from project 'PingMonitor')
    cd /Users/framed/Documents/PingMonitor
    builtin-RegisterExecutionPolicyException /Users/framed/Library/Developer/Xcode/DerivedData/PingMonitor-bgxrolxkzgyngsgqoednnipwuyhv/Build/Products/Release/PingMonitorWidget.appex

Touch /Users/framed/Library/Developer/Xcode/DerivedData/PingMonitor-bgxrolxkzgyngsgqoednnipwuyhv/Build/Products/Release/PingMonitorWidget.appex (in target 'PingMonitorWidget' from project 'PingMonitor')
    cd /Users/framed/Documents/PingMonitor
    /usr/bin/touch -c /Users/framed/Library/Developer/Xcode/DerivedData/PingMonitor-bgxrolxkzgyngsgqoednnipwuyhv/Build/Products/Release/PingMonitorWidget.appex

CpResource /Users/framed/Library/Developer/Xcode/DerivedData/PingMonitor-bgxrolxkzgyngsgqoednnipwuyhv/Build/Products/Release/PingMonitor.app/Contents/Resources/AppIcon.icns /Users/framed/Documents/PingMonitor/PingMonitor/AppIcon.icns (in target 'PingMonitor' from project 'PingMonitor')
    cd /Users/framed/Documents/PingMonitor
    builtin-copy -exclude .DS_Store -exclude CVS -exclude .svn -exclude .git -exclude .hg -resolve-src-symlinks /Users/framed/Documents/PingMonitor/PingMonitor/AppIcon.icns /Users/framed/Library/Developer/Xcode/DerivedData/PingMonitor-bgxrolxkzgyngsgqoednnipwuyhv/Build/Products/Release/PingMonitor.app/Contents/Resources

** BUILD FAILED **


The following build commands failed:
	CompileSwift normal arm64 (in target 'PingMonitor' from project 'PingMonitor')
	SwiftCompile normal arm64 Compiling\ Components.swift,\ DashboardView.swift,\ EditableHostCard.swift,\ HostDetailView.swift,\ Localization.swift,\ MainView.swift,\ NetworkSpeedManager.swift,\ NetworkSpeedTab.swift,\ PingMonitorApp.swift,\ ServicesTab.swift,\ SidebarView.swift,\ TailscaleManager.swift,\ TailscaleTab.swift,\ Theme.swift,\ TracerouteManager.swift,\ TracerouteView.swift,\ WidgetDataManager.swift,\ GeneratedAssetSymbols.swift /Users/framed/Documents/PingMonitor/PingMonitor/Components.swift /Users/framed/Documents/PingMonitor/PingMonitor/DashboardView.swift /Users/framed/Documents/PingMonitor/PingMonitor/EditableHostCard.swift /Users/framed/Documents/PingMonitor/PingMonitor/HostDetailView.swift /Users/framed/Documents/PingMonitor/PingMonitor/Localization.swift /Users/framed/Documents/PingMonitor/PingMonitor/MainView.swift /Users/framed/Documents/PingMonitor/PingMonitor/NetworkSpeedManager.swift /Users/framed/Documents/PingMonitor/PingMonitor/NetworkSpeedTab.swift /Users/framed/Documents/PingMonitor/PingMonitor/PingMonitorApp.swift /Users/framed/Documents/PingMonitor/PingMonitor/ServicesTab.swift /Users/framed/Documents/PingMonitor/PingMonitor/SidebarView.swift /Users/framed/Documents/PingMonitor/PingMonitor/TailscaleManager.swift /Users/framed/Documents/PingMonitor/PingMonitor/TailscaleTab.swift /Users/framed/Documents/PingMonitor/PingMonitor/Theme.swift /Users/framed/Documents/PingMonitor/PingMonitor/TracerouteManager.swift /Users/framed/Documents/PingMonitor/PingMonitor/TracerouteView.swift /Users/framed/Documents/PingMonitor/PingMonitor/WidgetDataManager.swift /Users/framed/Library/Developer/Xcode/DerivedData/PingMonitor-bgxrolxkzgyngsgqoednnipwuyhv/Build/Intermediates.noindex/PingMonitor.build/Release/PingMonitor.build/DerivedSources/GeneratedAssetSymbols.swift /Applications/Xcode.app/Contents/Developer/Toolchains/XcodeDefault.xctoolchain/usr/lib/swift/macosx/prebuilt-modules/26.2/GeoToolbox.swiftmodule/arm64e-apple-macos.swiftmodule /Applications/Xcode.app/Contents/Developer/Toolchains/XcodeDefault.xctoolchain/usr/lib/swift/macosx/prebuilt-modules/26.2/CoreLocation.swiftmodule/arm64e-apple-macos.swiftmodule /Applications/Xcode.app/Contents/Developer/Toolchains/XcodeDefault.xctoolchain/usr/lib/swift/macosx/prebuilt-modules/26.2/Accessibility.swiftmodule/arm64e-apple-macos.swiftmodule /Applications/Xcode.app/Contents/Developer/Toolchains/XcodeDefault.xctoolchain/usr/lib/swift/macosx/prebuilt-modules/26.2/Distributed.swiftmodule/arm64e-apple-macos.swiftmodule /Applications/Xcode.app/Contents/Developer/Toolchains/XcodeDefault.xctoolchain/usr/lib/swift/macosx/prebuilt-modules/26.2/AppIntents.swiftmodule/arm64e-apple-macos.swiftmodule /Applications/Xcode.app/Contents/Developer/Toolchains/XcodeDefault.xctoolchain/usr/lib/swift/macosx/prebuilt-modules/26.2/CoreImage.swiftmodule/arm64e-apple-macos.swiftmodule /Applications/Xcode.app/Contents/Developer/Toolchains/XcodeDefault.xctoolchain/usr/lib/swift/macosx/prebuilt-modules/26.2/_Concurrency.swiftmodule/arm64e-apple-macos.swiftmodule /Applications/Xcode.app/Contents/Developer/Toolchains/XcodeDefault.xctoolchain/usr/lib/swift/macosx/prebuilt-modules/26.2/WidgetKit.swiftmodule/arm64e-apple-macos.swiftmodule /Applications/Xcode.app/Contents/Developer/Toolchains/XcodeDefault.xctoolchain/usr/lib/swift/macosx/prebuilt-modules/26.2/CoreFoundation.swiftmodule/arm64e-apple-macos.swiftmodule /Applications/Xcode.app/Contents/Developer/Toolchains/XcodeDefault.xctoolchain/usr/lib/swift/macosx/prebuilt-modules/26.2/XPC.swiftmodule/arm64e-apple-macos.swiftmodule /Applications/Xcode.app/Contents/Developer/Toolchains/XcodeDefault.xctoolchain/usr/lib/swift/macosx/prebuilt-modules/26.2/_Builtin_float.swiftmodule/arm64e-apple-macos.swiftmodule /Applications/Xcode.app/Contents/Developer/Toolchains/XcodeDefault.xctoolchain/usr/lib/swift/macosx/prebuilt-modules/26.2/simd.swiftmodule/arm64e-apple-macos.swiftmodule /Applications/Xcode.app/Contents/Developer/Toolchains/XcodeDefault.xctoolchain/usr/lib/swift/macosx/prebuilt-modules/26.2/_MapKit_SwiftUI.swiftmodule/arm64e-apple-macos.swiftmodule /Applications/Xcode.app/Contents/Developer/Toolchains/XcodeDefault.xctoolchain/usr/lib/swift/macosx/prebuilt-modules/26.2/RelevanceKit.swiftmodule/arm64e-apple-macos.swiftmodule /Applications/Xcode.app/Contents/Developer/Toolchains/XcodeDefault.xctoolchain/usr/lib/swift/macosx/prebuilt-modules/26.2/CoreText.swiftmodule/arm64e-apple-macos.swiftmodule /Applications/Xcode.app/Contents/Developer/Toolchains/XcodeDefault.xctoolchain/usr/lib/swift/macosx/prebuilt-modules/26.2/Intents.swiftmodule/arm64e-apple-macos.swiftmodule /Applications/Xcode.app/Contents/Developer/Toolchains/XcodeDefault.xctoolchain/usr/lib/swift/macosx/prebuilt-modules/26.2/System.swiftmodule/arm64e-apple-macos.swiftmodule /Applications/Xcode.app/Contents/Developer/Toolchains/XcodeDefault.xctoolchain/usr/lib/swift/macosx/prebuilt-modules/26.2/Darwin.swiftmodule/arm64e-apple-macos.swiftmodule /Applications/Xcode.app/Contents/Developer/Toolchains/XcodeDefault.xctoolchain/usr/lib/swift/macosx/prebuilt-modules/26.2/Observation.swiftmodule/arm64e-apple-macos.swiftmodule /Applications/Xcode.app/Contents/Developer/Toolchains/XcodeDefault.xctoolchain/usr/lib/swift/macosx/prebuilt-modules/26.2/IOKit.swiftmodule/arm64e-apple-macos.swiftmodule /Applications/Xcode.app/Contents/Developer/Toolchains/XcodeDefault.xctoolchain/usr/lib/swift/macosx/prebuilt-modules/26.2/CoreGraphics.swiftmodule/arm64e-apple-macos.swiftmodule /Applications/Xcode.app/Contents/Developer/Toolchains/XcodeDefault.xctoolchain/usr/lib/swift/macosx/prebuilt-modules/26.2/Charts.swiftmodule/arm64e-apple-macos.swiftmodule /Applications/Xcode.app/Contents/Developer/Toolchains/XcodeDefault.xctoolchain/usr/lib/swift/macosx/prebuilt-modules/26.2/_DarwinFoundation3.swiftmodule/arm64e-apple-macos.swiftmodule /Applications/Xcode.app/Contents/Developer/Toolchains/XcodeDefault.xctoolchain/usr/lib/swift/macosx/prebuilt-modules/26.2/Dispatch.swiftmodule/arm64e-apple-macos.swiftmodule /Applications/Xcode.app/Contents/Developer/Toolchains/XcodeDefault.xctoolchain/usr/lib/swift/macosx/prebuilt-modules/26.2/Foundation.swiftmodule/arm64e-apple-macos.swiftmodule /Applications/Xcode.app/Contents/Developer/Toolchains/XcodeDefault.xctoolchain/usr/lib/swift/macosx/prebuilt-modules/26.2/Metal.swiftmodule/arm64e-apple-macos.swiftmodule /Applications/Xcode.app/Contents/Developer/Toolchains/XcodeDefault.xctoolchain/usr/lib/swift/macosx/prebuilt-modules/26.2/ActivityKit.swiftmodule/arm64e-apple-macos.swiftmodule /Applications/Xcode.app/Contents/Developer/Toolchains/XcodeDefault.xctoolchain/usr/lib/swift/macosx/prebuilt-modules/26.2/UniformTypeIdentifiers.swiftmodule/arm64e-apple-macos.swiftmodule /Applications/Xcode.app/Contents/Developer/Toolchains/XcodeDefault.xctoolchain/usr/lib/swift/macosx/prebuilt-modules/26.2/_AppIntents_SwiftUI.swiftmodule/arm64e-apple-macos.swiftmodule /Applications/Xcode.app/Contents/Developer/Toolchains/XcodeDefault.xctoolchain/usr/lib/swift/macosx/prebuilt-modules/26.2/CoreData.swiftmodule/arm64e-apple-macos.swiftmodule /Applications/Xcode.app/Contents/Developer/Toolchains/XcodeDefault.xctoolchain/usr/lib/swift/macosx/prebuilt-modules/26.2/ObjectiveC.swiftmodule/arm64e-apple-macos.swiftmodule /Applications/Xcode.app/Contents/Developer/Toolchains/XcodeDefault.xctoolchain/usr/lib/swift/macosx/prebuilt-modules/26.2/CoreVideo.swiftmodule/arm64e-apple-macos.swiftmodule /Applications/Xcode.app/Contents/Developer/Toolchains/XcodeDefault.xctoolchain/usr/lib/swift/macosx/prebuilt-modules/26.2/SwiftUI.swiftmodule/arm64e-apple-macos.swiftmodule /Applications/Xcode.app/Contents/Developer/Toolchains/XcodeDefault.xctoolchain/usr/lib/swift/macosx/prebuilt-modules/26.2/Swift.swiftmodule/arm64e-apple-macos.swiftmodule /Applications/Xcode.app/Contents/Developer/Toolchains/XcodeDefault.xctoolchain/usr/lib/swift/macosx/prebuilt-modules/26.2/CoreSpotlight.swiftmodule/arm64e-apple-macos.swiftmodule /Applications/Xcode.app/Contents/Developer/Toolchains/XcodeDefault.xctoolchain/usr/lib/swift/macosx/prebuilt-modules/26.2/os.swiftmodule/arm64e-apple-macos.swiftmodule /Applications/Xcode.app/Contents/Developer/Toolchains/XcodeDefault.xctoolchain/usr/lib/swift/macosx/prebuilt-modules/26.2/_DarwinFoundation2.swiftmodule/arm64e-apple-macos.swiftmodule /Applications/Xcode.app/Contents/Developer/Toolchains/XcodeDefault.xctoolchain/usr/lib/swift/macosx/prebuilt-modules/26.2/_StringProcessing.swiftmodule/arm64e-apple-macos.swiftmodule /Applications/Xcode.app/Contents/Developer/Toolchains/XcodeDefault.xctoolchain/usr/lib/swift/macosx/prebuilt-modules/26.2/DeveloperToolsSupport.swiftmodule/arm64e-apple-macos.swiftmodule /Applications/Xcode.app/Contents/Developer/Toolchains/XcodeDefault.xctoolchain/usr/lib/swift/macosx/prebuilt-modules/26.2/Combine.swiftmodule/arm64e-apple-macos.swiftmodule /Applications/Xcode.app/Contents/Developer/Toolchains/XcodeDefault.xctoolchain/usr/lib/swift/macosx/prebuilt-modules/26.2/SwiftUICore.swiftmodule/arm64e-apple-macos.swiftmodule /Applications/Xcode.app/Contents/Developer/Toolchains/XcodeDefault.xctoolchain/usr/lib/swift/macosx/prebuilt-modules/26.2/CoreTransferable.swiftmodule/arm64e-apple-macos.swiftmodule /Applications/Xcode.app/Contents/Developer/Toolchains/XcodeDefault.xctoolchain/usr/lib/swift/macosx/prebuilt-modules/26.2/Spatial.swiftmodule/arm64e-apple-macos.swiftmodule /Applications/Xcode.app/Contents/Developer/Toolchains/XcodeDefault.xctoolchain/usr/lib/swift/macosx/prebuilt-modules/26.2/_DarwinFoundation1.swiftmodule/arm64e-apple-macos.swiftmodule /Applications/Xcode.app/Contents/Developer/Toolchains/XcodeDefault.xctoolchain/usr/lib/swift/macosx/prebuilt-modules/26.2/ExtensionFoundation.swiftmodule/arm64e-apple-macos.swiftmodule /Applications/Xcode.app/Contents/Developer/Toolchains/XcodeDefault.xctoolchain/usr/lib/swift/macosx/prebuilt-modules/26.2/MapKit.swiftmodule/arm64e-apple-macos.swiftmodule /Applications/Xcode.app/Contents/Developer/Toolchains/XcodeDefault.xctoolchain/usr/lib/swift/macosx/prebuilt-modules/26.2/DataDetection.swiftmodule/arm64e-apple-macos.swiftmodule /Applications/Xcode.app/Contents/Developer/Toolchains/XcodeDefault.xctoolchain/usr/lib/swift/macosx/prebuilt-modules/26.2/OSLog.swiftmodule/arm64e-apple-macos.swiftmodule /Applications/Xcode.app/Contents/Developer/Toolchains/XcodeDefault.xctoolchain/usr/lib/swift/macosx/prebuilt-modules/26.2/QuartzCore.swiftmodule/arm64e-apple-macos.swiftmodule /Applications/Xcode.app/Contents/Developer/Toolchains/XcodeDefault.xctoolchain/usr/lib/swift/macosx/prebuilt-modules/26.2/Symbols.swiftmodule/arm64e-apple-macos.swiftmodule /Applications/Xcode.app/Contents/Developer/Toolchains/XcodeDefault.xctoolchain/usr/lib/swift/macosx/prebuilt-modules/26.2/Network.swiftmodule/arm64e-apple-macos.swiftmodule /Applications/Xcode.app/Contents/Developer/Toolchains/XcodeDefault.xctoolchain/usr/lib/swift/macosx/prebuilt-modules/26.2/AppKit.swiftmodule/arm64e-apple-macos.swiftmodule /Users/framed/Library/Developer/Xcode/DerivedData/ModuleCache.noindex/MapKit-2QAG0KJ4ZRINV5R1AK4T4R7V8.pcm /Users/framed/Library/Developer/Xcode/DerivedData/ModuleCache.noindex/ExtensionFoundation-7W8MMMJV8LSIFLPF9BEM6SF6I.pcm /Users/framed/Library/Developer/Xcode/DerivedData/ModuleCache.noindex/_DarwinFoundation2-9WQ6TYDRDNVMC13WWJECHJ9OK.pcm /Users/framed/Library/Developer/Xcode/DerivedData/ModuleCache.noindex/sys_types-DK9BBA03543A9CWBBYZLPLHT2.pcm /Users/framed/Library/Developer/Xcode/DerivedData/ModuleCache.noindex/Darwin-AFH6MPLCG48GNQNKEFGI2W8I8.pcm /Users/framed/Library/Developer/Xcode/DerivedData/ModuleCache.noindex/MachO-CUJZPBTIQOEUUPJHXKQ0QLBTG.pcm /Users/framed/Library/Developer/Xcode/DerivedData/ModuleCache.noindex/WidgetKit-15A60QIEWIGIT8TANMPBFLG57.pcm /Users/framed/Library/Developer/Xcode/DerivedData/ModuleCache.noindex/OpenGL-7NEUU3AH401MB2CGU6T15AR32.pcm /Users/framed/Library/Developer/Xcode/DerivedData/ModuleCache.noindex/Foundation-8C868EXOHK2S6CBJ223XY1Y9A.pcm /Users/framed/Library/Developer/Xcode/DerivedData/ModuleCache.noindex/OSLog-AE604BK92SQ43FQL7DYHY64OM.pcm /Users/framed/Library/Developer/Xcode/DerivedData/ModuleCache.noindex/_Builtin_limits-C1L69LCVSH321H1NPNTILRH59.pcm /Users/framed/Library/Developer/Xcode/DerivedData/ModuleCache.noindex/libkern-4N8ALIKPPGBTHYBKEQRLKSKFV.pcm /Users/framed/Library/Developer/Xcode/DerivedData/ModuleCache.noindex/RelevanceKit-54HBNC0NFOOG3TOPFWBFVJ9J0.pcm /Users/framed/Library/Developer/Xcode/DerivedData/ModuleCache.noindex/os-KC1HCC7LDWUW6OH06BWKDHRD.pcm /Users/framed/Library/Developer/Xcode/DerivedData/ModuleCache.noindex/_Builtin_stdint-822GQ7XAZWR6PS3YJTDAFL4LV.pcm /Users/framed/Library/Developer/Xcode/DerivedData/ModuleCache.noindex/_Builtin_intrinsics-50KFDTRXKMKFHF53GKCI67SEA.pcm /Users/framed/Library/Developer/Xcode/DerivedData/ModuleCache.noindex/_SwiftConcurrencyShims-674V0RWZDXAKHPDV8E2TE7BDU.pcm /Users/framed/Library/Developer/Xcode/DerivedData/ModuleCache.noindex/Metal-9DR8OVW81LUXSNLJ4N2UKSP06.pcm /Users/framed/Library/Developer/Xcode/DerivedData/ModuleCache.noindex/CoreFoundation-B7JP7CYNZ81GFTW26BRUBQ2DI.pcm /Users/framed/Library/Developer/Xcode/DerivedData/ModuleCache.noindex/_Builtin_tgmath-47EBBCNEI7RX5SRWNOUZUGTS9.pcm /Users/framed/Library/Developer/Xcode/DerivedData/ModuleCache.noindex/_Builtin_stdatomic-2H4CDPH867UDU888OS2R445MY.pcm /Users/framed/Library/Developer/Xcode/DerivedData/ModuleCache.noindex/ApplicationServices-8AQN2Z33ULHVW9SA564WGP5HQ.pcm /Users/framed/Library/Developer/Xcode/DerivedData/ModuleCache.noindex/_Builtin_stdarg-6ZFO8GIH7MKM5KZQ1QE8TABJ6.pcm /Users/framed/Library/Developer/Xcode/DerivedData/ModuleCache.noindex/IOSurface-D64BQ2K1ZE43KA4I91TWIZ6HZ.pcm /Users/framed/Library/Developer/Xcode/DerivedData/ModuleCache.noindex/Intents-9LQD3FMW5XIGNR1JRYMMHBZ4B.pcm /Users/framed/Library/Developer/Xcode/DerivedData/ModuleCache.noindex/DataDetection-B7H7YCY9Z02943N415FPQET1W.pcm /Users/framed/Library/Developer/Xcode/DerivedData/ModuleCache.noindex/_Builtin_stddef-3QIKV42UWULUOVMB150KQQ6RJ.pcm /Users/framed/Library/Developer/Xcode/DerivedData/ModuleCache.noindex/CoreImage-3I9IQE5NWFT55PSFBRTLLM8ZS.pcm /Users/framed/Library/Developer/Xcode/DerivedData/ModuleCache.noindex/_Builtin_float-9C9QLRVZQKPM2D0V53WM07SCB.pcm /Users/framed/Library/Developer/Xcode/DerivedData/ModuleCache.noindex/Spatial-83JYAQ33HMP4ZM487NWWZHIB9.pcm /Users/framed/Library/Developer/Xcode/DerivedData/ModuleCache.noindex/IOKit-49IN1DQ2MXV9IFD70TSOWQ5Z3.pcm /Users/framed/Library/Developer/Xcode/DerivedData/ModuleCache.noindex/_DarwinFoundation3-8E47KN5ATNFS5RR3Q982HKU9Z.pcm /Users/framed/Library/Developer/Xcode/DerivedData/ModuleCache.noindex/UserNotifications-1CN25MW3VFMQBGJK0ACYBHRMJ.pcm /Users/framed/Library/Developer/Xcode/DerivedData/ModuleCache.noindex/_LocationEssentials-BXY1V6I3WYUM2MUJLOC3TPN4I.pcm /Users/framed/Library/Developer/Xcode/DerivedData/ModuleCache.noindex/os_workgroup-A6F1PFZHGIKWJEY7ESIN6NKXI.pcm /Users/framed/Library/Developer/Xcode/DerivedData/ModuleCache.noindex/ImageIO-D99ULOVWKVQW5BIO68A8A1B5W.pcm /Users/framed/Library/Developer/Xcode/DerivedData/ModuleCache.noindex/CoreLocation-94NL4YUXC3ZRBATECCGVW4ANG.pcm /Users/framed/Library/Developer/Xcode/DerivedData/ModuleCache.noindex/ptrcheck-EIAXYTYMTQADMPEA1UH13R4XD.pcm /Users/framed/Library/Developer/Xcode/DerivedData/ModuleCache.noindex/_AvailabilityInternal-7QHYLVDECRIOGPUKAUO4P3QHV.pcm /Users/framed/Library/Developer/Xcode/DerivedData/ModuleCache.noindex/CoreVideo-XW8WDX32QKCFHL9V5GE3AEOV.pcm /Users/framed/Library/Developer/Xcode/DerivedData/ModuleCache.noindex/DeveloperToolsSupport-7FWGSZDZLZQ6YUCAECJXIASRV.pcm /Users/framed/Library/Developer/Xcode/DerivedData/ModuleCache.noindex/SwiftUICore-BKJMF7IW0R53ZNJ2TJYDSJZRJ.pcm /Users/framed/Library/Developer/Xcode/DerivedData/ModuleCache.noindex/SwiftUI-55V1GLWX1UJ95XEXCCQRV3MQ3.pcm /Users/framed/Library/Developer/Xcode/DerivedData/ModuleCache.noindex/CoreSpotlight-CGNY0VQELSTJRS6J1WYMGBDJZ.pcm /Users/framed/Library/Developer/Xcode/DerivedData/ModuleCache.noindex/Accessibility-836GXMK9VKTI9J1NOEXFRL7S5.pcm /Users/framed/Library/Developer/Xcode/DerivedData/ModuleCache.noindex/CoreData-AWUSZY8672TQLSH28075JIHMZ.pcm /Users/framed/Library/Developer/Xcode/DerivedData/ModuleCache.noindex/launch-5HEL51E00YORD7AGQOGQHWW6H.pcm /Users/framed/Library/Developer/Xcode/DerivedData/ModuleCache.noindex/XPC-5M7CPQ5VNTU36BAUDWNSA1GDV.pcm /Users/framed/Library/Developer/Xcode/DerivedData/ModuleCache.noindex/Network-7SSH9SH7GXK3952BKN8WVMJ52.pcm /Users/framed/Library/Developer/Xcode/DerivedData/ModuleCache.noindex/AppIntents-NI3VSN4OEZNXE2AQ2BOKLE97.pcm /Users/framed/Library/Developer/Xcode/DerivedData/ModuleCache.noindex/dnssd-CNUHXZL7YN5F26EL3HKRBX57Q.pcm /Users/framed/Library/Developer/Xcode/DerivedData/ModuleCache.noindex/ActivityKit-51HHJT7W03WG8HYL3BNJZHOA4.pcm /Users/framed/Library/Developer/Xcode/DerivedData/ModuleCache.noindex/Dispatch-1O13QWF5MPITNIALBDMIRHOHO.pcm /Users/framed/Library/Developer/Xcode/DerivedData/ModuleCache.noindex/Security-E1RPCLISLM8MLKQ4QW1MD3Y5.pcm /Users/framed/Library/Developer/Xcode/DerivedData/ModuleCache.noindex/ServiceManagement-7G0AM8FVPIMGLYP0VEETR84PE.pcm /Users/framed/Library/Developer/Xcode/DerivedData/ModuleCache.noindex/AppKit-C84XQHGULB33SE7LLLUF76N3B.pcm /Users/framed/Library/Developer/Xcode/DerivedData/ModuleCache.noindex/ColorSync-5ELNI0IB44VJRTOX5A2LDWD00.pcm /Users/framed/Library/Developer/Xcode/DerivedData/ModuleCache.noindex/simd-BF9H4T9JYJN4EH1XGU3SKEXP4.pcm /Users/framed/Library/Developer/Xcode/DerivedData/ModuleCache.noindex/CoreGraphics-BNS6N8S7WVIPURYH551N57MVK.pcm /Users/framed/Library/Developer/Xcode/DerivedData/ModuleCache.noindex/ptrauth-E8G13UOQS2G902R0ILH1FKQD.pcm /Users/framed/Library/Developer/Xcode/DerivedData/ModuleCache.noindex/_Builtin_inttypes-A7F3321KDC5EVVKRU758CXA9G.pcm /Users/framed/Library/Developer/Xcode/DerivedData/ModuleCache.noindex/DiskArbitration-2CDCXL3RO1NYZDK7DY47AFBUW.pcm /Users/framed/Library/Developer/Xcode/DerivedData/ModuleCache.noindex/_DarwinFoundation1-DFUFZG7LGZDMVG8QTHNI06NKR.pcm /Users/framed/Library/Developer/Xcode/DerivedData/ModuleCache.noindex/CoreText-6ZQ7VV6U5R13CCG5YPKGWBNHC.pcm /Users/framed/Library/Developer/Xcode/DerivedData/ModuleCache.noindex/QuartzCore-A3NPFVPWDR5G82YFWXGTP8YX6.pcm /Users/framed/Library/Developer/Xcode/DerivedData/ModuleCache.noindex/CoreServices-BLO2C2IEJVKJOU5JNSDERPAJ6.pcm /Users/framed/Library/Developer/Xcode/DerivedData/ModuleCache.noindex/CFNetwork-2MQATJZ11MVH4QE5W4Y5DDIN0.pcm /Users/framed/Library/Developer/Xcode/DerivedData/ModuleCache.noindex/CoreTransferable-4GKAOVCRWS1VBVN722AJDUUFL.pcm /Users/framed/Library/Developer/Xcode/DerivedData/ModuleCache.noindex/os_object-8STZT3LZ9VYBITWQ4XW8WJ3YP.pcm /Users/framed/Library/Developer/Xcode/DerivedData/ModuleCache.noindex/Symbols-CIVERP4DSQNSZ0G0XFFIIVKW5.pcm /Users/framed/Library/Developer/Xcode/DerivedData/ModuleCache.noindex/UniformTypeIdentifiers-9OFRVBU2IV16NFT7S5VYVHHOG.pcm /Users/framed/Library/Developer/Xcode/DerivedData/ModuleCache.noindex/libDER-APBDUA369FXIYN2P4XZM59KQK.pcm /Users/framed/Library/Developer/Xcode/DerivedData/ModuleCache.noindex/ObjectiveC-1DOMW0AW9728IS0KBFZ0LE8WJ.pcm /Users/framed/Library/Developer/Xcode/DerivedData/ModuleCache.noindex/CUPS-DFKQVRD0746JC6NR7F7ZCVPRL.pcm /Users/framed/Library/Developer/Xcode/DerivedData/ModuleCache.noindex/_Builtin_stdbool-2POHL7KL27Z3JCUJ20IUULAIJ.pcm /Users/framed/Library/Developer/Xcode/DerivedData/ModuleCache.noindex/SwiftShims-46CITSGR7QBGEB1AC6WGM1HYW.pcm /Users/framed/Library/Developer/Xcode/DerivedData/PingMonitor-bgxrolxkzgyngsgqoednnipwuyhv/Build/Intermediates.noindex/PingMonitor.build/Release/PingMonitor.build/Objects-normal/arm64/PingMonitor-dependencies-1.json (in target 'PingMonitor' from project 'PingMonitor')
	Building project PingMonitor with scheme PingMonitor and configuration Release
(3 failures)
